Script started on 2020-02-20 09:59:26-05:00 [TERM="xterm-256color" TTY="/dev/pts/1" COLUMNS="85" LINES="52"]
bash: /home/umrigar/cs240/bin/student.rc: Permission denied
rgeary1@g7-35:~/i240a$ T[Kcd ..
rgeary1@g7-35:~$ cd cs240
rgeary1@g7-35:~/cs240$ git pull
Warning: Permanently added the ECDSA host key for IP address '128.226.114.203' to the list of known hosts.
/home/rgeary1/.bashrc: line 1: /home/umrigar/cs240/bin/student.rc: Permission denied
remote: Enumerating objects: 238, done.[K
remote: Counting objects:   0% (1/238)   [Kremote: Counting objects:   1% (3/238)   [Kremote: Counting objects:   2% (5/238)   [Kremote: Counting objects:   3% (8/238)   [Kremote: Counting objects:   4% (10/238)   [Kremote: Counting objects:   5% (12/238)   [Kremote: Counting objects:   6% (15/238)   [Kremote: Counting objects:   7% (17/238)   [Kremote: Counting objects:   8% (20/238)   [Kremote: Counting objects:   9% (22/238)   [Kremote: Counting objects:  10% (24/238)   [Kremote: Counting objects:  11% (27/238)   [Kremote: Counting objects:  12% (29/238)   [Kremote: Counting objects:  13% (31/238)   [Kremote: Counting objects:  14% (34/238)   [Kremote: Counting objects:  15% (36/238)   [Kremote: Counting objects:  16% (39/238)   [Kremote: Counting objects:  17% (41/238)   [Kremote: Counting objects:  18% (43/238)   [Kremote: Counting objects:  19% (46/238)   [Kremote: Counting objects:  20% (48/238)   [Kremote: Counting objects:  21% (50/238)   [Kremote: Counting objects:  22% (53/238)   [Kremote: Counting objects:  23% (55/238)   [Kremote: Counting objects:  24% (58/238)   [Kremote: Counting objects:  25% (60/238)   [Kremote: Counting objects:  26% (62/238)   [Kremote: Counting objects:  27% (65/238)   [Kremote: Counting objects:  28% (67/238)   [Kremote: Counting objects:  29% (70/238)   [Kremote: Counting objects:  30% (72/238)   [Kremote: Counting objects:  31% (74/238)   [Kremote: Counting objects:  32% (77/238)   [Kremote: Counting objects:  33% (79/238)   [Kremote: Counting objects:  34% (81/238)   [Kremote: Counting objects:  35% (84/238)   [Kremote: Counting objects:  36% (86/238)   [Kremote: Counting objects:  37% (89/238)   [Kremote: Counting objects:  38% (91/238)   [Kremote: Counting objects:  39% (93/238)   [Kremote: Counting objects:  40% (96/238)   [Kremote: Counting objects:  41% (98/238)   [Kremote: Counting objects:  42% (100/238)   [Kremote: Counting objects:  43% (103/238)   [Kremote: Counting objects:  44% (105/238)   [Kremote: Counting objects:  45% (108/238)   [Kremote: Counting objects:  46% (110/238)   [Kremote: Counting objects:  47% (112/238)   [Kremote: Counting objects:  48% (115/238)   [Kremote: Counting objects:  49% (117/238)   [Kremote: Counting objects:  50% (119/238)   [Kremote: Counting objects:  51% (122/238)   [Kremote: Counting objects:  52% (124/238)   [Kremote: Counting objects:  53% (127/238)   [Kremote: Counting objects:  54% (129/238)   [Kremote: Counting objects:  55% (131/238)   [Kremote: Counting objects:  56% (134/238)   [Kremote: Counting objects:  57% (136/238)   [Kremote: Counting objects:  58% (139/238)   [Kremote: Counting objects:  59% (141/238)   [Kremote: Counting objects:  60% (143/238)   [Kremote: Counting objects:  61% (146/238)   [Kremote: Counting objects:  62% (148/238)   [Kremote: Counting objects:  63% (150/238)   [Kremote: Counting objects:  64% (153/238)   [Kremote: Counting objects:  65% (155/238)   [Kremote: Counting objects:  66% (158/238)   [Kremote: Counting objects:  67% (160/238)   [Kremote: Counting objects:  68% (162/238)   [Kremote: Counting objects:  69% (165/238)   [Kremote: Counting objects:  70% (167/238)   [Kremote: Counting objects:  71% (169/238)   [Kremote: Counting objects:  72% (172/238)   [Kremote: Counting objects:  73% (174/238)   [Kremote: Counting objects:  74% (177/238)   [Kremote: Counting objects:  75% (179/238)   [Kremote: Counting objects:  76% (181/238)   [Kremote: Counting objects:  77% (184/238)   [Kremote: Counting objects:  78% (186/238)   [Kremote: Counting objects:  79% (189/238)   [Kremote: Counting objects:  80% (191/238)   [Kremote: Counting objects:  81% (193/238)   [Kremote: Counting objects:  82% (196/238)   [Kremote: Counting objects:  83% (198/238)   [Kremote: Counting objects:  84% (200/238)   [Kremote: Counting objects:  85% (203/238)   [Kremote: Counting objects:  86% (205/238)   [Kremote: Counting objects:  87% (208/238)   [Kremote: Counting objects:  88% (210/238)   [Kremote: Counting objects:  89% (212/238)   [Kremote: Counting objects:  90% (215/238)   [Kremote: Counting objects:  91% (217/238)   [Kremote: Counting objects:  92% (219/238)   [Kremote: Counting objects:  93% (222/238)   [Kremote: Counting objects:  94% (224/238)   [Kremote: Counting objects:  95% (227/238)   [Kremote: Counting objects:  96% (229/238)   [Kremote: Counting objects:  97% (231/238)   [Kremote: Counting objects:  98% (234/238)   [Kremote: Counting objects:  99% (236/238)   [Kremote: Counting objects: 100% (238/238)   [Kremote: Counting objects: 100% (238/238), done.[K
remote: Compressing objects:   0% (1/194)   [Kremote: Compressing objects:   1% (2/194)   [Kremote: Compressing objects:   2% (4/194)   [Kremote: Compressing objects:   3% (6/194)   [Kremote: Compressing objects:   4% (8/194)   [Kremote: Compressing objects:   5% (10/194)   [Kremote: Compressing objects:   6% (12/194)   [Kremote: Compressing objects:   7% (14/194)   [Kremote: Compressing objects:   8% (16/194)   [Kremote: Compressing objects:   9% (18/194)   [Kremote: Compressing objects:  10% (20/194)   [Kremote: Compressing objects:  11% (22/194)   [Kremote: Compressing objects:  12% (24/194)   [Kremote: Compressing objects:  13% (26/194)   [Kremote: Compressing objects:  14% (28/194)   [Kremote: Compressing objects:  15% (30/194)   [Kremote: Compressing objects:  16% (32/194)   [Kremote: Compressing objects:  17% (33/194)   [Kremote: Compressing objects:  18% (35/194)   [Kremote: Compressing objects:  19% (37/194)   [Kremote: Compressing objects:  20% (39/194)   [Kremote: Compressing objects:  21% (41/194)   [Kremote: Compressing objects:  22% (43/194)   [Kremote: Compressing objects:  23% (45/194)   [Kremote: Compressing objects:  24% (47/194)   [Kremote: Compressing objects:  25% (49/194)   [Kremote: Compressing objects:  26% (51/194)   [Kremote: Compressing objects:  27% (53/194)   [Kremote: Compressing objects:  28% (55/194)   [Kremote: Compressing objects:  29% (57/194)   [Kremote: Compressing objects:  30% (59/194)   [Kremote: Compressing objects:  31% (61/194)   [Kremote: Compressing objects:  32% (63/194)   [Kremote: Compressing objects:  33% (65/194)   [Kremote: Compressing objects:  34% (66/194)   [Kremote: Compressing objects:  35% (68/194)   [Kremote: Compressing objects:  36% (70/194)   [Kremote: Compressing objects:  37% (72/194)   [Kremote: Compressing objects:  38% (74/194)   [Kremote: Compressing objects:  39% (76/194)   [Kremote: Compressing objects:  40% (78/194)   [Kremote: Compressing objects:  41% (80/194)   [Kremote: Compressing objects:  42% (82/194)   [Kremote: Compressing objects:  43% (84/194)   [Kremote: Compressing objects:  44% (86/194)   [Kremote: Compressing objects:  45% (88/194)   [Kremote: Compressing objects:  46% (90/194)   [Kremote: Compressing objects:  47% (92/194)   [Kremote: Compressing objects:  48% (94/194)   [Kremote: Compressing objects:  49% (96/194)   [Kremote: Compressing objects:  50% (97/194)   [Kremote: Compressing objects:  51% (99/194)   [Kremote: Compressing objects:  52% (101/194)   [Kremote: Compressing objects:  53% (103/194)   [Kremote: Compressing objects:  54% (105/194)   [Kremote: Compressing objects:  55% (107/194)   [Kremote: Compressing objects:  56% (109/194)   [Kremote: Compressing objects:  57% (111/194)   [Kremote: Compressing objects:  58% (113/194)   [Kremote: Compressing objects:  59% (115/194)   [Kremote: Compressing objects:  60% (117/194)   [Kremote: Compressing objects:  61% (119/194)   [Kremote: Compressing objects:  62% (121/194)   [Kremote: Compressing objects:  63% (123/194)   [Kremote: Compressing objects:  64% (125/194)   [Kremote: Compressing objects:  65% (127/194)   [Kremote: Compressing objects:  66% (129/194)   [Kremote: Compressing objects:  67% (130/194)   [Kremote: Compressing objects:  68% (132/194)   [Kremote: Compressing objects:  69% (134/194)   [Kremote: Compressing objects:  70% (136/194)   [Kremote: Compressing objects:  71% (138/194)   [Kremote: Compressing objects:  72% (140/194)   [Kremote: Compressing objects:  73% (142/194)   [Kremote: Compressing objects:  74% (144/194)   [Kremote: Compressing objects:  75% (146/194)   [Kremote: Compressing objects:  76% (148/194)   [Kremote: Compressing objects:  77% (150/194)   [Kremote: Compressing objects:  78% (152/194)   [Kremote: Compressing objects:  79% (154/194)   [Kremote: Compressing objects:  80% (156/194)   [Kremote: Compressing objects:  81% (158/194)   [Kremote: Compressing objects:  82% (160/194)   [Kremote: Compressing objects:  83% (162/194)   [Kremote: Compressing objects:  84% (163/194)   [Kremote: Compressing objects:  85% (165/194)   [Kremote: Compressing objects:  86% (167/194)   [Kremote: Compressing objects:  87% (169/194)   [Kremote: Compressing objects:  88% (171/194)   [Kremote: Compressing objects:  89% (173/194)   [Kremote: Compressing objects:  90% (175/194)   [Kremote: Compressing objects:  91% (177/194)   [Kremote: Compressing objects:  92% (179/194)   [Kremote: Compressing objects:  93% (181/194)   [Kremote: Compressing objects:  94% (183/194)   [Kremote: Compressing objects:  95% (185/194)   [Kremote: Compressing objects:  96% (187/194)   [Kremote: Compressing objects:  97% (189/194)   [Kremote: Compressing objects:  98% (191/194)   [Kremote: Compressing objects:  99% (193/194)   [Kremote: Compressing objects: 100% (194/194)   [Kremote: Compressing objects: 100% (194/194), done.[K
Receiving objects:   0% (1/203)   Receiving objects:   1% (3/203)   Receiving objects:   2% (5/203)   Receiving objects:   3% (7/203)   Receiving objects:   4% (9/203)   Receiving objects:   5% (11/203)   Receiving objects:   6% (13/203)   Receiving objects:   7% (15/203)   Receiving objects:   8% (17/203)   Receiving objects:   9% (19/203)   Receiving objects:  10% (21/203)   Receiving objects:  11% (23/203)   Receiving objects:  12% (25/203)   Receiving objects:  13% (27/203)   Receiving objects:  14% (29/203)   Receiving objects:  15% (31/203)   Receiving objects:  16% (33/203)   Receiving objects:  17% (35/203)   Receiving objects:  18% (37/203)   Receiving objects:  19% (39/203)   Receiving objects:  20% (41/203)   Receiving objects:  21% (43/203)   Receiving objects:  22% (45/203)   Receiving objects:  23% (47/203)   Receiving objects:  24% (49/203)   Receiving objects:  25% (51/203)   Receiving objects:  26% (53/203)   Receiving objects:  27% (55/203)   Receiving objects:  28% (57/203)   Receiving objects:  29% (59/203)   Receiving objects:  30% (61/203)   Receiving objects:  31% (63/203)   Receiving objects:  32% (65/203)   Receiving objects:  33% (67/203)   Receiving objects:  34% (70/203)   Receiving objects:  35% (72/203)   Receiving objects:  36% (74/203)   Receiving objects:  37% (76/203)   Receiving objects:  38% (78/203)   Receiving objects:  39% (80/203)   Receiving objects:  40% (82/203)   Receiving objects:  41% (84/203)   Receiving objects:  42% (86/203)   Receiving objects:  43% (88/203)   Receiving objects:  44% (90/203)   Receiving objects:  45% (92/203)   Receiving objects:  46% (94/203)   Receiving objects:  47% (96/203)   Receiving objects:  48% (98/203)   Receiving objects:  49% (100/203)   Receiving objects:  50% (102/203)   Receiving objects:  51% (104/203)   Receiving objects:  52% (106/203)   Receiving objects:  53% (108/203)   Receiving objects:  54% (110/203)   Receiving objects:  55% (112/203)   Receiving objects:  56% (114/203)   Receiving objects:  57% (116/203)   Receiving objects:  58% (118/203)   Receiving objects:  59% (120/203)   Receiving objects:  60% (122/203)   Receiving objects:  61% (124/203)   Receiving objects:  62% (126/203)   Receiving objects:  63% (128/203)   Receiving objects:  64% (130/203)   Receiving objects:  65% (132/203)   Receiving objects:  66% (134/203)   Receiving objects:  67% (137/203)   Receiving objects:  68% (139/203)   Receiving objects:  69% (141/203)   Receiving objects:  70% (143/203)   Receiving objects:  71% (145/203)   Receiving objects:  72% (147/203)   Receiving objects:  73% (149/203)   Receiving objects:  74% (151/203)   Receiving objects:  75% (153/203)   Receiving objects:  76% (155/203)   Receiving objects:  77% (157/203)   Receiving objects:  78% (159/203)   Receiving objects:  79% (161/203)   Receiving objects:  80% (163/203)   Receiving objects:  81% (165/203)   Receiving objects:  82% (167/203)   Receiving objects:  83% (169/203)   Receiving objects:  84% (171/203)   Receiving objects:  85% (173/203)   Receiving objects:  86% (175/203)   Receiving objects:  87% (177/203)   Receiving objects:  88% (179/203)   Receiving objects:  89% (181/203)   Receiving objects:  90% (183/203)   Receiving objects:  91% (185/203)   Receiving objects:  92% (187/203)   Receiving objects:  93% (189/203)   Receiving objects:  94% (191/203)   Receiving objects:  95% (193/203)   Receiving objects:  96% (195/203)   Receiving objects:  97% (197/203)   Receiving objects:  98% (199/203)   remote: Total 203 (delta 95), reused 0 (delta 0)
Receiving objects:  99% (201/203)   Receiving objects: 100% (203/203)   Receiving objects: 100% (203/203), 798.82 KiB | 7.26 MiB/s, done.
Resolving deltas:   0% (0/95)   Resolving deltas:  20% (19/95)   Resolving deltas:  21% (20/95)   Resolving deltas:  22% (21/95)   Resolving deltas:  24% (23/95)   Resolving deltas:  27% (26/95)   Resolving deltas:  29% (28/95)   Resolving deltas:  33% (32/95)   Resolving deltas:  36% (35/95)   Resolving deltas:  37% (36/95)   Resolving deltas:  38% (37/95)   Resolving deltas:  41% (39/95)   Resolving deltas:  42% (40/95)   Resolving deltas:  45% (43/95)   Resolving deltas:  47% (45/95)   Resolving deltas:  55% (53/95)   Resolving deltas:  56% (54/95)   Resolving deltas:  57% (55/95)   Resolving deltas:  58% (56/95)   Resolving deltas:  64% (61/95)   Resolving deltas:  66% (63/95)   Resolving deltas:  67% (64/95)   Resolving deltas:  68% (65/95)   Resolving deltas:  69% (66/95)   Resolving deltas:  70% (67/95)   Resolving deltas:  71% (68/95)   Resolving deltas:  75% (72/95)   Resolving deltas:  80% (76/95)   Resolving deltas:  81% (77/95)   Resolving deltas:  82% (78/95)   Resolving deltas:  84% (80/95)   Resolving deltas:  85% (81/95)   Resolving deltas:  86% (82/95)   Resolving deltas:  87% (83/95)   Resolving deltas:  94% (90/95)   Resolving deltas:  95% (91/95)   Resolving deltas:  96% (92/95)   Resolving deltas:  97% (93/95)   Resolving deltas:  98% (94/95)   Resolving deltas: 100% (95/95)   Resolving deltas: 100% (95/95), completed with 20 local objects.
From ssh://remote.cs.binghamton.edu/~umrigar/git-repos/cs240
   6e52b22..0a00472  master     -> origin/master
Updating 6e52b22..0a00472
Fast-forward
 exams-quizzes/compile-all                              |   6 [32m+[m
 exams-quizzes/cs240a/index.html                        |  35 [32m++[m
 exams-quizzes/cs240a/index.umt                         |  11 [32m+[m
 exams-quizzes/cs240a/variant-a/.quiz-info              |   4 [32m+[m
 .../cs240a/variant-a/quiz1-sol/quiz1-sol.html          | 162 [32m+++++++++[m
 exams-quizzes/cs240a/variant-a/quiz1-sol/quiz1-sol.pdf | Bin [31m0[m -> [32m77823[m bytes
 exams-quizzes/cs240a/variant-a/quiz1-sol/quiz1-sol.umt | 295 [32m++++++++++++++++[m
 .../variant-a/quiz1-sol/quiz1-sol/hl-fine_blue.css     |  19 [32m++[m
 .../variant-a/quiz1-sol/quiz1-sol/hl-fine_blue.sty     |  19 [32m++[m
 exams-quizzes/cs240a/variant-a/quiz1/quiz1.html        |  99 [32m++++++[m
 exams-quizzes/cs240a/variant-a/quiz1/quiz1.pdf         | Bin [31m0[m -> [32m61635[m bytes
 exams-quizzes/cs240a/variant-a/quiz1/quiz1.umt         | 183 [32m++++++++++[m
 .../cs240a/variant-a/quiz1/quiz1/hl-fine_blue.css      |  19 [32m++[m
 .../cs240a/variant-a/quiz1/quiz1/hl-fine_blue.sty      |  19 [32m++[m
 exams-quizzes/cs240a/variant-b/.quiz-info              |   3 [32m+[m
 .../cs240a/variant-b/quiz1-sol/quiz1-sol.html          | 159 [32m+++++++++[m
 exams-quizzes/cs240a/variant-b/quiz1-sol/quiz1-sol.pdf | Bin [31m0[m -> [32m78641[m bytes
 exams-quizzes/cs240a/variant-b/quiz1-sol/quiz1-sol.umt | 292 [32m++++++++++++++++[m
 .../variant-b/quiz1-sol/quiz1-sol/hl-fine_blue.css     |  19 [32m++[m
 .../variant-b/quiz1-sol/quiz1-sol/hl-fine_blue.sty     |  19 [32m++[m
 exams-quizzes/cs240a/variant-b/quiz1/quiz1.html        |  99 [32m++++++[m
 exams-quizzes/cs240a/variant-b/quiz1/quiz1.pdf         | Bin [31m0[m -> [32m62540[m bytes
 exams-quizzes/cs240a/variant-b/quiz1/quiz1.umt         | 183 [32m++++++++++[m
 .../cs240a/variant-b/quiz1/quiz1/hl-fine_blue.css      |  19 [32m++[m
 .../cs240a/variant-b/quiz1/quiz1/hl-fine_blue.sty      |  19 [32m++[m
 exams-quizzes/cs240b/index.html                        |   1 [32m+[m
 exams-quizzes/cs240b/variant-a/.quiz-info              |   3 [32m+[m
 .../cs240b/variant-a/quiz1-sol/quiz1-sol.html          | 161 [32m+++++++++[m
 exams-quizzes/cs240b/variant-a/quiz1-sol/quiz1-sol.pdf | Bin [31m0[m -> [32m78499[m bytes
 exams-quizzes/cs240b/variant-a/quiz1-sol/quiz1-sol.umt | 294 [32m++++++++++++++++[m
 .../variant-a/quiz1-sol/quiz1-sol/hl-fine_blue.css     |  19 [32m++[m
 .../variant-a/quiz1-sol/quiz1-sol/hl-fine_blue.sty     |  19 [32m++[m
 exams-quizzes/cs240b/variant-a/quiz1/quiz1.html        |  99 [32m++++++[m
 exams-quizzes/cs240b/variant-a/quiz1/quiz1.pdf         | Bin [31m0[m -> [32m61691[m bytes
 exams-quizzes/cs240b/variant-a/quiz1/quiz1.umt         | 183 [32m++++++++++[m
 .../cs240b/variant-a/quiz1/quiz1/hl-fine_blue.css      |  19 [32m++[m
 .../cs240b/variant-a/quiz1/quiz1/hl-fine_blue.sty      |  19 [32m++[m
 exams-quizzes/cs240b/variant-b/.quiz-info              |   3 [32m+[m
 .../cs240b/variant-b/quiz1-sol/quiz1-sol.html          | 159 [32m+++++++++[m
 exams-quizzes/cs240b/variant-b/quiz1-sol/quiz1-sol.pdf | Bin [31m0[m -> [32m78213[m bytes
 exams-quizzes/cs240b/variant-b/quiz1-sol/quiz1-sol.umt | 292 [32m++++++++++++++++[m
 .../variant-b/quiz1-sol/quiz1-sol/hl-fine_blue.css     |  19 [32m++[m
 .../variant-b/quiz1-sol/quiz1-sol/hl-fine_blue.sty     |  19 [32m++[m
 exams-quizzes/cs240b/variant-b/quiz1/quiz1.html        |  99 [32m++++++[m
 exams-quizzes/cs240b/variant-b/quiz1/quiz1.pdf         | Bin [31m0[m -> [32m62150[m bytes
 exams-quizzes/cs240b/variant-b/quiz1/quiz1.umt         | 183 [32m++++++++++[m
 .../cs240b/variant-b/quiz1/quiz1/hl-fine_blue.css      |  19 [32m++[m
 .../cs240b/variant-b/quiz1/quiz1/hl-fine_blue.sty      |  19 [32m++[m
 exams-quizzes/mk-quiz                                  |  43 [32m+++[m
 exams-quizzes/mv-quiz                                  |  20 [32m++[m
 exams-quizzes/quiz1-questions.txt                      |   5 [32m+[m
 exams-quizzes/templates/quiz-sol.umt                   |  26 [32m++[m
 exams-quizzes/templates/quiz.umt                       |  24 [32m++[m
 exercises/questions/src/cpp/meta.js                    |   2 [32m+[m[31m-[m
 hws/hw1/hw1.html                                       | 110 [32m++++++[m
 hws/hw1/hw1.pdf                                        | Bin [31m0[m -> [32m85583[m bytes
 hws/hw1/hw1.umt                                        | 124 [32m+++++++[m
 hws/hw1/hw1/hl-fine_blue.css                           |  19 [32m++[m
 hws/hw1/hw1/hl-fine_blue.sty                           |  19 [32m++[m
 hws/index.html                                         |   4 [32m+[m[31m-[m
 hws/index.umt                                          |   4 [32m+[m[31m-[m
 index.html                                             |  26 [32m+[m[31m-[m
 index.umt                                              |  16 [32m+[m
 labs/index.html                                        |   2 [32m+[m
 labs/index.umt                                         |   7 [32m+[m[31m-[m
 labs/lab4/exercises/1-point/main.cc                    |  44 [32m+++[m
 labs/lab4/exercises/1-point/point.cc                   |  19 [32m++[m
 labs/lab4/exercises/1-point/point.hh                   |  26 [32m++[m
 labs/lab4/exercises/2-shape/main.cc                    |  55 [32m+++[m
 labs/lab4/exercises/2-shape/point.cc                   |  17 [32m+[m
 labs/lab4/exercises/2-shape/point.hh                   |  19 [32m++[m
 labs/lab4/exercises/2-shape/shapes.hh                  |  68 [32m++++[m
 labs/lab4/exercises/2-shape/tostring.cc                |  11 [32m+[m
 labs/lab4/exercises/2-shape/tostring.hh                |  32 [32m++[m
 labs/lab4/exercises/3-expr/expr.cc                     |  45 [32m+++[m
 labs/lab4/exercises/3-expr/expr.hh                     | 131 [32m++++++++[m
 labs/lab4/exercises/3-expr/main.cc                     |  17 [32m+[m
 labs/lab4/exercises/3-expr/parse.cc                    |  49 [32m+++[m
 labs/lab4/exercises/3-expr/parse.hh                    |  12 [32m+[m
 labs/lab4/exercises/3-expr/tostring.cc                 |  11 [32m+[m
 labs/lab4/exercises/3-expr/tostring.hh                 |  15 [32m+[m
 labs/lab4/exercises/Makefile                           |  56 [32m++++[m
 labs/lab4/lab4.html                                    | 235 [32m+++++++++++++[m
 labs/lab4/lab4.pdf                                     | Bin [31m0[m -> [32m83332[m bytes
 labs/lab4/lab4.umt                                     | 313 [32m+++++++++++++++++[m
 labs/lab4/lab4/hl-fine_blue.css                        |  19 [32m++[m
 labs/lab4/lab4/hl-fine_blue.sty                        |  19 [32m++[m
 projects/prj1/prj1.html                                |   4 [32m+[m[31m-[m
 projects/prj1/prj1.pdf                                 | Bin [31m91217[m -> [32m91236[m bytes
 projects/prj1/prj1.umt                                 |   4 [32m+[m[31m-[m
 slides/c++-intro/c++-intro.html                        | 380 [32m++++++++++++[m[31m---------[m
 slides/c++-intro/c++-intro.pdf                         | Bin [31m251973[m -> [32m267533[m bytes
 slides/c++-intro/c++-intro.umt                         | 128 [32m++++++[m[31m-[m
 slides/collections1/code/.gitignore                    |   6 [32m+[m[31m-[m
 slides/collections1/code/Makefile                      |  47 [32m++[m[31m-[m
 slides/collections1/code/{alist.cc => alist.hh}        |  47 [32m++[m[31m-[m
 slides/collections1/code/command.cc                    | 123 [32m+++++++[m
 slides/collections1/code/command.hh                    |  35 [32m++[m
 slides/collections1/code/dlinkedlist.hh                | 163 [32m+++++++++[m
 slides/collections1/code/freelist-link.hh              |  50 [32m+++[m
 slides/collections1/code/linkedlist.hh                 | 140 [32m++++++++[m
 slides/collections1/code/list.hh                       |   5 [32m+[m
 slides/collections1/code/main.cc                       |  89 [32m+++++[m
 slides/collections1/code/tostring.cc                   |  10 [32m+[m
 slides/collections1/code/tostring.hh                   |  13 [32m+[m
 slides/collections1/code/xlist.hh                      |  64 [32m++++[m
 slides/collections1/collections1.html                  | 262 [32m++++++++++++[m[31m---[m
 slides/collections1/collections1.pdf                   | Bin [31m97820[m -> [32m268085[m bytes
 slides/collections1/collections1.umt                   | 391 [32m+++++++++++++++++++++[m[31m-[m
 slides/collections1/figs/dlinkedlist-insert.png        | Bin [31m0[m -> [32m25681[m bytes
 slides/collections1/figs/dlinkedlist-remove.png        | Bin [31m0[m -> [32m16732[m bytes
 slides/collections1/figs/dlinkedlist.png               | Bin [31m0[m -> [32m8179[m bytes
 slides/collections1/figs/linkedlist-init.png           | Bin [31m0[m -> [32m7335[m bytes
 slides/collections1/figs/linkedlist-insert.png         | Bin [31m0[m -> [32m24273[m bytes
 slides/collections1/figs/linkedlist-remove.png         | Bin [31m0[m -> [32m20161[m bytes
 115 files changed, 6684 insertions(+), 253 deletions(-)
 create mode 100755 exams-quizzes/compile-all
 create mode 100644 exams-quizzes/cs240a/index.html
 create mode 100644 exams-quizzes/cs240a/index.umt
 create mode 100644 exams-quizzes/cs240a/variant-a/.quiz-info
 create mode 100644 exams-quizzes/cs240a/variant-a/quiz1-sol/quiz1-sol.html
 create mode 100644 exams-quizzes/cs240a/variant-a/quiz1-sol/quiz1-sol.pdf
 create mode 100644 exams-quizzes/cs240a/variant-a/quiz1-sol/quiz1-sol.umt
 create mode 100644 exams-quizzes/cs240a/variant-a/quiz1-sol/quiz1-sol/hl-fine_blue.css
 create mode 100644 exams-quizzes/cs240a/variant-a/quiz1-sol/quiz1-sol/hl-fine_blue.sty
 create mode 100644 exams-quizzes/cs240a/variant-a/quiz1/quiz1.html
 create mode 100644 exams-quizzes/cs240a/variant-a/quiz1/quiz1.pdf
 create mode 100644 exams-quizzes/cs240a/variant-a/quiz1/quiz1.umt
 create mode 100644 exams-quizzes/cs240a/variant-a/quiz1/quiz1/hl-fine_blue.css
 create mode 100644 exams-quizzes/cs240a/variant-a/quiz1/quiz1/hl-fine_blue.sty
 create mode 100644 exams-quizzes/cs240a/variant-b/.quiz-info
 create mode 100644 exams-quizzes/cs240a/variant-b/quiz1-sol/quiz1-sol.html
 create mode 100644 exams-quizzes/cs240a/variant-b/quiz1-sol/quiz1-sol.pdf
 create mode 100644 exams-quizzes/cs240a/variant-b/quiz1-sol/quiz1-sol.umt
 create mode 100644 exams-quizzes/cs240a/variant-b/quiz1-sol/quiz1-sol/hl-fine_blue.css
 create mode 100644 exams-quizzes/cs240a/variant-b/quiz1-sol/quiz1-sol/hl-fine_blue.sty
 create mode 100644 exams-quizzes/cs240a/variant-b/quiz1/quiz1.html
 create mode 100644 exams-quizzes/cs240a/variant-b/quiz1/quiz1.pdf
 create mode 100644 exams-quizzes/cs240a/variant-b/quiz1/quiz1.umt
 create mode 100644 exams-quizzes/cs240a/variant-b/quiz1/quiz1/hl-fine_blue.css
 create mode 100644 exams-quizzes/cs240a/variant-b/quiz1/quiz1/hl-fine_blue.sty
 create mode 120000 exams-quizzes/cs240b/index.html
 create mode 100644 exams-quizzes/cs240b/variant-a/.quiz-info
 create mode 100644 exams-quizzes/cs240b/variant-a/quiz1-sol/quiz1-sol.html
 create mode 100644 exams-quizzes/cs240b/variant-a/quiz1-sol/quiz1-sol.pdf
 create mode 100644 exams-quizzes/cs240b/variant-a/quiz1-sol/quiz1-sol.umt
 create mode 100644 exams-quizzes/cs240b/variant-a/quiz1-sol/quiz1-sol/hl-fine_blue.css
 create mode 100644 exams-quizzes/cs240b/variant-a/quiz1-sol/quiz1-sol/hl-fine_blue.sty
 create mode 100644 exams-quizzes/cs240b/variant-a/quiz1/quiz1.html
 create mode 100644 exams-quizzes/cs240b/variant-a/quiz1/quiz1.pdf
 create mode 100644 exams-quizzes/cs240b/variant-a/quiz1/quiz1.umt
 create mode 100644 exams-quizzes/cs240b/variant-a/quiz1/quiz1/hl-fine_blue.css
 create mode 100644 exams-quizzes/cs240b/variant-a/quiz1/quiz1/hl-fine_blue.sty
 create mode 100644 exams-quizzes/cs240b/variant-b/.quiz-info
 create mode 100644 exams-quizzes/cs240b/variant-b/quiz1-sol/quiz1-sol.html
 create mode 100644 exams-quizzes/cs240b/variant-b/quiz1-sol/quiz1-sol.pdf
 create mode 100644 exams-quizzes/cs240b/variant-b/quiz1-sol/quiz1-sol.umt
 create mode 100644 exams-quizzes/cs240b/variant-b/quiz1-sol/quiz1-sol/hl-fine_blue.css
 create mode 100644 exams-quizzes/cs240b/variant-b/quiz1-sol/quiz1-sol/hl-fine_blue.sty
 create mode 100644 exams-quizzes/cs240b/variant-b/quiz1/quiz1.html
 create mode 100644 exams-quizzes/cs240b/variant-b/quiz1/quiz1.pdf
 create mode 100644 exams-quizzes/cs240b/variant-b/quiz1/quiz1.umt
 create mode 100644 exams-quizzes/cs240b/variant-b/quiz1/quiz1/hl-fine_blue.css
 create mode 100644 exams-quizzes/cs240b/variant-b/quiz1/quiz1/hl-fine_blue.sty
 create mode 100755 exams-quizzes/mk-quiz
 create mode 100755 exams-quizzes/mv-quiz
 create mode 100644 exams-quizzes/quiz1-questions.txt
 create mode 100644 exams-quizzes/templates/quiz-sol.umt
 create mode 100644 exams-quizzes/templates/quiz.umt
 create mode 100644 hws/hw1/hw1.html
 create mode 100644 hws/hw1/hw1.pdf
 create mode 100644 hws/hw1/hw1.umt
 create mode 100644 hws/hw1/hw1/hl-fine_blue.css
 create mode 100644 hws/hw1/hw1/hl-fine_blue.sty
 create mode 100644 labs/lab4/exercises/1-point/main.cc
 create mode 100644 labs/lab4/exercises/1-point/point.cc
 create mode 100644 labs/lab4/exercises/1-point/point.hh
 create mode 100644 labs/lab4/exercises/2-shape/main.cc
 create mode 100644 labs/lab4/exercises/2-shape/point.cc
 create mode 100644 labs/lab4/exercises/2-shape/point.hh
 create mode 100644 labs/lab4/exercises/2-shape/shapes.hh
 create mode 100644 labs/lab4/exercises/2-shape/tostring.cc
 create mode 100644 labs/lab4/exercises/2-shape/tostring.hh
 create mode 100644 labs/lab4/exercises/3-expr/expr.cc
 create mode 100644 labs/lab4/exercises/3-expr/expr.hh
 create mode 100644 labs/lab4/exercises/3-expr/main.cc
 create mode 100644 labs/lab4/exercises/3-expr/parse.cc
 create mode 100644 labs/lab4/exercises/3-expr/parse.hh
 create mode 100644 labs/lab4/exercises/3-expr/tostring.cc
 create mode 100644 labs/lab4/exercises/3-expr/tostring.hh
 create mode 100644 labs/lab4/exercises/Makefile
 create mode 100644 labs/lab4/lab4.html
 create mode 100644 labs/lab4/lab4.pdf
 create mode 100644 labs/lab4/lab4.umt
 create mode 100644 labs/lab4/lab4/hl-fine_blue.css
 create mode 100644 labs/lab4/lab4/hl-fine_blue.sty
 rename slides/collections1/code/{alist.cc => alist.hh} (70%)
 create mode 100644 slides/collections1/code/command.cc
 create mode 100644 slides/collections1/code/command.hh
 create mode 100644 slides/collections1/code/dlinkedlist.hh
 create mode 100644 slides/collections1/code/freelist-link.hh
 create mode 100644 slides/collections1/code/linkedlist.hh
 create mode 100644 slides/collections1/code/main.cc
 create mode 100644 slides/collections1/code/tostring.cc
 create mode 100644 slides/collections1/code/tostring.hh
 create mode 100644 slides/collections1/code/xlist.hh
 create mode 100644 slides/collections1/figs/dlinkedlist-insert.png
 create mode 100644 slides/collections1/figs/dlinkedlist-remove.png
 create mode 100644 slides/collections1/figs/dlinkedlist.png
 create mode 100644 slides/collections1/figs/linkedlist-init.png
 create mode 100644 slides/collections1/figs/linkedlist-insert.png
 create mode 100644 slides/collections1/figs/linkedlist-remove.png
rgeary1@g7-35:~/cs240$ cd ~/i240a/submit/lab4
rgeary1@g7-35:~/i240a/submit/lab4$ cp -r ~/cs240/ol[K[Klabs/lab4/exercises .
rgeary1@g7-35:~/i240a/submit/lab4$ ls
exercises
rgeary1@g7-35:~/i240a/submit/lab4$ cd exercises/1-point/
rgeary1@g7-35:~/i240a/submit/lab4/exercises/1-point$ ls -l
total 12
-rw-r--r-- 1 rgeary1 rgeary1 1174 Feb 20 10:00 main.cc
-rw-r--r-- 1 rgeary1 rgeary1  533 Feb 20 10:00 point.cc
-rw-r--r-- 1 rgeary1 rgeary1  654 Feb 20 10:00 point.hh
rgeary1@g7-35:~/i240a/submit/lab4/exercises/1-point$ gedit main.cc 
rgeary1@g7-35:~/i240a/submit/lab4/exercises/1-point$ gedit main.cc [K[K[K[K[K[K[K[Kpoint.cc
rgeary1@g7-35:~/i240a/submit/lab4/exercises/1-point$ gedit point.cc[K[Khh
rgeary1@g7-35:~/i240a/submit/lab4/exercises/1-point$ mak [Ke -f ../make[K[K[K[KMakefile
g++ -MT point.o -MMD -MP -MF .deps/point.d -g -Wall -std=c++17 -c point.cc
g++ -MT main.o -MMD -MP -MF .deps/main.d -g -Wall -std=c++17 -c main.cc
g++ point.o main.o -o main
cat </dev/null >.gitignore
echo .deps >.gitignore
for t in main point.o main.o; do echo $t >>.gitignore; done
rgeary1@g7-35:~/i240a/submit/lab4/exercises/1-point$ ./main
distance from (0, 0) to (3, 4) is 5
distance from (0, 0) to (1, 1) is 1.41421
distance from (0, 0) to (4, 5) is 6.40312
distance from (3, 4) to (1, 1) is 3.60555
distance from (3, 4) to (4, 5) is 1.41421
distance from (1, 1) to (4, 5) is 5

sizeof(double) = 8
sizeof(Point) = 16
rgeary1@g7-35:~/i240a/submit/lab4/exercises/1-point$ v[Kgedit line3[K.hh

(gedit:2302476): Gtk-[1;33mWARNING[0m **: [34m10:12:42.299[0m: Calling org.xfce.Session.Manager.Inhibit failed: GDBus.Error:org.freedesktop.DBus.Error.UnknownMethod: Method "Inhibit" with signature "susu" on interface "org.xfce.Session.Manager" doesn't exist

rgeary1@g7-35:~/i240a/submit/lab4/exercises/1-point$ gedit line.hh[K[Kcc

(gedit:2303226): Gtk-[1;33mWARNING[0m **: [34m10:19:16.957[0m: Calling org.xfce.Session.Manager.Inhibit failed: GDBus.Error:org.freedesktop.DBus.Error.UnknownMethod: Method "Inhibit" with signature "susu" on interface "org.xfce.Session.Manager" doesn't exist

rgeary1@g7-35:~/i240a/submit/lab4/exercises/1-point$ gedit line.cchh[7P./mainmake -f ../Makefile[5Pgedit point.hhccmain.cc 

(gedit:2303934): Gtk-[1;33mWARNING[0m **: [34m10:27:22.444[0m: Calling org.xfce.Session.Manager.Inhibit failed: GDBus.Error:org.freedesktop.DBus.Error.UnknownMethod: Method "Inhibit" with signature "susu" on interface "org.xfce.Session.Manager" doesn't exist

rgeary1@g7-35:~/i240a/submit/lab4/exercises/1-point$ gedit main.cc [Kgedit main.cc [1Pline.cchh[7P./mainmake -f ../Makefile
g++ -MT main.o -MMD -MP -MF .deps/main.d -g -Wall -std=c++17 -c main.cc
[01m[Kmain.cc:[m[K In function ‘[01m[Kvoid outDistances(std::ostream&)[m[K’:
[01m[Kmain.cc:30:7:[m[K [01;31m[Kerror: [m[K‘[01m[KLine[m[K’ was not declared in this scope
       [01;31m[KLine[m[K l = Line(pi,pj);
       [01;31m[K^~~~[m[K
[01m[Kmain.cc:30:7:[m[K [01;36m[Knote: [m[Ksuggested alternative: ‘[01m[Kuint[m[K’
       [01;36m[KLine[m[K l = Line(pi,pj);
       [01;36m[K^~~~[m[K
       [32m[Kuint[m[K
make: *** [../Makefile:48: main.o] Error 1
rgeary1@g7-35:~/i240a/submit/lab4/exercises/1-point$ make -f ../Makefile[5Pgedit main.cc 

(gedit:2304569): Gtk-[1;33mWARNING[0m **: [34m10:30:58.051[0m: Calling org.xfce.Session.Manager.Inhibit failed: GDBus.Error:org.freedesktop.DBus.Error.UnknownMethod: Method "Inhibit" with signature "susu" on interface "org.xfce.Session.Manager" doesn't exist

rgeary1@g7-35:~/i240a/submit/lab4/exercises/1-point$ gedit main.cc make -f ../Makefile
g++ -MT main.o -MMD -MP -MF .deps/main.d -g -Wall -std=c++17 -c main.cc
In file included from [01m[Kmain.cc:2[m[K:
[01m[Kline.hh:5:10:[m[K [01;31m[Kfatal error: [m[KPoint: No such file or directory
 #include [01;31m[K<Point>[m[K
          [01;31m[K^~~~~~~[m[K
compilation terminated.
make: *** [../Makefile:48: main.o] Error 1
rgeary1@g7-35:~/i240a/submit/lab4/exercises/1-point$ make -f ../Makefile[5Pgedit main.cc make -f ../Makefile[5Pgedit main.cc [1Pline.cchh

(gedit:2304656): Gtk-[1;33mWARNING[0m **: [34m10:31:34.594[0m: Calling org.xfce.Session.Manager.Inhibit failed: GDBus.Error:org.freedesktop.DBus.Error.UnknownMethod: Method "Inhibit" with signature "susu" on interface "org.xfce.Session.Manager" doesn't exist

rgeary1@g7-35:~/i240a/submit/lab4/exercises/1-point$ gedit line.hhmake -f ../Makefile
g++ -MT main.o -MMD -MP -MF .deps/main.d -g -Wall -std=c++17 -c main.cc
In file included from [01m[Kmain.cc:2[m[K:
[01m[Kline.hh:5:10:[m[K [01;31m[Kfatal error: [m[Kpoint.hh: No such file or directory
 #include [01;31m[K<point.hh>[m[K
          [01;31m[K^~~~~~~~~~[m[K
compilation terminated.
make: *** [../Makefile:48: main.o] Error 1
rgeary1@g7-35:~/i240a/submit/lab4/exercises/1-point$ make -f ../Makefile[6Pgedit line.hhmake -f ../Makefile[6Pgedit line.hhmake -f ../Makefile[5Pgedit main.cc 

(gedit:2304722): Gtk-[1;33mWARNING[0m **: [34m10:32:12.604[0m: Calling org.xfce.Session.Manager.Inhibit failed: GDBus.Error:org.freedesktop.DBus.Error.UnknownMethod: Method "Inhibit" with signature "susu" on interface "org.xfce.Session.Manager" doesn't exist

rgeary1@g7-35:~/i240a/submit/lab4/exercises/1-point$ gedit main.cc make -f ../Makefile
g++ -MT main.o -MMD -MP -MF .deps/main.d -g -Wall -std=c++17 -c main.cc
In file included from [01m[Kmain.cc:2[m[K:
[01m[Kline.hh:1:[m[K [01;31m[Kerror: [m[Kunterminated #ifndef
 #ifndef LINE_HH_
 
[01m[Kline.hh:9:13:[m[K [01;31m[Kerror: [m[Kexpected ‘[01m[K)[m[K’ before ‘[01m[Kp1[m[K’
  Point[34m[K([m[KPoint[01;31m[K [m[K[32m[Kp1[m[K = Point(0,0), Point p2 = Point(0,0)): p1(p1), p2(p2){}
       [34m[K~[m[K     [01;31m[K^[m[K[32m[K~~[m[K
             [32m[K)[m[K
[01m[Kline.hh:14:2:[m[K [01;31m[Kerror: [m[Kexpected ‘[01m[K;[m[K’ after struct definition
 }
  [01;31m[K^[m[K
  [32m[K;[m[K
[01m[Kmain.cc:[m[K In function ‘[01m[Kvoid outDistances(std::ostream&)[m[K’:
[01m[Kmain.cc:31:26:[m[K [01;31m[Kerror: [m[Kno matching function for call to ‘[01m[KLine::Line(Point&, Point&)[m[K’
       Line l = Line(pi,pj[01;31m[K)[m[K;
                          [01;31m[K^[m[K
In file included from [01m[Kmain.cc:2[m[K:
[01m[Kline.hh:7:8:[m[K [01;36m[Knote: [m[Kcandidate: ‘[01m[KLine::Line()[m[K’
 struct [01;36m[KLine[m[K{
        [01;36m[K^~~~[m[K
[01m[Kline.hh:7:8:[m[K [01;36m[Knote: [m[K  candidate expects 0 arguments, 2 provided
[01m[Kline.hh:7:8:[m[K [01;36m[Knote: [m[Kcandidate: ‘[01m[Kconstexpr Line::Line(const Line&)[m[K’
[01m[Kline.hh:7:8:[m[K [01;36m[Knote: [m[K  candidate expects 1 argument, 2 provided
[01m[Kline.hh:7:8:[m[K [01;36m[Knote: [m[Kcandidate: ‘[01m[Kconstexpr Line::Line(Line&&)[m[K’
[01m[Kline.hh:7:8:[m[K [01;36m[Knote: [m[K  candidate expects 1 argument, 2 provided
[01m[Kmain.cc:31:12:[m[K [01;35m[Kwarning: [m[Kunused variable ‘[01m[Kl[m[K’ [[01;35m[K-Wunused-variable[m[K]
       Line [01;35m[Kl[m[K = Line(pi,pj);
            [01;35m[K^[m[K
make: *** [../Makefile:48: main.o] Error 1
rgeary1@g7-35:~/i240a/submit/lab4/exercises/1-point$ make -f ../Makefile[5Pgedit main.cc make -f ../Makefile[6Pgedit line.hh

(gedit:2304862): Gtk-[1;33mWARNING[0m **: [34m10:33:46.075[0m: Calling org.xfce.Session.Manager.Inhibit failed: GDBus.Error:org.freedesktop.DBus.Error.UnknownMethod: Method "Inhibit" with signature "susu" on interface "org.xfce.Session.Manager" doesn't exist

rgeary1@g7-35:~/i240a/submit/lab4/exercises/1-point$ gedit line.hhmake -f ../Makefile
g++ -MT main.o -MMD -MP -MF .deps/main.d -g -Wall -std=c++17 -c main.cc
[01m[Kmain.cc:[m[K In function ‘[01m[Kvoid outDistances(std::ostream&)[m[K’:
[01m[Kmain.cc:31:12:[m[K [01;35m[Kwarning: [m[Kvariable ‘[01m[Kl[m[K’ set but not used [[01;35m[K-Wunused-but-set-variable[m[K]
       Line [01;35m[Kl[m[K = Line(pi,pj);
            [01;35m[K^[m[K
g++ -MT line.o -MMD -MP -MF .deps/line.d -g -Wall -std=c++17 -c line.cc
[01m[Kline.cc:5:10:[m[K [01;31m[Kfatal error: [m[KPoint: No such file or directory
 #include [01;31m[K<Point>[m[K
          [01;31m[K^~~~~~~[m[K
compilation terminated.
make: *** [../Makefile:48: line.o] Error 1
rgeary1@g7-35:~/i240a/submit/lab4/exercises/1-point$ make -f ../Makefile[6Pgedit line.hh

(gedit:2305120): Gtk-[1;33mWARNING[0m **: [34m10:35:24.939[0m: Calling org.xfce.Session.Manager.Inhibit failed: GDBus.Error:org.freedesktop.DBus.Error.UnknownMethod: Method "Inhibit" with signature "susu" on interface "org.xfce.Session.Manager" doesn't exist

rgeary1@g7-35:~/i240a/submit/lab4/exercises/1-point$ gedit line.hhmake -f ../Makefile
g++ -MT line.o -MMD -MP -MF .deps/line.d -g -Wall -std=c++17 -c line.cc
[01m[Kline.cc:8:8:[m[K [01;31m[Kerror: [m[Kno declaration matches ‘[01m[Kdouble Line::length() const[m[K’
 double [01;31m[KLine[m[K::length() const{
        [01;31m[K^~~~[m[K
[01m[Kline.cc:8:8:[m[K [01;36m[Knote: [m[Kno functions named ‘[01m[Kdouble Line::length() const[m[K’
In file included from [01m[Kline.cc:1[m[K:
[01m[Kline.hh:7:8:[m[K [01;36m[Knote: [m[K‘[01m[Kstruct Line[m[K’ defined here
 struct [01;36m[KLine[m[K{
        [01;36m[K^~~~[m[K
make: *** [../Makefile:48: line.o] Error 1
rgeary1@g7-35:~/i240a/submit/lab4/exercises/1-point$ make -f ../Makefile[6Pgedit line.hh

(gedit:2305197): Gtk-[1;33mWARNING[0m **: [34m10:36:17.221[0m: Calling org.xfce.Session.Manager.Inhibit failed: GDBus.Error:org.freedesktop.DBus.Error.UnknownMethod: Method "Inhibit" with signature "susu" on interface "org.xfce.Session.Manager" doesn't exist

rgeary1@g7-35:~/i240a/submit/lab4/exercises/1-point$ gedit line.hhmake -f ../Makefile
g++ -MT main.o -MMD -MP -MF .deps/main.d -g -Wall -std=c++17 -c main.cc
[01m[Kmain.cc:[m[K In function ‘[01m[Kvoid outDistances(std::ostream&)[m[K’:
[01m[Kmain.cc:31:12:[m[K [01;35m[Kwarning: [m[Kvariable ‘[01m[Kl[m[K’ set but not used [[01;35m[K-Wunused-but-set-variable[m[K]
       Line [01;35m[Kl[m[K = Line(pi,pj);
            [01;35m[K^[m[K
g++ -MT line.o -MMD -MP -MF .deps/line.d -g -Wall -std=c++17 -c line.cc
[01m[Kline.cc:[m[K In member function ‘[01m[Kdouble Line::length() const[m[K’:
[01m[Kline.cc:9:24:[m[K [01;31m[Kerror: [m[Kno matching function for call to ‘[01m[KPoint::distance(const Point*) const[m[K’
  return p1.distance(&p2[01;31m[K)[m[K;
                        [01;31m[K^[m[K
In file included from [01m[Kline.hh:5[m[K,
                 from [01m[Kline.cc:1[m[K:
[01m[Kpoint.hh:18:10:[m[K [01;36m[Knote: [m[Kcandidate: ‘[01m[Kdouble Point::distance(const Point&) const[m[K’
   double [01;36m[Kdistance[m[K(const Point& other) const;
          [01;36m[K^~~~~~~~[m[K
[01m[Kpoint.hh:18:10:[m[K [01;36m[Knote: [m[K  no known conversion for argument 1 from ‘[01m[Kconst Point*[m[K’ to ‘[01m[Kconst Point&[m[K’
make: *** [../Makefile:48: line.o] Error 1
rgeary1@g7-35:~/i240a/submit/lab4/exercises/1-point$ make -f ../Makefile[6Pgedit line.hh

(gedit:2305320): Gtk-[1;33mWARNING[0m **: [34m10:39:28.215[0m: Calling org.xfce.Session.Manager.Inhibit failed: GDBus.Error:org.freedesktop.DBus.Error.UnknownMethod: Method "Inhibit" with signature "susu" on interface "org.xfce.Session.Manager" doesn't exist

rgeary1@g7-35:~/i240a/submit/lab4/exercises/1-point$ gedit line.hhmake -f ../Makefile
g++ -MT line.o -MMD -MP -MF .deps/line.d -g -Wall -std=c++17 -c line.cc
g++ point.o main.o line.o -o main
cat </dev/null >.gitignore
echo .deps >.gitignore
for t in main point.o main.o line.o; do echo $t >>.gitignore; done
rgeary1@g7-35:~/i240a/submit/lab4/exercises/1-point$ make -f ../Makefile[6Pgedit line.hhmake -f ../Makefile[6Pgedit line.hhmake -f ../Makefile[6Pgedit line.hhmake -f ../Makefile[6Pgedit line.hhmake -f ../Makefile[5Pgedit main.cc make -f ../Makefile[5Pgedit main.cc 

(gedit:2305722): Gtk-[1;33mWARNING[0m **: [34m10:39:53.471[0m: Calling org.xfce.Session.Manager.Inhibit failed: GDBus.Error:org.freedesktop.DBus.Error.UnknownMethod: Method "Inhibit" with signature "susu" on interface "org.xfce.Session.Manager" doesn't exist

rgeary1@g7-35:~/i240a/submit/lab4/exercises/1-point$ gedit main.cc make -f ../Makefile
g++ -MT main.o -MMD -MP -MF .deps/main.d -g -Wall -std=c++17 -c main.cc
[01m[Kmain.cc:[m[K In function ‘[01m[Kvoid outDistances(std::ostream&)[m[K’:
[01m[Kmain.cc:33:20:[m[K [01;31m[Kerror: [m[Kinvalid use of non-static member function ‘[01m[Kdouble Line::length() const[m[K’
       [01;31m[Kout << l.toString()[m[K
       [01;31m[K~~~~~~~~~~~~~~~~~~~[m[K
 [01;31m[K   << " length = " << l.length[m[K
    [01;31m[K~~~~~~~~~~~~~~~~^~~~~~~~~~~[m[K
In file included from [01m[Kmain.cc:2[m[K:
[01m[Kline.hh:11:9:[m[K [01;36m[Knote: [m[Kdeclared here
  double [01;36m[Klength[m[K() const;
         [01;36m[K^~~~~~[m[K
make: *** [../Makefile:48: main.o] Error 1
rgeary1@g7-35:~/i240a/submit/lab4/exercises/1-point$ make -f ../Makefile[5Pgedit main.cc 

(gedit:2305847): Gtk-[1;33mWARNING[0m **: [34m10:40:48.491[0m: Calling org.xfce.Session.Manager.Inhibit failed: GDBus.Error:org.freedesktop.DBus.Error.UnknownMethod: Method "Inhibit" with signature "susu" on interface "org.xfce.Session.Manager" doesn't exist

rgeary1@g7-35:~/i240a/submit/lab4/exercises/1-point$ gedit main.cc make -f ../Makefile
g++ -MT main.o -MMD -MP -MF .deps/main.d -g -Wall -std=c++17 -c main.cc
g++ point.o main.o line.o -o main
cat </dev/null >.gitignore
echo .deps >.gitignore
for t in main point.o main.o line.o; do echo $t >>.gitignore; done
rgeary1@g7-35:~/i240a/submit/lab4/exercises/1-point$ make -f ../Makefile[5Pgedit main.cc make -f ../Makefile[5Pgedit main.cc make -f ../Makefile[5Pgedit main.cc make -f ../Makefile[K./main
distance from (0, 0) to (3, 4) is 5
(0, 0)--(3, 4)
 length = 5
distance from (0, 0) to (1, 1) is 1.41421
(0, 0)--(1, 1)
 length = 1.41421
distance from (0, 0) to (4, 5) is 6.40312
(0, 0)--(4, 5)
 length = 6.40312
distance from (3, 4) to (1, 1) is 3.60555
(3, 4)--(1, 1)
 length = 3.60555
distance from (3, 4) to (4, 5) is 1.41421
(3, 4)--(4, 5)
 length = 1.41421
distance from (1, 1) to (4, 5) is 5
(1, 1)--(4, 5)
 length = 5

sizeof(double) = 8
sizeof(Point) = 16
rgeary1@g7-35:~/i240a/submit/lab4/exercises/1-point$ ./mainmake -f ../Makefile[5Pgedit main.cc make -f ../Makefile[5Pgedit main.cc make -f ../Makefile[6Pgedit line.hhmake -f ../Makefile[6Pgedit line.hhmake -f ../Makefile[6Pgedit line.hh

(gedit:2305940): Gtk-[1;33mWARNING[0m **: [34m10:41:34.652[0m: Calling org.xfce.Session.Manager.Inhibit failed: GDBus.Error:org.freedesktop.DBus.Error.UnknownMethod: Method "Inhibit" with signature "susu" on interface "org.xfce.Session.Manager" doesn't exist

rgeary1@g7-35:~/i240a/submit/lab4/exercises/1-point$ gedit line.hh[7P./mainmake -f ../Makefile
g++ -MT line.o -MMD -MP -MF .deps/line.d -g -Wall -std=c++17 -c line.cc
g++ point.o main.o line.o -o main
cat </dev/null >.gitignore
echo .deps >.gitignore
for t in main point.o main.o line.o; do echo $t >>.gitignore; done
rgeary1@g7-35:~/i240a/submit/lab4/exercises/1-point$ make -f ../Makefile[6Pgedit line.hhmake -f ../Makefile[6Pgedit line.hh[7P./main
distance from (0, 0) to (3, 4) is 5
(0, 0)--(3, 4) length = 5
distance from (0, 0) to (1, 1) is 1.41421
(0, 0)--(1, 1) length = 1.41421
distance from (0, 0) to (4, 5) is 6.40312
(0, 0)--(4, 5) length = 6.40312
distance from (3, 4) to (1, 1) is 3.60555
(3, 4)--(1, 1) length = 3.60555
distance from (3, 4) to (4, 5) is 1.41421
(3, 4)--(4, 5) length = 1.41421
distance from (1, 1) to (4, 5) is 5
(1, 1)--(4, 5) length = 5

sizeof(double) = 8
sizeof(Point) = 16
rgeary1@g7-35:~/i240a/submit/lab4/exercises/1-point$ cd [K[Kd ..
rgeary1@g7-35:~/i240a/submit/lab4/exercises$ cd ex[K[K[K[K[Kcd 2-shape/
rgeary1@g7-35:~/i240a/submit/lab4/exercises/2-shape$ ls -l
total 24
-rw-r--r-- 1 rgeary1 rgeary1 1505 Feb 20 10:00 main.cc
-rw-r--r-- 1 rgeary1 rgeary1  340 Feb 20 10:00 point.cc
-rw-r--r-- 1 rgeary1 rgeary1  375 Feb 20 10:00 point.hh
-rw-r--r-- 1 rgeary1 rgeary1 1758 Feb 20 10:00 shapes.hh
-rw-r--r-- 1 rgeary1 rgeary1  165 Feb 20 10:00 tostring.cc
-rw-r--r-- 1 rgeary1 rgeary1 1136 Feb 20 10:00 tostring.hh
rgeary1@g7-35:~/i240a/submit/lab4/exercises/2-shape$ gedit tostring.hh
rgeary1@g7-35:~/i240a/submit/lab4/exercises/2-shape$ gedit tostring.hh[K[K[K[K[K[K[K[K[K[K[Kpoint.hh
rgeary1@g7-35:~/i240a/submit/lab4/exercises/2-shape$ gedit point.hhtostring.hh[3Ppoint.hh[C[1P.hh[1P.hh[1P.hh[1P.hh[1P.hhs.hhh.hha.hhp.hhe.hhs.hh
rgeary1@g7-35:~/i240a/submit/lab4/exercises/2-shape$ gedit shapes.hh[1Ppoint.hhtostring.hhls -l[Kcd 2-shape/..[K./mainmake -f ../Makefile
g++ -MT tostring.o -MMD -MP -MF .deps/tostring.d -g -Wall -std=c++17 -c tostring.cc
g++ -MT point.o -MMD -MP -MF .deps/point.d -g -Wall -std=c++17 -c point.cc
g++ -MT main.o -MMD -MP -MF .deps/main.d -g -Wall -std=c++17 -c main.cc
g++ tostring.o point.o main.o -o main
cat </dev/null >.gitignore
echo .deps >.gitignore
for t in main tostring.o point.o main.o; do echo $t >>.gitignore; done
rgeary1@g7-35:~/i240a/submit/lab4/exercises/2-shape$ ls -l
total 892
-rwxr-xr-x 1 rgeary1 rgeary1 252584 Feb 20 10:49 main
-rw-r--r-- 1 rgeary1 rgeary1   1505 Feb 20 10:00 main.cc
-rw-r--r-- 1 rgeary1 rgeary1 228912 Feb 20 10:49 main.o
-rw-r--r-- 1 rgeary1 rgeary1    340 Feb 20 10:00 point.cc
-rw-r--r-- 1 rgeary1 rgeary1    375 Feb 20 10:00 point.hh
-rw-r--r-- 1 rgeary1 rgeary1 196760 Feb 20 10:49 point.o
-rw-r--r-- 1 rgeary1 rgeary1   1758 Feb 20 10:00 shapes.hh
-rw-r--r-- 1 rgeary1 rgeary1    165 Feb 20 10:00 tostring.cc
-rw-r--r-- 1 rgeary1 rgeary1   1136 Feb 20 10:00 tostring.hh
-rw-r--r-- 1 rgeary1 rgeary1 201552 Feb 20 10:49 tostring.o
rgeary1@g7-35:~/i240a/submit/lab4/exercises/2-shape$ ./main
Circle[(0, 0), 1] perimeter: 6.28319
Rectangle[(1, 1), (4, 5)] perimeter: 14
Circle[(1, 1), 2] perimeter: 12.5664
Rectangle[(0, 0), (5, 4)] perimeter: 18

sizeof(double) = 8
sizeof(Point) = 24

sizeof(ToString) = 8
sizeof(Shape) = 8
sizeof(Circle) = 40
sizeof(Rectangle) = 56

rgeary1@g7-35:~/i240a/submit/lab4/exercises/2-shape$ ./main[1Pls -lmake -f ../Makefile[4Pgedit shapes.hh

(gedit:2306911): Gtk-[1;33mWARNING[0m **: [34m10:50:00.891[0m: Calling org.xfce.Session.Manager.Inhibit failed: GDBus.Error:org.freedesktop.DBus.Error.UnknownMethod: Method "Inhibit" with signature "susu" on interface "org.xfce.Session.Manager" doesn't exist

rgeary1@g7-35:~/i240a/submit/lab4/exercises/2-shape$ gedit shapes.hh[9P./main[1Pls -lmake -f ../Makefile
g++ -MT main.o -MMD -MP -MF .deps/main.d -g -Wall -std=c++17 -c main.cc
g++ tostring.o point.o main.o -o main
rgeary1@g7-35:~/i240a/submit/lab4/exercises/2-shape$ make -f ../Makefile[4Pgedit shapes.hh[9P./main
Circle[(0, 0), 1] perimeter: 6.28319
Rectangle[(1, 1), (4, 5)] perimeter: 14
Circle[(1, 1), 2] perimeter: 12.5664
Rectangle[(0, 0), (5, 4)] perimeter: 18

sizeof(double) = 8
sizeof(Point) = 24

sizeof(ToString) = 8
sizeof(Shape) = 8
sizeof(Circle) = 40
sizeof(Rectangle) = 56

rgeary1@g7-35:~/i240a/submit/lab4/exercises/2-shape$ ./mainmake -f ../Makefile[4Pgedit shapes.hh[K[K[K[K[K[K[K[K[Kmain.cc

(gedit:2307230): Gtk-[1;33mWARNING[0m **: [34m10:52:46.538[0m: Calling org.xfce.Session.Manager.Inhibit failed: GDBus.Error:org.freedesktop.DBus.Error.UnknownMethod: Method "Inhibit" with signature "susu" on interface "org.xfce.Session.Manager" doesn't exist

rgeary1@g7-35:~/i240a/submit/lab4/exercises/2-shape$ gedit main.cc[7P./mainmake -f ../Makefile
g++ -MT main.o -MMD -MP -MF .deps/main.d -g -Wall -std=c++17 -c main.cc
g++ tostring.o point.o main.o -o main
cat </dev/null >.gitignore
echo .deps >.gitignore
for t in main tostring.o point.o main.o; do echo $t >>.gitignore; done
rgeary1@g7-35:~/i240a/submit/lab4/exercises/2-shape$ make -f ../Makefile[6Pgedit main.cc[7P./main
Circle[(0, 0), 1] perimeter: 6.28319
Circle[(0, 0), 1] area: 3.14159
Rectangle[(1, 1), (4, 5)] perimeter: 14
Rectangle[(1, 1), (4, 5)] area: 12
Circle[(1, 1), 2] perimeter: 12.5664
Circle[(1, 1), 2] area: 12.5664
Rectangle[(0, 0), (5, 4)] perimeter: 18
Rectangle[(0, 0), (5, 4)] area: 20

sizeof(double) = 8
sizeof(Point) = 24

sizeof(ToString) = 8
sizeof(Shape) = 8
sizeof(Circle) = 40
sizeof(Rectangle) = 56

rgeary1@g7-35:~/i240a/submit/lab4/exercises/2-shape$ cd submit/[K[K[K[K[K[K[Kexercises/3-expr
bash: cd: exercises/3-expr: No such file or directory
rgeary1@g7-35:~/i240a/submit/lab4/exercises/2-shape$ cd ..
rgeary1@g7-35:~/i240a/submit/lab4/exercises$ cd 3-expr/
rgeary1@g7-35:~/i240a/submit/lab4/exercises/3-expr$ ls -l
total 28
-rw-r--r-- 1 rgeary1 rgeary1  705 Feb 20 10:00 expr.cc
-rw-r--r-- 1 rgeary1 rgeary1 2953 Feb 20 10:00 expr.hh
-rw-r--r-- 1 rgeary1 rgeary1  317 Feb 20 10:00 main.cc
-rw-r--r-- 1 rgeary1 rgeary1  938 Feb 20 10:00 parse.cc
-rw-r--r-- 1 rgeary1 rgeary1  211 Feb 20 10:00 parse.hh
-rw-r--r-- 1 rgeary1 rgeary1  165 Feb 20 10:00 tostring.cc
-rw-r--r-- 1 rgeary1 rgeary1  360 Feb 20 10:00 tostring.hh
rgeary1@g7-35:~/i240a/submit/lab4/exercises/3-expr$ ls -lcd 3-expr/..[Kexercises/3-expr./main[Kmake -f ../Makefile
g++ -MT tostring.o -MMD -MP -MF .deps/tostring.d -g -Wall -std=c++17 -c tostring.cc
g++ -MT main.o -MMD -MP -MF .deps/main.d -g -Wall -std=c++17 -c main.cc
g++ -MT parse.o -MMD -MP -MF .deps/parse.d -g -Wall -std=c++17 -c parse.cc
g++ -MT expr.o -MMD -MP -MF .deps/expr.d -g -Wall -std=c++17 -c expr.cc
g++ tostring.o main.o parse.o expr.o -o main
cat </dev/null >.gitignore
echo .deps >.gitignore
for t in main tostring.o main.o parse.o expr.o; do echo $t >>.gitignore; done
rgeary1@g7-35:~/i240a/submit/lab4/exercises/3-expr$ make -f ../Makefilels -l[Kcd 3-expr/..[Kexercises/3-expr./main[K '+1 *2 3" [K[K' '* + 1 2 3' '+ /  40 5 - 3 2'
(1) + ((2) * (3))
((1) + (2)) * (3)
((40) / (5)) + ((3) - (2))
rgeary1@g7-35:~/i240a/submit/lab4/exercises/3-expr$ gedit expr.cc

(gedit:2308121): Gtk-[1;33mWARNING[0m **: [34m11:09:50.160[0m: Calling org.xfce.Session.Manager.Inhibit failed: GDBus.Error:org.freedesktop.DBus.Error.UnknownMethod: Method "Inhibit" with signature "susu" on interface "org.xfce.Session.Manager" doesn't exist

rgeary1@g7-35:~/i240a/submit/lab4/exercises/3-expr$ gedit expr.cc./main '+1 *2 3' '* + 1 2 3' '+ / 40 5 - 3 2'[A[C[C[C[C[C[C[C[C[C[C[C[C[C[C[C[C[C[C[C[C[C[C[C[C[C[C[C[C[C[C[C[C[C[C[C[C[C[C[C[C[14Pmake -f ../Makefile
[K[A[C[C[C[C[C[C[C[C[C[C[C[C[C[C[C[C[C[C[C[C[C[C[C[C[C[C[C[C[C[C[C[C[C[C[C[C[C[C[C[C[C[C[C[C[C[C[C[C[C[C[C[C[C[C[C[C[C[C[C[C[C[C[C[C[C[C[C[C[C[C[C
g++ -MT main.o -MMD -MP -MF .deps/main.d -g -Wall -std=c++17 -c main.cc
In file included from [01m[Kmain.cc:1[m[K:
[01m[Kexpr.hh:[m[K In member function ‘[01m[Kvirtual int AddExpr::eval() const[m[K’:
[01m[Kexpr.hh:62:32:[m[K [01;31m[Kerror: [m[K‘[01m[Kconst ExprPtr[m[K’ {aka ‘[01m[Kconst class std::shared_ptr<Expr>[m[K’} has no member named ‘[01m[Keval[m[K’
   int eval() const{return left.[01;31m[Keval[m[K() + right.eval();}
                                [01;31m[K^~~~[m[K
[01m[Kexpr.hh:62:47:[m[K [01;31m[Kerror: [m[K‘[01m[Kconst ExprPtr[m[K’ {aka ‘[01m[Kconst class std::shared_ptr<Expr>[m[K’} has no member named ‘[01m[Keval[m[K’
   int eval() const{return left.eval() + right.[01;31m[Keval[m[K();}
                                               [01;31m[K^~~~[m[K
[01m[Kexpr.hh:[m[K In member function ‘[01m[Kvirtual int SubExpr::eval() const[m[K’:
[01m[Kexpr.hh:85:32:[m[K [01;31m[Kerror: [m[K‘[01m[Kconst ExprPtr[m[K’ {aka ‘[01m[Kconst class std::shared_ptr<Expr>[m[K’} has no member named ‘[01m[Keval[m[K’
   int eval() const{return left.[01;31m[Keval[m[K() - right.eval();}
                                [01;31m[K^~~~[m[K
[01m[Kexpr.hh:85:47:[m[K [01;31m[Kerror: [m[K‘[01m[Kconst ExprPtr[m[K’ {aka ‘[01m[Kconst class std::shared_ptr<Expr>[m[K’} has no member named ‘[01m[Keval[m[K’
   int eval() const{return left.eval() - right.[01;31m[Keval[m[K();}
                                               [01;31m[K^~~~[m[K
[01m[Kexpr.hh:[m[K In member function ‘[01m[Kvirtual int MulExpr::eval() const[m[K’:
[01m[Kexpr.hh:108:32:[m[K [01;31m[Kerror: [m[K‘[01m[Kconst ExprPtr[m[K’ {aka ‘[01m[Kconst class std::shared_ptr<Expr>[m[K’} has no member named ‘[01m[Keval[m[K’
   int eval() const{return left.[01;31m[Keval[m[K()*right.eval();}
                                [01;31m[K^~~~[m[K
[01m[Kexpr.hh:108:45:[m[K [01;31m[Kerror: [m[K‘[01m[Kconst ExprPtr[m[K’ {aka ‘[01m[Kconst class std::shared_ptr<Expr>[m[K’} has no member named ‘[01m[Keval[m[K’
   int eval() const{return left.eval()*right.[01;31m[Keval[m[K();}
                                             [01;31m[K^~~~[m[K
[01m[Kexpr.hh:[m[K In member function ‘[01m[Kvirtual int DivExpr::eval() const[m[K’:
[01m[Kexpr.hh:130:32:[m[K [01;31m[Kerror: [m[K‘[01m[Kconst ExprPtr[m[K’ {aka ‘[01m[Kconst class std::shared_ptr<Expr>[m[K’} has no member named ‘[01m[Keval[m[K’
   int eval() const{return left.[01;31m[Keval[m[K()/right.eval();}
                                [01;31m[K^~~~[m[K
[01m[Kexpr.hh:130:45:[m[K [01;31m[Kerror: [m[K‘[01m[Kconst ExprPtr[m[K’ {aka ‘[01m[Kconst class std::shared_ptr<Expr>[m[K’} has no member named ‘[01m[Keval[m[K’
   int eval() const{return left.eval()/right.[01;31m[Keval[m[K();}
                                             [01;31m[K^~~~[m[K
make: *** [../Makefile:48: main.o] Error 1
rgeary1@g7-35:~/i240a/submit/lab4/exercises/3-expr$ make -f ../Makefile[6Pgedit expr.cc

(gedit:2309997): Gtk-[1;33mWARNING[0m **: [34m11:16:58.396[0m: Calling org.xfce.Session.Manager.Inhibit failed: GDBus.Error:org.freedesktop.DBus.Error.UnknownMethod: Method "Inhibit" with signature "susu" on interface "org.xfce.Session.Manager" doesn't exist

rgeary1@g7-35:~/i240a/submit/lab4/exercises/3-expr$ gedit expr.ccmake -f ../Makefile
g++ -MT main.o -MMD -MP -MF .deps/main.d -g -Wall -std=c++17 -c main.cc
In file included from [01m[Kmain.cc:1[m[K:
[01m[Kexpr.hh:[m[K In member function ‘[01m[Kvirtual int AddExpr::eval() const[m[K’:
[01m[Kexpr.hh:62:33:[m[K [01;31m[Kerror: [m[K‘[01m[Kconst ExprPtr[m[K’ {aka ‘[01m[Kconst class std::shared_ptr<Expr>[m[K’} has no member named ‘[01m[Keval[m[K’
   int eval() const{return *left.[01;31m[Keval[m[K() + *right.eval();}
                                 [01;31m[K^~~~[m[K
[01m[Kexpr.hh:62:49:[m[K [01;31m[Kerror: [m[K‘[01m[Kconst ExprPtr[m[K’ {aka ‘[01m[Kconst class std::shared_ptr<Expr>[m[K’} has no member named ‘[01m[Keval[m[K’
   int eval() const{return *left.eval() + *right.[01;31m[Keval[m[K();}
                                                 [01;31m[K^~~~[m[K
[01m[Kexpr.hh:[m[K In member function ‘[01m[Kvirtual int SubExpr::eval() const[m[K’:
[01m[Kexpr.hh:85:33:[m[K [01;31m[Kerror: [m[K‘[01m[Kconst ExprPtr[m[K’ {aka ‘[01m[Kconst class std::shared_ptr<Expr>[m[K’} has no member named ‘[01m[Keval[m[K’
   int eval() const{return *left.[01;31m[Keval[m[K() - *right.eval();}
                                 [01;31m[K^~~~[m[K
[01m[Kexpr.hh:85:49:[m[K [01;31m[Kerror: [m[K‘[01m[Kconst ExprPtr[m[K’ {aka ‘[01m[Kconst class std::shared_ptr<Expr>[m[K’} has no member named ‘[01m[Keval[m[K’
   int eval() const{return *left.eval() - *right.[01;31m[Keval[m[K();}
                                                 [01;31m[K^~~~[m[K
[01m[Kexpr.hh:[m[K In member function ‘[01m[Kvirtual int MulExpr::eval() const[m[K’:
[01m[Kexpr.hh:108:33:[m[K [01;31m[Kerror: [m[K‘[01m[Kconst ExprPtr[m[K’ {aka ‘[01m[Kconst class std::shared_ptr<Expr>[m[K’} has no member named ‘[01m[Keval[m[K’
   int eval() const{return *left.[01;31m[Keval[m[K()*(*right.eval());}
                                 [01;31m[K^~~~[m[K
[01m[Kexpr.hh:108:48:[m[K [01;31m[Kerror: [m[K‘[01m[Kconst ExprPtr[m[K’ {aka ‘[01m[Kconst class std::shared_ptr<Expr>[m[K’} has no member named ‘[01m[Keval[m[K’
   int eval() const{return *left.eval()*(*right.[01;31m[Keval[m[K());}
                                                [01;31m[K^~~~[m[K
[01m[Kexpr.hh:[m[K In member function ‘[01m[Kvirtual int DivExpr::eval() const[m[K’:
[01m[Kexpr.hh:130:33:[m[K [01;31m[Kerror: [m[K‘[01m[Kconst ExprPtr[m[K’ {aka ‘[01m[Kconst class std::shared_ptr<Expr>[m[K’} has no member named ‘[01m[Keval[m[K’
   int eval() const{return *left.[01;31m[Keval[m[K()/(*right.eval());}
                                 [01;31m[K^~~~[m[K
[01m[Kexpr.hh:130:48:[m[K [01;31m[Kerror: [m[K‘[01m[Kconst ExprPtr[m[K’ {aka ‘[01m[Kconst class std::shared_ptr<Expr>[m[K’} has no member named ‘[01m[Keval[m[K’
   int eval() const{return *left.eval()/(*right.[01;31m[Keval[m[K());}
                                                [01;31m[K^~~~[m[K
make: *** [../Makefile:48: main.o] Error 1
rgeary1@g7-35:~/i240a/submit/lab4/exercises/3-expr$ make -f ../Makefile[6Pgedit expr.cc

(gedit:2310815): Gtk-[1;33mWARNING[0m **: [34m11:23:17.134[0m: Calling org.xfce.Session.Manager.Inhibit failed: GDBus.Error:org.freedesktop.DBus.Error.UnknownMethod: Method "Inhibit" with signature "susu" on interface "org.xfce.Session.Manager" doesn't exist

rgeary1@g7-35:~/i240a/submit/lab4/exercises/3-expr$ gedit expr.ccmake -f ../Makefile
g++ -MT main.o -MMD -MP -MF .deps/main.d -g -Wall -std=c++17 -c main.cc
In file included from [01m[Kmain.cc:1[m[K:
[01m[Kexpr.hh:[m[K In member function ‘[01m[Kvirtual int AddExpr::eval() const[m[K’:
[01m[Kexpr.hh:62:32:[m[K [01;31m[Kerror: [m[Kno match for ‘[01m[Koperator+[m[K’ (operand types are ‘[01m[Kstd::__shared_ptr_access<Expr, (__gnu_cxx::_Lock_policy)2, false, false>::element_type[m[K’ {aka ‘[01m[KExpr[m[K’} and ‘[01m[Kstd::__shared_ptr_access<Expr, (__gnu_cxx::_Lock_policy)2, false, false>::element_type[m[K’ {aka ‘[01m[KExpr[m[K’})
   int eval() const{return [01;31m[K*left+ *right[m[K;}
                           [01;31m[K~~~~~^~~~~~~~[m[K
[01m[Kexpr.hh:[m[K In member function ‘[01m[Kvirtual int SubExpr::eval() const[m[K’:
[01m[Kexpr.hh:85:32:[m[K [01;31m[Kerror: [m[Kno match for ‘[01m[Koperator-[m[K’ (operand types are ‘[01m[Kstd::__shared_ptr_access<Expr, (__gnu_cxx::_Lock_policy)2, false, false>::element_type[m[K’ {aka ‘[01m[KExpr[m[K’} and ‘[01m[Kstd::__shared_ptr_access<Expr, (__gnu_cxx::_Lock_policy)2, false, false>::element_type[m[K’ {aka ‘[01m[KExpr[m[K’})
   int eval() const{return [01;31m[K*left- *right[m[K;}
                           [01;31m[K~~~~~^~~~~~~~[m[K
[01m[Kexpr.hh:[m[K In member function ‘[01m[Kvirtual int MulExpr::eval() const[m[K’:
[01m[Kexpr.hh:108:32:[m[K [01;31m[Kerror: [m[Kno match for ‘[01m[Koperator*[m[K’ (operand types are ‘[01m[Kstd::__shared_ptr_access<Expr, (__gnu_cxx::_Lock_policy)2, false, false>::element_type[m[K’ {aka ‘[01m[KExpr[m[K’} and ‘[01m[Kstd::__shared_ptr_access<Expr, (__gnu_cxx::_Lock_policy)2, false, false>::element_type[m[K’ {aka ‘[01m[KExpr[m[K’})
   int eval() const{return [01;31m[K*left*(*right)[m[K;}
                           [01;31m[K~~~~~^~~~~~~~~[m[K
[01m[Kexpr.hh:[m[K In member function ‘[01m[Kvirtual int DivExpr::eval() const[m[K’:
[01m[Kexpr.hh:130:32:[m[K [01;31m[Kerror: [m[Kno match for ‘[01m[Koperator/[m[K’ (operand types are ‘[01m[Kstd::__shared_ptr_access<Expr, (__gnu_cxx::_Lock_policy)2, false, false>::element_type[m[K’ {aka ‘[01m[KExpr[m[K’} and ‘[01m[Kstd::__shared_ptr_access<Expr, (__gnu_cxx::_Lock_policy)2, false, false>::element_type[m[K’ {aka ‘[01m[KExpr[m[K’})
   int eval() const{return [01;31m[K*left/(*right)[m[K;}
                           [01;31m[K~~~~~^~~~~~~~~[m[K
make: *** [../Makefile:48: main.o] Error 1
rgeary1@g7-35:~/i240a/submit/lab4/exercises/3-expr$ make -f ../Makefile[6Pgedit expr.cc

(gedit:2311083): Gtk-[1;33mWARNING[0m **: [34m11:25:40.175[0m: Calling org.xfce.Session.Manager.Inhibit failed: GDBus.Error:org.freedesktop.DBus.Error.UnknownMethod: Method "Inhibit" with signature "susu" on interface "org.xfce.Session.Manager" doesn't exist

rgeary1@g7-35:~/i240a/submit/lab4/exercises/3-expr$ gedit expr.ccmake -f ../Makefile
g++ -MT main.o -MMD -MP -MF .deps/main.d -g -Wall -std=c++17 -c main.cc
In file included from [01m[K/usr/include/x86_64-linux-gnu/c++/8/bits/c++allocator.h:33[m[K,
                 from [01m[K/usr/include/c++/8/bits/allocator.h:46[m[K,
                 from [01m[K/usr/include/c++/8/string:41[m[K,
                 from [01m[K/usr/include/c++/8/bits/locale_classes.h:40[m[K,
                 from [01m[K/usr/include/c++/8/bits/ios_base.h:41[m[K,
                 from [01m[K/usr/include/c++/8/ios:42[m[K,
                 from [01m[K/usr/include/c++/8/ostream:38[m[K,
                 from [01m[K/usr/include/c++/8/iostream:39[m[K,
                 from [01m[Ktostring.hh:4[m[K,
                 from [01m[Kexpr.hh:4[m[K,
                 from [01m[Kmain.cc:1[m[K:
/usr/include/c++/8/ext/new_allocator.h: In instantiation of ‘[01m[Kvoid __gnu_cxx::new_allocator<_Tp>::construct(_Up*, _Args&& ...) [with _Up = IntExpr; _Args = {int&, IntExpr::Private}; _Tp = IntExpr][m[K’:
[01m[K/usr/include/c++/8/bits/alloc_traits.h:475:4:[m[K   required from ‘[01m[Kstatic void std::allocator_traits<std::allocator<_CharT> >::construct(std::allocator_traits<std::allocator<_CharT> >::allocator_type&, _Up*, _Args&& ...) [with _Up = IntExpr; _Args = {int&, IntExpr::Private}; _Tp = IntExpr; std::allocator_traits<std::allocator<_CharT> >::allocator_type = std::allocator<IntExpr>][m[K’
[01m[K/usr/include/c++/8/bits/shared_ptr_base.h:545:39:[m[K   required from ‘[01m[Kstd::_Sp_counted_ptr_inplace<_Tp, _Alloc, _Lp>::_Sp_counted_ptr_inplace(_Alloc, _Args&& ...) [with _Args = {int&, IntExpr::Private}; _Tp = IntExpr; _Alloc = std::allocator<IntExpr>; __gnu_cxx::_Lock_policy _Lp = (__gnu_cxx::_Lock_policy)2][m[K’
[01m[K/usr/include/c++/8/bits/shared_ptr_base.h:677:16:[m[K   required from ‘[01m[Kstd::__shared_count<_Lp>::__shared_count(_Tp*&, std::_Sp_alloc_shared_tag<_Alloc>, _Args&& ...) [with _Tp = IntExpr; _Alloc = std::allocator<IntExpr>; _Args = {int&, IntExpr::Private}; __gnu_cxx::_Lock_policy _Lp = (__gnu_cxx::_Lock_policy)2][m[K’
[01m[K/usr/include/c++/8/bits/shared_ptr_base.h:1342:71:[m[K   required from ‘[01m[Kstd::__shared_ptr<_Tp, _Lp>::__shared_ptr(std::_Sp_alloc_shared_tag<_Tp>, _Args&& ...) [with _Alloc = std::allocator<IntExpr>; _Args = {int&, IntExpr::Private}; _Tp = IntExpr; __gnu_cxx::_Lock_policy _Lp = (__gnu_cxx::_Lock_policy)2][m[K’
[01m[K/usr/include/c++/8/bits/shared_ptr.h:359:59:[m[K   required from ‘[01m[Kstd::shared_ptr<_Tp>::shared_ptr(std::_Sp_alloc_shared_tag<_Tp>, _Args&& ...) [with _Alloc = std::allocator<IntExpr>; _Args = {int&, IntExpr::Private}; _Tp = IntExpr][m[K’
[01m[K/usr/include/c++/8/bits/shared_ptr.h:705:14:[m[K   required from ‘[01m[Kstd::shared_ptr<_Tp> std::allocate_shared(const _Alloc&, _Args&& ...) [with _Tp = IntExpr; _Alloc = std::allocator<IntExpr>; _Args = {int&, IntExpr::Private}][m[K’
[01m[K/usr/include/c++/8/bits/shared_ptr.h:721:39:[m[K   required from ‘[01m[Kstd::shared_ptr<_Tp> std::make_shared(_Args&& ...) [with _Tp = IntExpr; _Args = {int&, IntExpr::Private}][m[K’
[01m[Kexpr.hh:27:55:[m[K   required from here
[01m[K/usr/include/c++/8/ext/new_allocator.h:136:4:[m[K [01;31m[Kerror: [m[Kinvalid new-expression of abstract class type ‘[01m[KIntExpr[m[K’
  { [01;31m[K::new((void *)__p) _Up(std::forward<_Args>(__args)...)[m[K; }
    [01;31m[K^~~~~~~~~~~~~~~~~~~~~~~~~~~~~~~~~~~~~~~~~~~~~~~~~~~~~~[m[K
In file included from [01m[Kmain.cc:1[m[K:
[01m[Kexpr.hh:19:7:[m[K [01;36m[Knote: [m[K  because the following virtual functions are pure within ‘[01m[KIntExpr[m[K’:
 class [01;36m[KIntExpr[m[K : public Expr {
       [01;36m[K^~~~~~~[m[K
[01m[Kexpr.hh:11:15:[m[K [01;36m[Knote: [m[K	‘[01m[Kvirtual int Expr::eval() const[m[K’
   virtual int [01;36m[Keval[m[K() const = 0;
               [01;36m[K^~~~[m[K
In file included from [01m[K/usr/include/x86_64-linux-gnu/c++/8/bits/c++allocator.h:33[m[K,
                 from [01m[K/usr/include/c++/8/bits/allocator.h:46[m[K,
                 from [01m[K/usr/include/c++/8/string:41[m[K,
                 from [01m[K/usr/include/c++/8/bits/locale_classes.h:40[m[K,
                 from [01m[K/usr/include/c++/8/bits/ios_base.h:41[m[K,
                 from [01m[K/usr/include/c++/8/ios:42[m[K,
                 from [01m[K/usr/include/c++/8/ostream:38[m[K,
                 from [01m[K/usr/include/c++/8/iostream:39[m[K,
                 from [01m[Ktostring.hh:4[m[K,
                 from [01m[Kexpr.hh:4[m[K,
                 from [01m[Kmain.cc:1[m[K:
/usr/include/c++/8/ext/new_allocator.h: In instantiation of ‘[01m[Kvoid __gnu_cxx::new_allocator<_Tp>::construct(_Up*, _Args&& ...) [with _Up = AddExpr; _Args = {std::shared_ptr<Expr>&, std::shared_ptr<Expr>&, AddExpr::Private}; _Tp = AddExpr][m[K’:
[01m[K/usr/include/c++/8/bits/alloc_traits.h:475:4:[m[K   required from ‘[01m[Kstatic void std::allocator_traits<std::allocator<_CharT> >::construct(std::allocator_traits<std::allocator<_CharT> >::allocator_type&, _Up*, _Args&& ...) [with _Up = AddExpr; _Args = {std::shared_ptr<Expr>&, std::shared_ptr<Expr>&, AddExpr::Private}; _Tp = AddExpr; std::allocator_traits<std::allocator<_CharT> >::allocator_type = std::allocator<AddExpr>][m[K’
[01m[K/usr/include/c++/8/bits/shared_ptr_base.h:545:39:[m[K   required from ‘[01m[Kstd::_Sp_counted_ptr_inplace<_Tp, _Alloc, _Lp>::_Sp_counted_ptr_inplace(_Alloc, _Args&& ...) [with _Args = {std::shared_ptr<Expr>&, std::shared_ptr<Expr>&, AddExpr::Private}; _Tp = AddExpr; _Alloc = std::allocator<AddExpr>; __gnu_cxx::_Lock_policy _Lp = (__gnu_cxx::_Lock_policy)2][m[K’
[01m[K/usr/include/c++/8/bits/shared_ptr_base.h:677:16:[m[K   required from ‘[01m[Kstd::__shared_count<_Lp>::__shared_count(_Tp*&, std::_Sp_alloc_shared_tag<_Alloc>, _Args&& ...) [with _Tp = AddExpr; _Alloc = std::allocator<AddExpr>; _Args = {std::shared_ptr<Expr>&, std::shared_ptr<Expr>&, AddExpr::Private}; __gnu_cxx::_Lock_policy _Lp = (__gnu_cxx::_Lock_policy)2][m[K’
[01m[K/usr/include/c++/8/bits/shared_ptr_base.h:1342:71:[m[K   required from ‘[01m[Kstd::__shared_ptr<_Tp, _Lp>::__shared_ptr(std::_Sp_alloc_shared_tag<_Tp>, _Args&& ...) [with _Alloc = std::allocator<AddExpr>; _Args = {std::shared_ptr<Expr>&, std::shared_ptr<Expr>&, AddExpr::Private}; _Tp = AddExpr; __gnu_cxx::_Lock_policy _Lp = (__gnu_cxx::_Lock_policy)2][m[K’
[01m[K/usr/include/c++/8/bits/shared_ptr.h:359:59:[m[K   required from ‘[01m[Kstd::shared_ptr<_Tp>::shared_ptr(std::_Sp_alloc_shared_tag<_Tp>, _Args&& ...) [with _Alloc = std::allocator<AddExpr>; _Args = {std::shared_ptr<Expr>&, std::shared_ptr<Expr>&, AddExpr::Private}; _Tp = AddExpr][m[K’
[01m[K/usr/include/c++/8/bits/shared_ptr.h:705:14:[m[K   required from ‘[01m[Kstd::shared_ptr<_Tp> std::allocate_shared(const _Alloc&, _Args&& ...) [with _Tp = AddExpr; _Alloc = std::allocator<AddExpr>; _Args = {std::shared_ptr<Expr>&, std::shared_ptr<Expr>&, AddExpr::Private}][m[K’
[01m[K/usr/include/c++/8/bits/shared_ptr.h:721:39:[m[K   required from ‘[01m[Kstd::shared_ptr<_Tp> std::make_shared(_Args&& ...) [with _Tp = AddExpr; _Args = {std::shared_ptr<Expr>&, std::shared_ptr<Expr>&, AddExpr::Private}][m[K’
[01m[Kexpr.hh:52:63:[m[K   required from here
[01m[K/usr/include/c++/8/ext/new_allocator.h:136:4:[m[K [01;31m[Kerror: [m[Kinvalid new-expression of abstract class type ‘[01m[KAddExpr[m[K’
  { [01;31m[K::new((void *)__p) _Up(std::forward<_Args>(__args)...)[m[K; }
    [01;31m[K^~~~~~~~~~~~~~~~~~~~~~~~~~~~~~~~~~~~~~~~~~~~~~~~~~~~~~[m[K
In file included from [01m[Kmain.cc:1[m[K:
[01m[Kexpr.hh:43:7:[m[K [01;36m[Knote: [m[K  because the following virtual functions are pure within ‘[01m[KAddExpr[m[K’:
 class [01;36m[KAddExpr[m[K : public Expr {
       [01;36m[K^~~~~~~[m[K
[01m[Kexpr.hh:11:15:[m[K [01;36m[Knote: [m[K	‘[01m[Kvirtual int Expr::eval() const[m[K’
   virtual int [01;36m[Keval[m[K() const = 0;
               [01;36m[K^~~~[m[K
In file included from [01m[K/usr/include/x86_64-linux-gnu/c++/8/bits/c++allocator.h:33[m[K,
                 from [01m[K/usr/include/c++/8/bits/allocator.h:46[m[K,
                 from [01m[K/usr/include/c++/8/string:41[m[K,
                 from [01m[K/usr/include/c++/8/bits/locale_classes.h:40[m[K,
                 from [01m[K/usr/include/c++/8/bits/ios_base.h:41[m[K,
                 from [01m[K/usr/include/c++/8/ios:42[m[K,
                 from [01m[K/usr/include/c++/8/ostream:38[m[K,
                 from [01m[K/usr/include/c++/8/iostream:39[m[K,
                 from [01m[Ktostring.hh:4[m[K,
                 from [01m[Kexpr.hh:4[m[K,
                 from [01m[Kmain.cc:1[m[K:
/usr/include/c++/8/ext/new_allocator.h: In instantiation of ‘[01m[Kvoid __gnu_cxx::new_allocator<_Tp>::construct(_Up*, _Args&& ...) [with _Up = SubExpr; _Args = {std::shared_ptr<Expr>&, std::shared_ptr<Expr>&, SubExpr::Private}; _Tp = SubExpr][m[K’:
[01m[K/usr/include/c++/8/bits/alloc_traits.h:475:4:[m[K   required from ‘[01m[Kstatic void std::allocator_traits<std::allocator<_CharT> >::construct(std::allocator_traits<std::allocator<_CharT> >::allocator_type&, _Up*, _Args&& ...) [with _Up = SubExpr; _Args = {std::shared_ptr<Expr>&, std::shared_ptr<Expr>&, SubExpr::Private}; _Tp = SubExpr; std::allocator_traits<std::allocator<_CharT> >::allocator_type = std::allocator<SubExpr>][m[K’
[01m[K/usr/include/c++/8/bits/shared_ptr_base.h:545:39:[m[K   required from ‘[01m[Kstd::_Sp_counted_ptr_inplace<_Tp, _Alloc, _Lp>::_Sp_counted_ptr_inplace(_Alloc, _Args&& ...) [with _Args = {std::shared_ptr<Expr>&, std::shared_ptr<Expr>&, SubExpr::Private}; _Tp = SubExpr; _Alloc = std::allocator<SubExpr>; __gnu_cxx::_Lock_policy _Lp = (__gnu_cxx::_Lock_policy)2][m[K’
[01m[K/usr/include/c++/8/bits/shared_ptr_base.h:677:16:[m[K   required from ‘[01m[Kstd::__shared_count<_Lp>::__shared_count(_Tp*&, std::_Sp_alloc_shared_tag<_Alloc>, _Args&& ...) [with _Tp = SubExpr; _Alloc = std::allocator<SubExpr>; _Args = {std::shared_ptr<Expr>&, std::shared_ptr<Expr>&, SubExpr::Private}; __gnu_cxx::_Lock_policy _Lp = (__gnu_cxx::_Lock_policy)2][m[K’
[01m[K/usr/include/c++/8/bits/shared_ptr_base.h:1342:71:[m[K   required from ‘[01m[Kstd::__shared_ptr<_Tp, _Lp>::__shared_ptr(std::_Sp_alloc_shared_tag<_Tp>, _Args&& ...) [with _Alloc = std::allocator<SubExpr>; _Args = {std::shared_ptr<Expr>&, std::shared_ptr<Expr>&, SubExpr::Private}; _Tp = SubExpr; __gnu_cxx::_Lock_policy _Lp = (__gnu_cxx::_Lock_policy)2][m[K’
[01m[K/usr/include/c++/8/bits/shared_ptr.h:359:59:[m[K   required from ‘[01m[Kstd::shared_ptr<_Tp>::shared_ptr(std::_Sp_alloc_shared_tag<_Tp>, _Args&& ...) [with _Alloc = std::allocator<SubExpr>; _Args = {std::shared_ptr<Expr>&, std::shared_ptr<Expr>&, SubExpr::Private}; _Tp = SubExpr][m[K’
[01m[K/usr/include/c++/8/bits/shared_ptr.h:705:14:[m[K   required from ‘[01m[Kstd::shared_ptr<_Tp> std::allocate_shared(const _Alloc&, _Args&& ...) [with _Tp = SubExpr; _Alloc = std::allocator<SubExpr>; _Args = {std::shared_ptr<Expr>&, std::shared_ptr<Expr>&, SubExpr::Private}][m[K’
[01m[K/usr/include/c++/8/bits/shared_ptr.h:721:39:[m[K   required from ‘[01m[Kstd::shared_ptr<_Tp> std::make_shared(_Args&& ...) [with _Tp = SubExpr; _Args = {std::shared_ptr<Expr>&, std::shared_ptr<Expr>&, SubExpr::Private}][m[K’
[01m[Kexpr.hh:75:63:[m[K   required from here
[01m[K/usr/include/c++/8/ext/new_allocator.h:136:4:[m[K [01;31m[Kerror: [m[Kinvalid new-expression of abstract class type ‘[01m[KSubExpr[m[K’
  { [01;31m[K::new((void *)__p) _Up(std::forward<_Args>(__args)...)[m[K; }
    [01;31m[K^~~~~~~~~~~~~~~~~~~~~~~~~~~~~~~~~~~~~~~~~~~~~~~~~~~~~~[m[K
In file included from [01m[Kmain.cc:1[m[K:
[01m[Kexpr.hh:66:7:[m[K [01;36m[Knote: [m[K  because the following virtual functions are pure within ‘[01m[KSubExpr[m[K’:
 class [01;36m[KSubExpr[m[K : public Expr {
       [01;36m[K^~~~~~~[m[K
[01m[Kexpr.hh:11:15:[m[K [01;36m[Knote: [m[K	‘[01m[Kvirtual int Expr::eval() const[m[K’
   virtual int [01;36m[Keval[m[K() const = 0;
               [01;36m[K^~~~[m[K
In file included from [01m[K/usr/include/x86_64-linux-gnu/c++/8/bits/c++allocator.h:33[m[K,
                 from [01m[K/usr/include/c++/8/bits/allocator.h:46[m[K,
                 from [01m[K/usr/include/c++/8/string:41[m[K,
                 from [01m[K/usr/include/c++/8/bits/locale_classes.h:40[m[K,
                 from [01m[K/usr/include/c++/8/bits/ios_base.h:41[m[K,
                 from [01m[K/usr/include/c++/8/ios:42[m[K,
                 from [01m[K/usr/include/c++/8/ostream:38[m[K,
                 from [01m[K/usr/include/c++/8/iostream:39[m[K,
                 from [01m[Ktostring.hh:4[m[K,
                 from [01m[Kexpr.hh:4[m[K,
                 from [01m[Kmain.cc:1[m[K:
/usr/include/c++/8/ext/new_allocator.h: In instantiation of ‘[01m[Kvoid __gnu_cxx::new_allocator<_Tp>::construct(_Up*, _Args&& ...) [with _Up = MulExpr; _Args = {std::shared_ptr<Expr>&, std::shared_ptr<Expr>&, MulExpr::Private}; _Tp = MulExpr][m[K’:
[01m[K/usr/include/c++/8/bits/alloc_traits.h:475:4:[m[K   required from ‘[01m[Kstatic void std::allocator_traits<std::allocator<_CharT> >::construct(std::allocator_traits<std::allocator<_CharT> >::allocator_type&, _Up*, _Args&& ...) [with _Up = MulExpr; _Args = {std::shared_ptr<Expr>&, std::shared_ptr<Expr>&, MulExpr::Private}; _Tp = MulExpr; std::allocator_traits<std::allocator<_CharT> >::allocator_type = std::allocator<MulExpr>][m[K’
[01m[K/usr/include/c++/8/bits/shared_ptr_base.h:545:39:[m[K   required from ‘[01m[Kstd::_Sp_counted_ptr_inplace<_Tp, _Alloc, _Lp>::_Sp_counted_ptr_inplace(_Alloc, _Args&& ...) [with _Args = {std::shared_ptr<Expr>&, std::shared_ptr<Expr>&, MulExpr::Private}; _Tp = MulExpr; _Alloc = std::allocator<MulExpr>; __gnu_cxx::_Lock_policy _Lp = (__gnu_cxx::_Lock_policy)2][m[K’
[01m[K/usr/include/c++/8/bits/shared_ptr_base.h:677:16:[m[K   required from ‘[01m[Kstd::__shared_count<_Lp>::__shared_count(_Tp*&, std::_Sp_alloc_shared_tag<_Alloc>, _Args&& ...) [with _Tp = MulExpr; _Alloc = std::allocator<MulExpr>; _Args = {std::shared_ptr<Expr>&, std::shared_ptr<Expr>&, MulExpr::Private}; __gnu_cxx::_Lock_policy _Lp = (__gnu_cxx::_Lock_policy)2][m[K’
[01m[K/usr/include/c++/8/bits/shared_ptr_base.h:1342:71:[m[K   required from ‘[01m[Kstd::__shared_ptr<_Tp, _Lp>::__shared_ptr(std::_Sp_alloc_shared_tag<_Tp>, _Args&& ...) [with _Alloc = std::allocator<MulExpr>; _Args = {std::shared_ptr<Expr>&, std::shared_ptr<Expr>&, MulExpr::Private}; _Tp = MulExpr; __gnu_cxx::_Lock_policy _Lp = (__gnu_cxx::_Lock_policy)2][m[K’
[01m[K/usr/include/c++/8/bits/shared_ptr.h:359:59:[m[K   required from ‘[01m[Kstd::shared_ptr<_Tp>::shared_ptr(std::_Sp_alloc_shared_tag<_Tp>, _Args&& ...) [with _Alloc = std::allocator<MulExpr>; _Args = {std::shared_ptr<Expr>&, std::shared_ptr<Expr>&, MulExpr::Private}; _Tp = MulExpr][m[K’
[01m[K/usr/include/c++/8/bits/shared_ptr.h:705:14:[m[K   required from ‘[01m[Kstd::shared_ptr<_Tp> std::allocate_shared(const _Alloc&, _Args&& ...) [with _Tp = MulExpr; _Alloc = std::allocator<MulExpr>; _Args = {std::shared_ptr<Expr>&, std::shared_ptr<Expr>&, MulExpr::Private}][m[K’
[01m[K/usr/include/c++/8/bits/shared_ptr.h:721:39:[m[K   required from ‘[01m[Kstd::shared_ptr<_Tp> std::make_shared(_Args&& ...) [with _Tp = MulExpr; _Args = {std::shared_ptr<Expr>&, std::shared_ptr<Expr>&, MulExpr::Private}][m[K’
[01m[Kexpr.hh:98:63:[m[K   required from here
[01m[K/usr/include/c++/8/ext/new_allocator.h:136:4:[m[K [01;31m[Kerror: [m[Kinvalid new-expression of abstract class type ‘[01m[KMulExpr[m[K’
  { [01;31m[K::new((void *)__p) _Up(std::forward<_Args>(__args)...)[m[K; }
    [01;31m[K^~~~~~~~~~~~~~~~~~~~~~~~~~~~~~~~~~~~~~~~~~~~~~~~~~~~~~[m[K
In file included from [01m[Kmain.cc:1[m[K:
[01m[Kexpr.hh:89:7:[m[K [01;36m[Knote: [m[K  because the following virtual functions are pure within ‘[01m[KMulExpr[m[K’:
 class [01;36m[KMulExpr[m[K : public Expr {
       [01;36m[K^~~~~~~[m[K
[01m[Kexpr.hh:11:15:[m[K [01;36m[Knote: [m[K	‘[01m[Kvirtual int Expr::eval() const[m[K’
   virtual int [01;36m[Keval[m[K() const = 0;
               [01;36m[K^~~~[m[K
In file included from [01m[K/usr/include/x86_64-linux-gnu/c++/8/bits/c++allocator.h:33[m[K,
                 from [01m[K/usr/include/c++/8/bits/allocator.h:46[m[K,
                 from [01m[K/usr/include/c++/8/string:41[m[K,
                 from [01m[K/usr/include/c++/8/bits/locale_classes.h:40[m[K,
                 from [01m[K/usr/include/c++/8/bits/ios_base.h:41[m[K,
                 from [01m[K/usr/include/c++/8/ios:42[m[K,
                 from [01m[K/usr/include/c++/8/ostream:38[m[K,
                 from [01m[K/usr/include/c++/8/iostream:39[m[K,
                 from [01m[Ktostring.hh:4[m[K,
                 from [01m[Kexpr.hh:4[m[K,
                 from [01m[Kmain.cc:1[m[K:
/usr/include/c++/8/ext/new_allocator.h: In instantiation of ‘[01m[Kvoid __gnu_cxx::new_allocator<_Tp>::construct(_Up*, _Args&& ...) [with _Up = DivExpr; _Args = {std::shared_ptr<Expr>&, std::shared_ptr<Expr>&, DivExpr::Private}; _Tp = DivExpr][m[K’:
[01m[K/usr/include/c++/8/bits/alloc_traits.h:475:4:[m[K   required from ‘[01m[Kstatic void std::allocator_traits<std::allocator<_CharT> >::construct(std::allocator_traits<std::allocator<_CharT> >::allocator_type&, _Up*, _Args&& ...) [with _Up = DivExpr; _Args = {std::shared_ptr<Expr>&, std::shared_ptr<Expr>&, DivExpr::Private}; _Tp = DivExpr; std::allocator_traits<std::allocator<_CharT> >::allocator_type = std::allocator<DivExpr>][m[K’
[01m[K/usr/include/c++/8/bits/shared_ptr_base.h:545:39:[m[K   required from ‘[01m[Kstd::_Sp_counted_ptr_inplace<_Tp, _Alloc, _Lp>::_Sp_counted_ptr_inplace(_Alloc, _Args&& ...) [with _Args = {std::shared_ptr<Expr>&, std::shared_ptr<Expr>&, DivExpr::Private}; _Tp = DivExpr; _Alloc = std::allocator<DivExpr>; __gnu_cxx::_Lock_policy _Lp = (__gnu_cxx::_Lock_policy)2][m[K’
[01m[K/usr/include/c++/8/bits/shared_ptr_base.h:677:16:[m[K   required from ‘[01m[Kstd::__shared_count<_Lp>::__shared_count(_Tp*&, std::_Sp_alloc_shared_tag<_Alloc>, _Args&& ...) [with _Tp = DivExpr; _Alloc = std::allocator<DivExpr>; _Args = {std::shared_ptr<Expr>&, std::shared_ptr<Expr>&, DivExpr::Private}; __gnu_cxx::_Lock_policy _Lp = (__gnu_cxx::_Lock_policy)2][m[K’
[01m[K/usr/include/c++/8/bits/shared_ptr_base.h:1342:71:[m[K   required from ‘[01m[Kstd::__shared_ptr<_Tp, _Lp>::__shared_ptr(std::_Sp_alloc_shared_tag<_Tp>, _Args&& ...) [with _Alloc = std::allocator<DivExpr>; _Args = {std::shared_ptr<Expr>&, std::shared_ptr<Expr>&, DivExpr::Private}; _Tp = DivExpr; __gnu_cxx::_Lock_policy _Lp = (__gnu_cxx::_Lock_policy)2][m[K’
[01m[K/usr/include/c++/8/bits/shared_ptr.h:359:59:[m[K   required from ‘[01m[Kstd::shared_ptr<_Tp>::shared_ptr(std::_Sp_alloc_shared_tag<_Tp>, _Args&& ...) [with _Alloc = std::allocator<DivExpr>; _Args = {std::shared_ptr<Expr>&, std::shared_ptr<Expr>&, DivExpr::Private}; _Tp = DivExpr][m[K’
[01m[K/usr/include/c++/8/bits/shared_ptr.h:705:14:[m[K   required from ‘[01m[Kstd::shared_ptr<_Tp> std::allocate_shared(const _Alloc&, _Args&& ...) [with _Tp = DivExpr; _Alloc = std::allocator<DivExpr>; _Args = {std::shared_ptr<Expr>&, std::shared_ptr<Expr>&, DivExpr::Private}][m[K’
[01m[K/usr/include/c++/8/bits/shared_ptr.h:721:39:[m[K   required from ‘[01m[Kstd::shared_ptr<_Tp> std::make_shared(_Args&& ...) [with _Tp = DivExpr; _Args = {std::shared_ptr<Expr>&, std::shared_ptr<Expr>&, DivExpr::Private}][m[K’
[01m[Kexpr.hh:120:63:[m[K   required from here
[01m[K/usr/include/c++/8/ext/new_allocator.h:136:4:[m[K [01;31m[Kerror: [m[Kinvalid new-expression of abstract class type ‘[01m[KDivExpr[m[K’
  { [01;31m[K::new((void *)__p) _Up(std::forward<_Args>(__args)...)[m[K; }
    [01;31m[K^~~~~~~~~~~~~~~~~~~~~~~~~~~~~~~~~~~~~~~~~~~~~~~~~~~~~~[m[K
In file included from [01m[Kmain.cc:1[m[K:
[01m[Kexpr.hh:111:7:[m[K [01;36m[Knote: [m[K  because the following virtual functions are pure within ‘[01m[KDivExpr[m[K’:
 class [01;36m[KDivExpr[m[K : public Expr {
       [01;36m[K^~~~~~~[m[K
[01m[Kexpr.hh:11:15:[m[K [01;36m[Knote: [m[K	‘[01m[Kvirtual int Expr::eval() const[m[K’
   virtual int [01;36m[Keval[m[K() const = 0;
               [01;36m[K^~~~[m[K
make: *** [../Makefile:48: main.o] Error 1
rgeary1@g7-35:~/i240a/submit/lab4/exercises/3-expr$ make -f ../Makefile[6Pgedit expr.cc

(gedit:2311495): Gtk-[1;33mWARNING[0m **: [34m11:28:43.400[0m: Calling org.xfce.Session.Manager.Inhibit failed: GDBus.Error:org.freedesktop.DBus.Error.UnknownMethod: Method "Inhibit" with signature "susu" on interface "org.xfce.Session.Manager" doesn't exist

rgeary1@g7-35:~/i240a/submit/lab4/exercises/3-expr$ gedit expr.ccmake -f ../Makefile
g++ -MT main.o -MMD -MP -MF .deps/main.d -g -Wall -std=c++17 -c main.cc
g++ -MT parse.o -MMD -MP -MF .deps/parse.d -g -Wall -std=c++17 -c parse.cc
g++ -MT expr.o -MMD -MP -MF .deps/expr.d -g -Wall -std=c++17 -c expr.cc
[01m[Kexpr.cc:47:1:[m[K [01;31m[Kerror: [m[Kno declaration matches ‘[01m[Kint IntExpr::eval() const[m[K’
 [01;31m[KIntExpr[m[K::eval() const
 [01;31m[K^~~~~~~[m[K
[01m[Kexpr.cc:47:1:[m[K [01;36m[Knote: [m[Kno functions named ‘[01m[Kint IntExpr::eval() const[m[K’
In file included from [01m[Kexpr.cc:1[m[K:
[01m[Kexpr.hh:18:7:[m[K [01;36m[Knote: [m[K‘[01m[Kclass IntExpr[m[K’ defined here
 class [01;36m[KIntExpr[m[K : public Expr {
       [01;36m[K^~~~~~~[m[K
[01m[Kexpr.cc:53:1:[m[K [01;31m[Kerror: [m[Kno declaration matches ‘[01m[Kint AddExpr::eval()[m[K’
 [01;31m[KAddExpr[m[K::eval(){
 [01;31m[K^~~~~~~[m[K
[01m[Kexpr.cc:53:1:[m[K [01;36m[Knote: [m[Kno functions named ‘[01m[Kint AddExpr::eval()[m[K’
In file included from [01m[Kexpr.cc:1[m[K:
[01m[Kexpr.hh:42:7:[m[K [01;36m[Knote: [m[K‘[01m[Kclass AddExpr[m[K’ defined here
 class [01;36m[KAddExpr[m[K : public Expr {
       [01;36m[K^~~~~~~[m[K
[01m[Kexpr.cc:58:1:[m[K [01;31m[Kerror: [m[Kno declaration matches ‘[01m[Kint SubExpr::eval()[m[K’
 [01;31m[KSubExpr[m[K::eval(){
 [01;31m[K^~~~~~~[m[K
[01m[Kexpr.cc:58:1:[m[K [01;36m[Knote: [m[Kno functions named ‘[01m[Kint SubExpr::eval()[m[K’
In file included from [01m[Kexpr.cc:1[m[K:
[01m[Kexpr.hh:65:7:[m[K [01;36m[Knote: [m[K‘[01m[Kclass SubExpr[m[K’ defined here
 class [01;36m[KSubExpr[m[K : public Expr {
       [01;36m[K^~~~~~~[m[K
[01m[Kexpr.cc:63:1:[m[K [01;31m[Kerror: [m[Kno declaration matches ‘[01m[Kint MulExpr::eval()[m[K’
 [01;31m[KMulExpr[m[K::eval(){
 [01;31m[K^~~~~~~[m[K
[01m[Kexpr.cc:63:1:[m[K [01;36m[Knote: [m[Kno functions named ‘[01m[Kint MulExpr::eval()[m[K’
In file included from [01m[Kexpr.cc:1[m[K:
[01m[Kexpr.hh:88:7:[m[K [01;36m[Knote: [m[K‘[01m[Kclass MulExpr[m[K’ defined here
 class [01;36m[KMulExpr[m[K : public Expr {
       [01;36m[K^~~~~~~[m[K
[01m[Kexpr.cc:68:1:[m[K [01;31m[Kerror: [m[Kno declaration matches ‘[01m[Kint DivExpr::eval()[m[K’
 [01;31m[KDivExpr[m[K::eval(){
 [01;31m[K^~~~~~~[m[K
[01m[Kexpr.cc:68:1:[m[K [01;36m[Knote: [m[Kno functions named ‘[01m[Kint DivExpr::eval()[m[K’
In file included from [01m[Kexpr.cc:1[m[K:
[01m[Kexpr.hh:110:7:[m[K [01;36m[Knote: [m[K‘[01m[Kclass DivExpr[m[K’ defined here
 class [01;36m[KDivExpr[m[K : public Expr {
       [01;36m[K^~~~~~~[m[K
make: *** [../Makefile:48: expr.o] Error 1
rgeary1@g7-35:~/i240a/submit/lab4/exercises/3-expr$ make -f ../Makefile[6Pgedit expr.ccmake -f ../Makefile[6Pgedit expr.ccmake -f ../Makefile[6Pgedit expr.cc

(gedit:2311744): Gtk-[1;33mWARNING[0m **: [34m11:30:48.350[0m: Calling org.xfce.Session.Manager.Inhibit failed: GDBus.Error:org.freedesktop.DBus.Error.UnknownMethod: Method "Inhibit" with signature "susu" on interface "org.xfce.Session.Manager" doesn't exist

rgeary1@g7-35:~/i240a/submit/lab4/exercises/3-expr$ gedit expr.ccmake -f ../Makefile
g++ -MT main.o -MMD -MP -MF .deps/main.d -g -Wall -std=c++17 -c main.cc
g++ -MT parse.o -MMD -MP -MF .deps/parse.d -g -Wall -std=c++17 -c parse.cc
g++ -MT expr.o -MMD -MP -MF .deps/expr.d -g -Wall -std=c++17 -c expr.cc
[01m[Kexpr.cc:53:1:[m[K [01;31m[Kerror: [m[Kno declaration matches ‘[01m[Kint AddExpr::eval()[m[K’
 [01;31m[KAddExpr[m[K::eval(){
 [01;31m[K^~~~~~~[m[K
In file included from [01m[Kexpr.cc:1[m[K:
[01m[Kexpr.hh:63:7:[m[K [01;36m[Knote: [m[Kcandidate is: ‘[01m[Kvirtual int AddExpr::eval() const[m[K’
   int [01;36m[Keval[m[K() const;
       [01;36m[K^~~~[m[K
[01m[Kexpr.hh:44:7:[m[K [01;36m[Knote: [m[K‘[01m[Kclass AddExpr[m[K’ defined here
 class [01;36m[KAddExpr[m[K : public Expr {
       [01;36m[K^~~~~~~[m[K
[01m[Kexpr.cc:58:1:[m[K [01;31m[Kerror: [m[Kno declaration matches ‘[01m[Kint SubExpr::eval()[m[K’
 [01;31m[KSubExpr[m[K::eval(){
 [01;31m[K^~~~~~~[m[K
In file included from [01m[Kexpr.cc:1[m[K:
[01m[Kexpr.hh:86:7:[m[K [01;36m[Knote: [m[Kcandidate is: ‘[01m[Kvirtual int SubExpr::eval() const[m[K’
   int [01;36m[Keval[m[K() const;
       [01;36m[K^~~~[m[K
[01m[Kexpr.hh:67:7:[m[K [01;36m[Knote: [m[K‘[01m[Kclass SubExpr[m[K’ defined here
 class [01;36m[KSubExpr[m[K : public Expr {
       [01;36m[K^~~~~~~[m[K
[01m[Kexpr.cc:63:1:[m[K [01;31m[Kerror: [m[Kno declaration matches ‘[01m[Kint MulExpr::eval()[m[K’
 [01;31m[KMulExpr[m[K::eval(){
 [01;31m[K^~~~~~~[m[K
In file included from [01m[Kexpr.cc:1[m[K:
[01m[Kexpr.hh:109:7:[m[K [01;36m[Knote: [m[Kcandidate is: ‘[01m[Kvirtual int MulExpr::eval() const[m[K’
   int [01;36m[Keval[m[K() const;
       [01;36m[K^~~~[m[K
[01m[Kexpr.hh:90:7:[m[K [01;36m[Knote: [m[K‘[01m[Kclass MulExpr[m[K’ defined here
 class [01;36m[KMulExpr[m[K : public Expr {
       [01;36m[K^~~~~~~[m[K
[01m[Kexpr.cc:68:1:[m[K [01;31m[Kerror: [m[Kno declaration matches ‘[01m[Kint DivExpr::eval()[m[K’
 [01;31m[KDivExpr[m[K::eval(){
 [01;31m[K^~~~~~~[m[K
In file included from [01m[Kexpr.cc:1[m[K:
[01m[Kexpr.hh:131:7:[m[K [01;36m[Knote: [m[Kcandidate is: ‘[01m[Kvirtual int DivExpr::eval() const[m[K’
   int [01;36m[Keval[m[K() const;
       [01;36m[K^~~~[m[K
[01m[Kexpr.hh:112:7:[m[K [01;36m[Knote: [m[K‘[01m[Kclass DivExpr[m[K’ defined here
 class [01;36m[KDivExpr[m[K : public Expr {
       [01;36m[K^~~~~~~[m[K
make: *** [../Makefile:48: expr.o] Error 1
rgeary1@g7-35:~/i240a/submit/lab4/exercises/3-expr$ make -f ../Makefile[6Pgedit expr.cc

(gedit:2311928): Gtk-[1;33mWARNING[0m **: [34m11:32:48.550[0m: Calling org.xfce.Session.Manager.Inhibit failed: GDBus.Error:org.freedesktop.DBus.Error.UnknownMethod: Method "Inhibit" with signature "susu" on interface "org.xfce.Session.Manager" doesn't exist

rgeary1@g7-35:~/i240a/submit/lab4/exercises/3-expr$ gedit expr.ccmake -f ../Makefile
g++ -MT main.o -MMD -MP -MF .deps/main.d -g -Wall -std=c++17 -c main.cc
In file included from [01m[Kmain.cc:1[m[K:
[01m[Kexpr.hh:37:7:[m[K [01;31m[Kerror: [m[Kextra qualification ‘[01m[KIntExpr::[m[K’ on member ‘[01m[Keval[m[K’ [[01;31m[K-fpermissive[m[K]
   int [01;31m[KIntExpr[m[K::eval() const;
       [01;31m[K^~~~~~~[m[K
[01m[Kexpr.hh:63:7:[m[K [01;31m[Kerror: [m[Kextra qualification ‘[01m[KAddExpr::[m[K’ on member ‘[01m[Keval[m[K’ [[01;31m[K-fpermissive[m[K]
   int [01;31m[KAddExpr[m[K::eval() const;
       [01;31m[K^~~~~~~[m[K
[01m[Kexpr.hh:86:7:[m[K [01;31m[Kerror: [m[Kextra qualification ‘[01m[KSubExpr::[m[K’ on member ‘[01m[Keval[m[K’ [[01;31m[K-fpermissive[m[K]
   int [01;31m[KSubExpr[m[K::eval() const;
       [01;31m[K^~~~~~~[m[K
[01m[Kexpr.hh:109:7:[m[K [01;31m[Kerror: [m[Kextra qualification ‘[01m[KMulExpr::[m[K’ on member ‘[01m[Keval[m[K’ [[01;31m[K-fpermissive[m[K]
   int [01;31m[KMulExpr[m[K::eval() const;
       [01;31m[K^~~~~~~[m[K
[01m[Kexpr.hh:131:7:[m[K [01;31m[Kerror: [m[Kextra qualification ‘[01m[KDivExpr::[m[K’ on member ‘[01m[Keval[m[K’ [[01;31m[K-fpermissive[m[K]
   int [01;31m[KDivExpr[m[K::eval() const;
       [01;31m[K^~~~~~~[m[K
make: *** [../Makefile:48: main.o] Error 1
rgeary1@g7-35:~/i240a/submit/lab4/exercises/3-expr$ make -f ../Makefile[6Pgedit expr.cc

(gedit:2312173): Gtk-[1;33mWARNING[0m **: [34m11:34:35.130[0m: Calling org.xfce.Session.Manager.Inhibit failed: GDBus.Error:org.freedesktop.DBus.Error.UnknownMethod: Method "Inhibit" with signature "susu" on interface "org.xfce.Session.Manager" doesn't exist

rgeary1@g7-35:~/i240a/submit/lab4/exercises/3-expr$ gedit expr.ccmake -f ../Makefile
g++ -MT main.o -MMD -MP -MF .deps/main.d -g -Wall -std=c++17 -c main.cc
g++ -MT parse.o -MMD -MP -MF .deps/parse.d -g -Wall -std=c++17 -c parse.cc
g++ -MT expr.o -MMD -MP -MF .deps/expr.d -g -Wall -std=c++17 -c expr.cc
[01m[Kexpr.cc:53:1:[m[K [01;31m[Kerror: [m[Kno declaration matches ‘[01m[Kint AddExpr::eval()[m[K’
 [01;31m[KAddExpr[m[K::eval(){
 [01;31m[K^~~~~~~[m[K
In file included from [01m[Kexpr.cc:1[m[K:
[01m[Kexpr.hh:63:7:[m[K [01;36m[Knote: [m[Kcandidate is: ‘[01m[Kvirtual int AddExpr::eval() const[m[K’
   int [01;36m[Keval[m[K() const;
       [01;36m[K^~~~[m[K
[01m[Kexpr.hh:44:7:[m[K [01;36m[Knote: [m[K‘[01m[Kclass AddExpr[m[K’ defined here
 class [01;36m[KAddExpr[m[K : public Expr {
       [01;36m[K^~~~~~~[m[K
[01m[Kexpr.cc:58:1:[m[K [01;31m[Kerror: [m[Kno declaration matches ‘[01m[Kint SubExpr::eval()[m[K’
 [01;31m[KSubExpr[m[K::eval(){
 [01;31m[K^~~~~~~[m[K
In file included from [01m[Kexpr.cc:1[m[K:
[01m[Kexpr.hh:86:7:[m[K [01;36m[Knote: [m[Kcandidate is: ‘[01m[Kvirtual int SubExpr::eval() const[m[K’
   int [01;36m[Keval[m[K() const;
       [01;36m[K^~~~[m[K
[01m[Kexpr.hh:67:7:[m[K [01;36m[Knote: [m[K‘[01m[Kclass SubExpr[m[K’ defined here
 class [01;36m[KSubExpr[m[K : public Expr {
       [01;36m[K^~~~~~~[m[K
[01m[Kexpr.cc:63:1:[m[K [01;31m[Kerror: [m[Kno declaration matches ‘[01m[Kint MulExpr::eval()[m[K’
 [01;31m[KMulExpr[m[K::eval(){
 [01;31m[K^~~~~~~[m[K
In file included from [01m[Kexpr.cc:1[m[K:
[01m[Kexpr.hh:109:7:[m[K [01;36m[Knote: [m[Kcandidate is: ‘[01m[Kvirtual int MulExpr::eval() const[m[K’
   int [01;36m[Keval[m[K() const;
       [01;36m[K^~~~[m[K
[01m[Kexpr.hh:90:7:[m[K [01;36m[Knote: [m[K‘[01m[Kclass MulExpr[m[K’ defined here
 class [01;36m[KMulExpr[m[K : public Expr {
       [01;36m[K^~~~~~~[m[K
[01m[Kexpr.cc:68:1:[m[K [01;31m[Kerror: [m[Kno declaration matches ‘[01m[Kint DivExpr::eval()[m[K’
 [01;31m[KDivExpr[m[K::eval(){
 [01;31m[K^~~~~~~[m[K
In file included from [01m[Kexpr.cc:1[m[K:
[01m[Kexpr.hh:131:7:[m[K [01;36m[Knote: [m[Kcandidate is: ‘[01m[Kvirtual int DivExpr::eval() const[m[K’
   int [01;36m[Keval[m[K() const;
       [01;36m[K^~~~[m[K
[01m[Kexpr.hh:112:7:[m[K [01;36m[Knote: [m[K‘[01m[Kclass DivExpr[m[K’ defined here
 class [01;36m[KDivExpr[m[K : public Expr {
       [01;36m[K^~~~~~~[m[K
make: *** [../Makefile:48: expr.o] Error 1
rgeary1@g7-35:~/i240a/submit/lab4/exercises/3-expr$ make -f ../Makefile[6Pgedit expr.cc

(gedit:2312494): Gtk-[1;33mWARNING[0m **: [34m11:41:56.097[0m: Calling org.xfce.Session.Manager.Inhibit failed: GDBus.Error:org.freedesktop.DBus.Error.UnknownMethod: Method "Inhibit" with signature "susu" on interface "org.xfce.Session.Manager" doesn't exist

rgeary1@g7-35:~/i240a/submit/lab4/exercises/3-expr$ gedit expr.ccmake -f ../Makefile
g++ -MT expr.o -MMD -MP -MF .deps/expr.d -g -Wall -std=c++17 -c expr.cc
[01m[Kexpr.cc:[m[K In member function ‘[01m[Kvirtual int AddExpr::eval() const[m[K’:
[01m[Kexpr.cc:54:15:[m[K [01;31m[Kerror: [m[K‘[01m[Kconst ExprPtr[m[K’ {aka ‘[01m[Kconst class std::shared_ptr<Expr>[m[K’} has no member named ‘[01m[Keval[m[K’
   return left.[01;31m[Keval[m[K()/right.eval();
               [01;31m[K^~~~[m[K
[01m[Kexpr.cc:54:28:[m[K [01;31m[Kerror: [m[K‘[01m[Kconst ExprPtr[m[K’ {aka ‘[01m[Kconst class std::shared_ptr<Expr>[m[K’} has no member named ‘[01m[Keval[m[K’
   return left.eval()/right.[01;31m[Keval[m[K();
                            [01;31m[K^~~~[m[K
[01m[Kexpr.cc:[m[K In member function ‘[01m[Kvirtual int SubExpr::eval() const[m[K’:
[01m[Kexpr.cc:59:15:[m[K [01;31m[Kerror: [m[K‘[01m[Kconst ExprPtr[m[K’ {aka ‘[01m[Kconst class std::shared_ptr<Expr>[m[K’} has no member named ‘[01m[Keval[m[K’
   return left.[01;31m[Keval[m[K()/right.eval();
               [01;31m[K^~~~[m[K
[01m[Kexpr.cc:59:28:[m[K [01;31m[Kerror: [m[K‘[01m[Kconst ExprPtr[m[K’ {aka ‘[01m[Kconst class std::shared_ptr<Expr>[m[K’} has no member named ‘[01m[Keval[m[K’
   return left.eval()/right.[01;31m[Keval[m[K();
                            [01;31m[K^~~~[m[K
[01m[Kexpr.cc:[m[K In member function ‘[01m[Kvirtual int MulExpr::eval() const[m[K’:
[01m[Kexpr.cc:64:15:[m[K [01;31m[Kerror: [m[K‘[01m[Kconst ExprPtr[m[K’ {aka ‘[01m[Kconst class std::shared_ptr<Expr>[m[K’} has no member named ‘[01m[Keval[m[K’
   return left.[01;31m[Keval[m[K()/right.eval();
               [01;31m[K^~~~[m[K
[01m[Kexpr.cc:64:28:[m[K [01;31m[Kerror: [m[K‘[01m[Kconst ExprPtr[m[K’ {aka ‘[01m[Kconst class std::shared_ptr<Expr>[m[K’} has no member named ‘[01m[Keval[m[K’
   return left.eval()/right.[01;31m[Keval[m[K();
                            [01;31m[K^~~~[m[K
[01m[Kexpr.cc:[m[K In member function ‘[01m[Kvirtual int DivExpr::eval() const[m[K’:
[01m[Kexpr.cc:69:15:[m[K [01;31m[Kerror: [m[K‘[01m[Kconst ExprPtr[m[K’ {aka ‘[01m[Kconst class std::shared_ptr<Expr>[m[K’} has no member named ‘[01m[Keval[m[K’
   return left.[01;31m[Keval[m[K()/right.eval();
               [01;31m[K^~~~[m[K
[01m[Kexpr.cc:69:28:[m[K [01;31m[Kerror: [m[K‘[01m[Kconst ExprPtr[m[K’ {aka ‘[01m[Kconst class std::shared_ptr<Expr>[m[K’} has no member named ‘[01m[Keval[m[K’
   return left.eval()/right.[01;31m[Keval[m[K();
                            [01;31m[K^~~~[m[K
make: *** [../Makefile:48: expr.o] Error 1
rgeary1@g7-35:~/i240a/submit/lab4/exercises/3-expr$ make -f ../Makefile[6Pgedit expr.cc

(gedit:2313174): Gtk-[1;33mWARNING[0m **: [34m11:44:34.147[0m: Calling org.xfce.Session.Manager.Inhibit failed: GDBus.Error:org.freedesktop.DBus.Error.UnknownMethod: Method "Inhibit" with signature "susu" on interface "org.xfce.Session.Manager" doesn't exist

rgeary1@g7-35:~/i240a/submit/lab4/exercises/3-expr$ gedit expr.ccmake -f ../Makefile
g++ -MT expr.o -MMD -MP -MF .deps/expr.d -g -Wall -std=c++17 -c expr.cc
[01m[Kexpr.cc:[m[K In member function ‘[01m[Kvirtual int AddExpr::eval() const[m[K’:
[01m[Kexpr.cc:54:21:[m[K [01;31m[Kerror: [m[Krequest for member ‘[01m[Keval[m[K’ in ‘[01m[K((const AddExpr*)this)->AddExpr::left.std::shared_ptr<Expr>::<anonymous>.std::__shared_ptr<Expr, (__gnu_cxx::_Lock_policy)2>::get()[m[K’, which is of pointer type ‘[01m[Kstd::__shared_ptr<Expr, (__gnu_cxx::_Lock_policy)2>::element_type*[m[K’ {aka ‘[01m[KExpr*[m[K’} (maybe you meant to use ‘[01m[K->[m[K’ ?)
   return left.get().[01;31m[Keval[m[K()/right.get().eval();
                     [01;31m[K^~~~[m[K
[01m[Kexpr.cc:54:40:[m[K [01;31m[Kerror: [m[Krequest for member ‘[01m[Keval[m[K’ in ‘[01m[K((const AddExpr*)this)->AddExpr::right.std::shared_ptr<Expr>::<anonymous>.std::__shared_ptr<Expr, (__gnu_cxx::_Lock_policy)2>::get()[m[K’, which is of pointer type ‘[01m[Kstd::__shared_ptr<Expr, (__gnu_cxx::_Lock_policy)2>::element_type*[m[K’ {aka ‘[01m[KExpr*[m[K’} (maybe you meant to use ‘[01m[K->[m[K’ ?)
   return left.get().eval()/right.get().[01;31m[Keval[m[K();
                                        [01;31m[K^~~~[m[K
[01m[Kexpr.cc:[m[K In member function ‘[01m[Kvirtual int SubExpr::eval() const[m[K’:
[01m[Kexpr.cc:59:21:[m[K [01;31m[Kerror: [m[Krequest for member ‘[01m[Keval[m[K’ in ‘[01m[K((const SubExpr*)this)->SubExpr::left.std::shared_ptr<Expr>::<anonymous>.std::__shared_ptr<Expr, (__gnu_cxx::_Lock_policy)2>::get()[m[K’, which is of pointer type ‘[01m[Kstd::__shared_ptr<Expr, (__gnu_cxx::_Lock_policy)2>::element_type*[m[K’ {aka ‘[01m[KExpr*[m[K’} (maybe you meant to use ‘[01m[K->[m[K’ ?)
   return left.get().[01;31m[Keval[m[K()/right.get().eval();
                     [01;31m[K^~~~[m[K
[01m[Kexpr.cc:59:40:[m[K [01;31m[Kerror: [m[Krequest for member ‘[01m[Keval[m[K’ in ‘[01m[K((const SubExpr*)this)->SubExpr::right.std::shared_ptr<Expr>::<anonymous>.std::__shared_ptr<Expr, (__gnu_cxx::_Lock_policy)2>::get()[m[K’, which is of pointer type ‘[01m[Kstd::__shared_ptr<Expr, (__gnu_cxx::_Lock_policy)2>::element_type*[m[K’ {aka ‘[01m[KExpr*[m[K’} (maybe you meant to use ‘[01m[K->[m[K’ ?)
   return left.get().eval()/right.get().[01;31m[Keval[m[K();
                                        [01;31m[K^~~~[m[K
[01m[Kexpr.cc:[m[K In member function ‘[01m[Kvirtual int MulExpr::eval() const[m[K’:
[01m[Kexpr.cc:64:21:[m[K [01;31m[Kerror: [m[Krequest for member ‘[01m[Keval[m[K’ in ‘[01m[K((const MulExpr*)this)->MulExpr::left.std::shared_ptr<Expr>::<anonymous>.std::__shared_ptr<Expr, (__gnu_cxx::_Lock_policy)2>::get()[m[K’, which is of pointer type ‘[01m[Kstd::__shared_ptr<Expr, (__gnu_cxx::_Lock_policy)2>::element_type*[m[K’ {aka ‘[01m[KExpr*[m[K’} (maybe you meant to use ‘[01m[K->[m[K’ ?)
   return left.get().[01;31m[Keval[m[K()/right.get().eval();
                     [01;31m[K^~~~[m[K
[01m[Kexpr.cc:64:40:[m[K [01;31m[Kerror: [m[Krequest for member ‘[01m[Keval[m[K’ in ‘[01m[K((const MulExpr*)this)->MulExpr::right.std::shared_ptr<Expr>::<anonymous>.std::__shared_ptr<Expr, (__gnu_cxx::_Lock_policy)2>::get()[m[K’, which is of pointer type ‘[01m[Kstd::__shared_ptr<Expr, (__gnu_cxx::_Lock_policy)2>::element_type*[m[K’ {aka ‘[01m[KExpr*[m[K’} (maybe you meant to use ‘[01m[K->[m[K’ ?)
   return left.get().eval()/right.get().[01;31m[Keval[m[K();
                                        [01;31m[K^~~~[m[K
[01m[Kexpr.cc:[m[K In member function ‘[01m[Kvirtual int DivExpr::eval() const[m[K’:
[01m[Kexpr.cc:69:21:[m[K [01;31m[Kerror: [m[Krequest for member ‘[01m[Keval[m[K’ in ‘[01m[K((const DivExpr*)this)->DivExpr::left.std::shared_ptr<Expr>::<anonymous>.std::__shared_ptr<Expr, (__gnu_cxx::_Lock_policy)2>::get()[m[K’, which is of pointer type ‘[01m[Kstd::__shared_ptr<Expr, (__gnu_cxx::_Lock_policy)2>::element_type*[m[K’ {aka ‘[01m[KExpr*[m[K’} (maybe you meant to use ‘[01m[K->[m[K’ ?)
   return left.get().[01;31m[Keval[m[K()/right.get().eval();
                     [01;31m[K^~~~[m[K
[01m[Kexpr.cc:69:40:[m[K [01;31m[Kerror: [m[Krequest for member ‘[01m[Keval[m[K’ in ‘[01m[K((const DivExpr*)this)->DivExpr::right.std::shared_ptr<Expr>::<anonymous>.std::__shared_ptr<Expr, (__gnu_cxx::_Lock_policy)2>::get()[m[K’, which is of pointer type ‘[01m[Kstd::__shared_ptr<Expr, (__gnu_cxx::_Lock_policy)2>::element_type*[m[K’ {aka ‘[01m[KExpr*[m[K’} (maybe you meant to use ‘[01m[K->[m[K’ ?)
   return left.get().eval()/right.get().[01;31m[Keval[m[K();
                                        [01;31m[K^~~~[m[K
make: *** [../Makefile:48: expr.o] Error 1
rgeary1@g7-35:~/i240a/submit/lab4/exercises/3-expr$ make -f ../Makefile[6Pgedit expr.cc

(gedit:2313528): Gtk-[1;33mWARNING[0m **: [34m11:45:31.526[0m: Calling org.xfce.Session.Manager.Inhibit failed: GDBus.Error:org.freedesktop.DBus.Error.UnknownMethod: Method "Inhibit" with signature "susu" on interface "org.xfce.Session.Manager" doesn't exist

rgeary1@g7-35:~/i240a/submit/lab4/exercises/3-expr$ gedit expr.cc
rgeary1@g7-35:~/i240a/submit/lab4/exercises/3-expr$ gedit expr.ccmake -f ../Makefile
g++ -MT expr.o -MMD -MP -MF .deps/expr.d -g -Wall -std=c++17 -c expr.cc
[01m[Kexpr.cc:[m[K In member function ‘[01m[Kvirtual int AddExpr::eval() const[m[K’:
[01m[Kexpr.cc:54:27:[m[K [01;31m[Kerror: [m[K‘[01m[Kvirtual int Expr::eval() const[m[K’ is private within this context
   return left.get()->eval([01;31m[K)[m[K/right.get()->eval();
                           [01;31m[K^[m[K
In file included from [01m[Kexpr.cc:1[m[K:
[01m[Kexpr.hh:11:15:[m[K [01;36m[Knote: [m[Kdeclared private here
   virtual int [01;36m[Keval[m[K() const = 0;
               [01;36m[K^~~~[m[K
[01m[Kexpr.cc:54:47:[m[K [01;31m[Kerror: [m[K‘[01m[Kvirtual int Expr::eval() const[m[K’ is private within this context
   return left.get()->eval()/right.get()->eval([01;31m[K)[m[K;
                                               [01;31m[K^[m[K
In file included from [01m[Kexpr.cc:1[m[K:
[01m[Kexpr.hh:11:15:[m[K [01;36m[Knote: [m[Kdeclared private here
   virtual int [01;36m[Keval[m[K() const = 0;
               [01;36m[K^~~~[m[K
[01m[Kexpr.cc:[m[K In member function ‘[01m[Kvirtual int SubExpr::eval() const[m[K’:
[01m[Kexpr.cc:59:27:[m[K [01;31m[Kerror: [m[K‘[01m[Kvirtual int Expr::eval() const[m[K’ is private within this context
   return left.get()->eval([01;31m[K)[m[K/right.get()->eval();
                           [01;31m[K^[m[K
In file included from [01m[Kexpr.cc:1[m[K:
[01m[Kexpr.hh:11:15:[m[K [01;36m[Knote: [m[Kdeclared private here
   virtual int [01;36m[Keval[m[K() const = 0;
               [01;36m[K^~~~[m[K
[01m[Kexpr.cc:59:47:[m[K [01;31m[Kerror: [m[K‘[01m[Kvirtual int Expr::eval() const[m[K’ is private within this context
   return left.get()->eval()/right.get()->eval([01;31m[K)[m[K;
                                               [01;31m[K^[m[K
In file included from [01m[Kexpr.cc:1[m[K:
[01m[Kexpr.hh:11:15:[m[K [01;36m[Knote: [m[Kdeclared private here
   virtual int [01;36m[Keval[m[K() const = 0;
               [01;36m[K^~~~[m[K
[01m[Kexpr.cc:[m[K In member function ‘[01m[Kvirtual int MulExpr::eval() const[m[K’:
[01m[Kexpr.cc:64:27:[m[K [01;31m[Kerror: [m[K‘[01m[Kvirtual int Expr::eval() const[m[K’ is private within this context
   return left.get()->eval([01;31m[K)[m[K/right.get()->eval();
                           [01;31m[K^[m[K
In file included from [01m[Kexpr.cc:1[m[K:
[01m[Kexpr.hh:11:15:[m[K [01;36m[Knote: [m[Kdeclared private here
   virtual int [01;36m[Keval[m[K() const = 0;
               [01;36m[K^~~~[m[K
[01m[Kexpr.cc:64:47:[m[K [01;31m[Kerror: [m[K‘[01m[Kvirtual int Expr::eval() const[m[K’ is private within this context
   return left.get()->eval()/right.get()->eval([01;31m[K)[m[K;
                                               [01;31m[K^[m[K
In file included from [01m[Kexpr.cc:1[m[K:
[01m[Kexpr.hh:11:15:[m[K [01;36m[Knote: [m[Kdeclared private here
   virtual int [01;36m[Keval[m[K() const = 0;
               [01;36m[K^~~~[m[K
[01m[Kexpr.cc:[m[K In member function ‘[01m[Kvirtual int DivExpr::eval() const[m[K’:
[01m[Kexpr.cc:69:27:[m[K [01;31m[Kerror: [m[K‘[01m[Kvirtual int Expr::eval() const[m[K’ is private within this context
   return left.get()->eval([01;31m[K)[m[K/right.get()->eval();
                           [01;31m[K^[m[K
In file included from [01m[Kexpr.cc:1[m[K:
[01m[Kexpr.hh:11:15:[m[K [01;36m[Knote: [m[Kdeclared private here
   virtual int [01;36m[Keval[m[K() const = 0;
               [01;36m[K^~~~[m[K
[01m[Kexpr.cc:69:47:[m[K [01;31m[Kerror: [m[K‘[01m[Kvirtual int Expr::eval() const[m[K’ is private within this context
   return left.get()->eval()/right.get()->eval([01;31m[K)[m[K;
                                               [01;31m[K^[m[K
In file included from [01m[Kexpr.cc:1[m[K:
[01m[Kexpr.hh:11:15:[m[K [01;36m[Knote: [m[Kdeclared private here
   virtual int [01;36m[Keval[m[K() const = 0;
               [01;36m[K^~~~[m[K
make: *** [../Makefile:48: expr.o] Error 1
rgeary1@g7-35:~/i240a/submit/lab4/exercises/3-expr$ make -f ../Makefile[6Pgedit expr.cc

(gedit:2313675): Gtk-[1;33mWARNING[0m **: [34m11:46:59.219[0m: Calling org.xfce.Session.Manager.Inhibit failed: GDBus.Error:org.freedesktop.DBus.Error.UnknownMethod: Method "Inhibit" with signature "susu" on interface "org.xfce.Session.Manager" doesn't exist

rgeary1@g7-35:~/i240a/submit/lab4/exercises/3-expr$ gedit expr.ccmake -f ../Makefile
g++ -MT main.o -MMD -MP -MF .deps/main.d -g -Wall -std=c++17 -c main.cc
In file included from [01m[Kmain.cc:1[m[K:
[01m[Kexpr.hh:11:9:[m[K [01;31m[Kerror: [m[Kexpected ‘[01m[K:[m[K’ before ‘[01m[Kvirtual[m[K’
   public[01;31m[K [m[K[32m[Kvirtual[m[K int eval() const = 0;
         [01;31m[K^[m[K[32m[K~~~~~~~[m[K
         [32m[K:[m[K
make: *** [../Makefile:48: main.o] Error 1
rgeary1@g7-35:~/i240a/submit/lab4/exercises/3-expr$ make -f ../Makefile[6Pgedit expr.ccmake -f ../Makefile[6Pgedit expr.cc

(gedit:2313759): Gtk-[1;33mWARNING[0m **: [34m11:47:16.618[0m: Calling org.xfce.Session.Manager.Inhibit failed: GDBus.Error:org.freedesktop.DBus.Error.UnknownMethod: Method "Inhibit" with signature "susu" on interface "org.xfce.Session.Manager" doesn't exist

rgeary1@g7-35:~/i240a/submit/lab4/exercises/3-expr$ gedit expr.ccmake -f ../Makefile
g++ -MT main.o -MMD -MP -MF .deps/main.d -g -Wall -std=c++17 -c main.cc
g++ -MT parse.o -MMD -MP -MF .deps/parse.d -g -Wall -std=c++17 -c parse.cc
g++ -MT expr.o -MMD -MP -MF .deps/expr.d -g -Wall -std=c++17 -c expr.cc
g++ tostring.o main.o parse.o expr.o -o main
cat </dev/null >.gitignore
echo .deps >.gitignore
for t in main tostring.o main.o parse.o expr.o; do echo $t >>.gitignore; done
rgeary1@g7-35:~/i240a/submit/lab4/exercises/3-expr$ make -f ../Makefile[6Pgedit expr.ccmake -f ../Makefile[6Pgedit expr.ccmake -f ../Makefile[6Pgedit expr.ccmake -f ../Makefile[6Pgedit expr.ccmake -f ../Makefile[Kmake -f ../Makefile[6Pgedit expr.ccmake -f ../Makefile[6Pgedit expr.cc

(gedit:2313825): Gtk-[1;33mWARNING[0m **: [34m11:48:10.146[0m: Calling org.xfce.Session.Manager.Inhibit failed: GDBus.Error:org.freedesktop.DBus.Error.UnknownMethod: Method "Inhibit" with signature "susu" on interface "org.xfce.Session.Manager" doesn't exist

rgeary1@g7-35:~/i240a/submit/lab4/exercises/3-expr$ gedit expr.ccmake -f ../Makefile
g++ -MT main.o -MMD -MP -MF .deps/main.d -g -Wall -std=c++17 -c main.cc
[01m[Kmain.cc:[m[K In function ‘[01m[Kint main(int, char**)[m[K’:
[01m[Kmain.cc:15:34:[m[K [01;31m[Kerror: [m[K‘[01m[Kusing ExprPtr = class std::shared_ptr<Expr>[m[K’ {aka ‘[01m[Kclass std::shared_ptr<Expr>[m[K’} has no member named ‘[01m[Keval[m[K’
     std::cout << *parse(argv[i]).[01;31m[Keval[m[K() << std::endl;
                                  [01;31m[K^~~~[m[K
make: *** [../Makefile:48: main.o] Error 1
rgeary1@g7-35:~/i240a/submit/lab4/exercises/3-expr$ make -f ../Makefile[6Pgedit expr.ccmake -f ../Makefile[6Pgedit expr.ccmake -f ../Makefile[Kmake -f ../Makefile[6Pgedit expr.ccmake -f ../Makefile[Kmake -f ../Makefile[6Pgedit expr.cc

(gedit:2314135): Gtk-[1;33mWARNING[0m **: [34m11:50:16.463[0m: Calling org.xfce.Session.Manager.Inhibit failed: GDBus.Error:org.freedesktop.DBus.Error.UnknownMethod: Method "Inhibit" with signature "susu" on interface "org.xfce.Session.Manager" doesn't exist

rgeary1@g7-35:~/i240a/submit/lab4/exercises/3-expr$ gedit expr.ccmake -f ../Makefile
g++ -MT main.o -MMD -MP -MF .deps/main.d -g -Wall -std=c++17 -c main.cc
[01m[Kmain.cc:[m[K In function ‘[01m[Kint main(int, char**)[m[K’:
[01m[Kmain.cc:15:75:[m[K [01;31m[Kerror: [m[Kinvalid type argument of unary ‘[01m[K*[m[K’ (have ‘[01m[Kint[m[K’)
    std::cout << *parse(argv[i]) << "= " << *parse(argv[i]).get() -> eval([01;31m[K)[m[K << std::endl;
                                                                          [01;31m[K^[m[K

make: *** [../Makefile:48: main.o] Error 1
rgeary1@g7-35:~/i240a/submit/lab4/exercises/3-expr$ make -f ../Makefile[6Pgedit expr.cc

(gedit:2314278): Gtk-[1;33mWARNING[0m **: [34m11:51:23.843[0m: Calling org.xfce.Session.Manager.Inhibit failed: GDBus.Error:org.freedesktop.DBus.Error.UnknownMethod: Method "Inhibit" with signature "susu" on interface "org.xfce.Session.Manager" doesn't exist

rgeary1@g7-35:~/i240a/submit/lab4/exercises/3-expr$ gedit expr.ccmake -f ../Makefile
g++ -MT main.o -MMD -MP -MF .deps/main.d -g -Wall -std=c++17 -c main.cc
[01m[Kmain.cc:[m[K In function ‘[01m[Kint main(int, char**)[m[K’:
[01m[Kmain.cc:15:67:[m[K [01;31m[Kerror: [m[Krequest for member ‘[01m[Keval[m[K’ in ‘[01m[Kparse(std::__cxx11::string)().std::shared_ptr<Expr>::<anonymous>.std::__shared_ptr<Expr, (__gnu_cxx::_Lock_policy)2>::get()[m[K’, which is of pointer type ‘[01m[Kstd::__shared_ptr<Expr, (__gnu_cxx::_Lock_policy)2>::element_type*[m[K’ {aka ‘[01m[KExpr*[m[K’} (maybe you meant to use ‘[01m[K->[m[K’ ?)
     std::cout << *parse(argv[i]) << "= " << *parse(argv[i]).get().[01;31m[Keval[m[K() << std::endl;
                                                                   [01;31m[K^~~~[m[K
make: *** [../Makefile:48: main.o] Error 1
rgeary1@g7-35:~/i240a/submit/lab4/exercises/3-expr$ make -f ../Makefile[6Pgedit expr.cc

(gedit:2314339): Gtk-[1;33mWARNING[0m **: [34m11:51:45.870[0m: Calling org.xfce.Session.Manager.Inhibit failed: GDBus.Error:org.freedesktop.DBus.Error.UnknownMethod: Method "Inhibit" with signature "susu" on interface "org.xfce.Session.Manager" doesn't exist

rgeary1@g7-35:~/i240a/submit/lab4/exercises/3-expr$ gedit expr.ccmake -f ../Makefile[6Pgedit expr.cc

(gedit:2314769): Gtk-[1;33mWARNING[0m **: [34m11:53:39.751[0m: Calling org.xfce.Session.Manager.Inhibit failed: GDBus.Error:org.freedesktop.DBus.Error.UnknownMethod: Method "Inhibit" with signature "susu" on interface "org.xfce.Session.Manager" doesn't exist

rgeary1@g7-35:~/i240a/submit/lab4/exercises/3-expr$ gedit expr.ccmake -f ../Makefile
g++ -MT main.o -MMD -MP -MF .deps/main.d -g -Wall -std=c++17 -c main.cc
[01m[Kmain.cc:[m[K In function ‘[01m[Kint main(int, char**)[m[K’:
[01m[Kmain.cc:15:47:[m[K [01;31m[Kerror: [m[Kinvalid type argument of unary ‘[01m[K*[m[K’ (have ‘[01m[Kint[m[K’)
     auto eval = *parse(argv[i]).get() -> eval([01;31m[K)[m[K;
                                               [01;31m[K^[m[K
make: *** [../Makefile:48: main.o] Error 1
rgeary1@g7-35:~/i240a/submit/lab4/exercises/3-expr$ make -f ../Makefile[6Pgedit expr.cc

(gedit:2314905): Gtk-[1;33mWARNING[0m **: [34m11:54:30.567[0m: Calling org.xfce.Session.Manager.Inhibit failed: GDBus.Error:org.freedesktop.DBus.Error.UnknownMethod: Method "Inhibit" with signature "susu" on interface "org.xfce.Session.Manager" doesn't exist

rgeary1@g7-35:~/i240a/submit/lab4/exercises/3-expr$ gedit expr.ccmake -f ../Makefile
g++ -MT main.o -MMD -MP -MF .deps/main.d -g -Wall -std=c++17 -c main.cc
g++ tostring.o main.o parse.o expr.o -o main
cat </dev/null >.gitignore
echo .deps >.gitignore
for t in main tostring.o main.o parse.o expr.o; do echo $t >>.gitignore; done
rgeary1@g7-35:~/i240a/submit/lab4/exercises/3-expr$ make -f ../Makefile[6Pgedit expr.cc[K[K[K[K[K[K[K[K[K[K[K[K[K./main "+ 1 2" "- 3 4" "* 5 6" "/ 77 8"
(1) + (2)= 0
(3) - (4)= 0
(5) * (6)= 0
(77) / (8)= 9
rgeary1@g7-35:~/i240a/submit/lab4/exercises/3-expr$ ./main "+ 1 2" "- 3 4" "* 5 6" "/ 77 8"[A[C[C[C[C[C[C[C[C[C[C[C[C[C[C[C[C[C[C[C[C[C[C[C[C[C[C[C[C[C[C[C[C[C[C[C[C[C[C[C[C[C[C[C[C[C[C[14Pmake -f ../Makefile
[K[A[C[C[C[C[C[C[C[C[C[C[C[C[C[C[C[C[C[C[C[C[C[C[C[C[C[C[C[C[C[C[C[C[C[C[C[C[C[C[C[C[C[C[C[C[C[C[C[C[C[C[C[C[C[C[C[C[C[C[C[C[C[C[C[C[C[C[C[C[C[C[C[6Pgedit expr.cc

(gedit:2315036): Gtk-[1;33mWARNING[0m **: [34m11:55:30.877[0m: Calling org.xfce.Session.Manager.Inhibit failed: GDBus.Error:org.freedesktop.DBus.Error.UnknownMethod: Method "Inhibit" with signature "susu" on interface "org.xfce.Session.Manager" doesn't exist

rgeary1@g7-35:~/i240a/submit/lab4/exercises/3-expr$ gedit expr.cc./main "+ 1 2" "- 3 4" "* 5 6" "/ 77 8"[A[C[C[C[C[C[C[C[C[C[C[C[C[C[C[C[C[C[C[C[C[C[C[C[C[C[C[C[C[C[C[C[C[C[C[C[C[C[C[C[C[C[C[C[C[C[C[14Pmake -f ../Makefile
[K[A[C[C[C[C[C[C[C[C[C[C[C[C[C[C[C[C[C[C[C[C[C[C[C[C[C[C[C[C[C[C[C[C[C[C[C[C[C[C[C[C[C[C[C[C[C[C[C[C[C[C[C[C[C[C[C[C[C[C[C[C[C[C[C[C[C[C[C[C[C[C[C
g++ -MT expr.o -MMD -MP -MF .deps/expr.d -g -Wall -std=c++17 -c expr.cc
g++ tostring.o main.o parse.o expr.o -o main
cat </dev/null >.gitignore
echo .deps >.gitignore
for t in main tostring.o main.o parse.o expr.o; do echo $t >>.gitignore; done
rgeary1@g7-35:~/i240a/submit/lab4/exercises/3-expr$ make -f ../Makefile[6Pgedit expr.cc./main "+ 1 2" "- 3 4" "* 5 6" "/ 77 8"
(1) + (2)= 3
(3) - (4)= -1
(5) * (6)= 30
(77) / (8)= 9
rgeary1@g7-35:~/i240a/submit/lab4/exercises/3-expr$ ./main "* + 1 2 4" \
>          "- * 3 4 5" \
>          "/ * 5 6 10" \
>          "/ 77 + 8 5"
((1) + (2)) * (4)= 12
((3) * (4)) - (5)= 7
((5) * (6)) / (10)= 3
(77) / ((8) + (5))= 5
rgeary1@g7-35:~/i240a/submit/lab4/exercises/3-expr$ ./main "+ + + / 22  6 * 5 3 - 2 5 * 3 5"
((((22) / (6)) + ((5) * (3))) + ((2) - (5))) + ((3) * (5))= 30
rgeary1@g7-35:~/i240a/submit/lab4/exercises/3-expr$ exit

Script done on 2020-02-20 11:56:18-05:00 [COMMAND_EXIT_CODE="0"]
