Script started on 2020-01-30 10:35:16-05:00 [TERM="xterm-256color" TTY="/dev/pts/0" COLUMNS="95" LINES="32"]
bash: /home/umrigar/cs240/bin/student.rc: Permission denied
rgeary1@g7-35:~/tmp/lab1$ cd ..
rgeary1@g7-35:~/tmp$ cd..[K[K ..
rgeary1@g7-35:~$ ls
 a.out	    cs120.c    cs240	   Downloads  '#Hello.c#'   i240a      projects    tmp
 Circuits   cs120.c~   Desktop	   hello       Hello.c	    Music      Public	   Videos
 cs120	    cs120lab   Documents   Hello       Hello.c~     Pictures   Templates
rgeary1@g7-35:~$ cd i240a
rgeary1@g7-35:~/i240a$ ls
README.md  submit
rgeary1@g7-35:~/i240a$ cd submit/
rgeary1@g7-35:~/i240a/submit$ cd lab
bash: cd: lab: No such file or directory
rgeary1@g7-35:~/i240a/submit$ cd lab1
rgeary1@g7-35:~/i240a/submit/lab1$ cd[K[Kls
0-hello  1-monolithic  2-separate-compilation  3-makefile  4-dependencies  5-auto-dependencies
rgeary1@g7-35:~/i240a/submit/lab1$ cd 0-hello/
rgeary1@g7-35:~/i240a/submit/lab1/0-hello$ make hello
make: 'hello' is up to date.
rgeary1@g7-35:~/i240a/submit/lab1/0-hello$ ls -l
total 24
-rwxr-xr-x 1 rgeary1 rgeary1 17248 Jan 30 10:22 hello
-rw-r--r-- 1 rgeary1 rgeary1    79 Jan 30 10:17 hello.cc
rgeary1@g7-35:~/i240a/submit/lab1/0-hello$ gile hg[K[K[K[K[K[K[Kfile hello
hello: ELF 64-bit LSB pie executable, x86-64, version 1 (SYSV), dynamically linked, interpreter /lib64/ld-linux-x86-64.so.2, for GNU/Linux 3.2.0, BuildID[sha1]=99af5e976454700966eadf73920a1f533966fdc8, not stripped
rgeary1@g7-35:~/i240a/submit/lab1/0-hello$ ./hello
hello world
rgeary1@g7-35:~/i240a/submit/lab1/0-hello$ make -p | egrep 'cc\[K|CXX'
make: *** No targets specified and no makefile found.  Stop.
COMPILE.cpp = $(COMPILE.cc)
CC = cc
LINK.cc = $(CXX) $(CXXFLAGS) $(CPPFLAGS) $(LDFLAGS) $(TARGET_ARCH)
KRB5CCNAME = FILE:/tmp/krb5cc_14700_QdZJYh
YACC = yacc
LINK.C = $(LINK.cc)
LINK.cpp = $(LINK.cc)
COMPILE.cc = $(CXX) $(CXXFLAGS) $(CPPFLAGS) $(TARGET_ARCH) -c
CXX = g++
COMPILE.C = $(COMPILE.cc)
SUFFIXES := .out .a .ln .o .c .cc .C .cpp .p .f .F .m .r .y .l .ym .yl .s .S .mod .sym .def .h .info .dvi .tex .texinfo .texi .txinfo .w .ch .web .sh .elc .el
OBJC = cc
%.cc:
%: %.cc
	$(LINK.cc) $^ $(LOADLIBES) $(LDLIBS) -o $@
%.o: %.cc
	$(COMPILE.cc) $(OUTPUT_OPTION) $<
.cc:
	$(LINK.cc) $^ $(LOADLIBES) $(LDLIBS) -o $@
.cc.o:
	$(COMPILE.cc) $(OUTPUT_OPTION) $<
.SUFFIXES: .out .a .ln .o .c .cc .C .cpp .p .f .F .m .r .y .l .ym .yl .s .S .mod .sym .def .h .info .dvi .tex .texinfo .texi .txinfo .w .ch .web .sh .elc .el
rgeary1@g7-35:~/i240a/submit/lab1/0-hello$ cd ..
rgeary1@g7-35:~/i240a/submit/lab1$ cd[K[Kcd 1-monolithic/
rgeary1@g7-35:~/i240a/submit/lab1/1-monolithic$ make fns-compare
make: 'fns-compare' is up to date.
rgeary1@g7-35:~/i240a/submit/lab1/1-monolithic$ ./fns-cm[Kompare
1 100000
10 1e+06
100 1e+07
1000 1e+08
10000 1e+09
rgeary1@g7-35:~/i240a/submit/lab1/1-monolithic$ g++ -g -Wall -std=c++17 fns-compare.cc -o fns-compare
[01m[Kfns-compare.cc:11:1:[m[K [01;35m[Kwarning: [m[Kâ€˜[01m[Kdouble quadratic(double)[m[Kâ€™ defined but not used [[01;35m[K-Wunused-function[m[K]
 [01;35m[Kquadratic[m[K(double n)
 [01;35m[K^~~~~~~~~[m[K
rgeary1@g7-35:~/i240a/submit/lab1/1-monolithic$ vim [K[K[K[Kls
fns-compare  fns-compare.cc
rgeary1@g7-35:~/i240a/submit/lab1/1-monolithic$ c[Kvim fns-compare
[?1000h[?2004h[?1049h[22;0;0t[?1h=[?2004h[1;32r[?12h[?12l[22;2t[22;1t[27m[23m[29m[m[H[2J[?25l[32;1H"fns-compare" [noeol][converted] 93L, 112176C[2;1Hâ–½[6n[2;1H  [1;1H[>c]10;?]11;?[1;1H[34m^?[mELF[34m^B^A^A^@^@^@^@^@^@^@^@^@^C^@[m>[34m^@^A^@^@^@[mp[34m^P^@^@^@^@^@^@[m@[34m^@^@^@^@^@^@^@[m8[34m<95>^A^@^@^@^@^@^@^@@[2;1H^@^@[m@[34m^@[m8[34m^@^K^@[m@[34m^@[m$[34m^@[m#[34m^@^F^@^@^@^D^@^@^@[m@[34m^@^@^@^@^@^@^@[m@[34m^@^@^@^@^@^@^@[m@[34m^@^@^@^@^@^@^@[mh[34m^B^@^@^@^@@[3;1H^@^@[mh[34m^B^@^@^@^@^@^@^H^@^@^@^@^@^@^@^C^@^@^@^D^@^@^@[mÂ¨[3;53H[34m^B^@^@^@^@^@^@[mÂ¨[3;68H[34m^B^@^@^@^@^@^@[mÂ¨[3;83H[34m^B^@^@^@^@^@^^[4;1H@^\^@^@^@^@^@^@^@^\^@^@^@^@^@^@^@^A^@^@^@^@^@^@^@^A^@^@^@^D^@^@^@^@^@^@^@^@^@^@^@^@^@^@^@^@^@^@@[5;1H^@^@^@^@^@^@^@^@^@[mÃ [5;20H[34m^F^@^@^@^@^@^@[mÃ [5;35H[34m^F^@^@^@^@^@^@^@^P^@^@^@^@^@^@^A^@^@^@^E^@^@^@^@^P^@^@^@^@^@^^[6;1H@^@^P^@^@^@^@^@^@^@^P^@^@^@^@^@^@[m}[34m^C^@^@^@^@^@^@[m}[34m^C^@^@^@^@^@^@^@^P^@^@^@^@^@^@^A^@^@^@^D^@^@^@@[7;1H^@[m [34m^@^@^@^@^@^@^@[m [34m^@^@^@^@^@^@^@[m [34m^@^@^@^@^@^@[mÃ˜[7;47H[34m^B^@^@^@^@^@^@[mÃ˜[7;62H[34m^B^@^@^@^@^@^@^@^P^@^@^@^@^@^@^A^@@[8;1H^@^@^F^@^@^@[mÂ¨[8;14H-[34m^@^@^@^@^@^@[mÂ¨[8;28H=[34m^@^@^@^@^@^@[mÂ¨[8;42H=[34m^@^@^@^@^@^@<98>^B^@^@^@^@^@^@[mÂ¨[8;74H[34m^B^@^@^@^@^@^@^@^P^@^@@[9;1H^@^@^@^@^B^@^@^@^F^@^@^@[mÃ€-[34m^@^@^@^@^@^@[mÃ€=[34m^@^@^@^@^@^@[mÃ€=[34m^@^@^@^@^@^@^P^B^@^@^@^@^@^@^P^B^@^@^@^@^^[10;1H@^@^H^@^@^@^@^@^@^@^D^@^@^@^D^@^@^@[mÃ„[34m^B^@^@^@^@^@^@[mÃ„[34m^B^@^@^@^@^@^@[mÃ„[34m^B^@^@^@^@^@^@[mD[34m^@^@^@^@^@^@^@@[m[11;1HD[34m^@^@^@^@^@^@^@^D^@^@^@^@^@^@^@[mPÃ¥td[34m^D^@^@^@[mx [34m^@^@^@^@^@^@[mx [34m^@^@^@^@^@^@[mx [34m^@^@^@^@^@^@[mt[34m^@^@^@^@^^[12;1H@^@^@[mt[34m^@^@^@^@^@^@^@^D^@^@^@^@^@^@^@[mQÃ¥td[34m^F^@^@^@^@^@^@^@^@^@^@^@^@^@^@^@^@^@^@^@^@^@^@^@^@^@^@^^[13;1H@^@^@^@^@^@^@^@^@^@^@^@^@^@^@^@^@^P^@^@^@^@^@^@^@[mRÃ¥td[34m^D^@^@^@[mÂ¨[13;63H-[34m^@^@^@^@^@^@[mÂ¨[13;77H=[34m^@^@^@^@^@^@[mÂ¨[13;91H=[34m^@^@@[14;1H^@^@^@^@[mX[34m^B^@^@^@^@^@^@[mX[34m^B^@^@^@^@^@^@^A^@^@^@^@^@^@^@[m/lib64/ld-linux-x86-64.so.2[34m^@^D^@^@^@^P^@@[15;1H^@^@^A^@^@^@[mGNU[34m^@^@^@^@^@^C^@^@^@^B^@^@^@^@^@^@^@^D^@^@^@^T^@^@^@^C^@^@^@[mGNU[34m^@[mÃ™[34m<95><9d>[m
b[34m<87>[m;bÂ¼[16;9HÃŒÃ½3Â¢Â±[16;14HO.bÃ¹[16;18HÃ‘Â³[16;20H[34m^B^@^@^@[m     [34m^@^@^@^A^@^@^@^F^@^@^@^@^@<81>^@^@^A^P^@[8C^@^@^@^@^@^@^@[m(([17;1H[34m^]<8c>^\[mÃ‘eÃŽm[34m^@^@^@^@^@^@^@^@^@^@^@^@^@^@^@^@^@^@^@^@^@^@^@^@[mÂ§[17;62H[34m^@^@^@^R^@^@^@^@^@^@^@^@^@^@^@^@^@@[18;1H^@^@^@^@^@^@[mÂ»[34m^@^@^@^R^@^@^@^@^@^@^@^@^@^@^@^@^@^@^@^@^@^@^@[mm[34m^@^@^@^R^@^@^@^@^@^@^@^@^@^@^@^@^@^^[19;1H@^@^@^@^@^@^_^@^@^@[m [34m^@^@^@^@^@^@^@^@^@^@^@^@^@^@^@^@^@^@^@[mÃ’[34m^@^@^@^R^@^@^@^@^@^@^@^@^@^@^@^@^@^@@[20;1H^@^@^@^@^@^P^@^@^@[m [34m^@^@^@^@^@^@^@^@^@^@^@^@^@^@^@^@^@^@^@[m;[34m^@^@^@[m [34m^@^@^@^@^@^@^@^@^@^@^@^@^@^@^@@[21;1H^@^@^@^@[mU[34m^@^@^@^R^@^@^@^@^@^@^@^@^@^@^@^@^@^@^@^@^@^@^@[mÂ´[21;57H[34m^@^@^@^Q^@^Y^@[m@@[34m^@^@^@^@^@^@^H^@^@^@^@^^[22;1H@^@^@[mÃƒ[34m^@^@^@[m"[34m^@^@^@^@^@^@^@^@^@^@^@^@^@^@^@^@^@^@^@^@[mlibstdc++.so.6[34m^@[m__gmon_start__[34m^@[m_ITM_deregg[23;1HisterTMCloneTable[34m^@[m_ITM_registerTMCloneTable[34m^@[m_ZNSt8ios_base4InitD1Ev[34m^@[m_ZNSt8ios_base4InitC1Ev[34m^^[24;1H@[mlibm.so.6[34m^@[mlibgcc_s.so.1[34m^@[mlibc.so.6[34m^@[m__cxa_atexit[34m^@[mstdout[34m^@[mfprintf[34m^@[m__cxa_finalize[34m^@[m__libc_staa[25;1Hrt_main[34m^@[mGLIBCXX_3.4[34m^@[mGLIBC_2.2.5[34m^@^@^@^B^@^B^@^C^@^@^@^B^@^@^@^@^@^C^@^B^@^B^@^@^@^@^@^@^@^A^@@[26;1H^A^@^A^@^@^@^P^@^@^@[m [34m^@^@^@[mt)[34m<92>^H^@^@^C^@[mÃ¤[34m^@^@^@^@^@^@^@^A^@^A^@<9d>^@^@^@^P^@^@^@^@^@^@^@[mu[34m^ZZ[m[27;1Hi  [34m^@^@^B^@[mÃ°[27;13H[34m^@^@^@^@^@^@^@[mÂ¨[27;28H=[34m^@^@^@^@^@^@^H^@^@^@^@^@^@^@[mP[34m^Q^@^@^@^@^@^@[mÂ°[27;73H=[34m^@^@^@^@^@^@^H^@^@^@^@@[28;1H^@^@^@<93>^R^@^@^@^@^@^@[mÂ¸[28;26H=[34m^@^@^@^@^@^@^H^@^@^@^@^@^@^@^P^Q^@^@^@^@^@^@[m8@[34m^@^@^@^@^@^@^H^@^@^@^@^^[29;1H@^@^@[m8@[34m^@^@^@^@^@^@[mÃ[29;21H?[34m^@^@^@^@^@^@^F^@^@^@
^@^@^@^@^@^@^@^@^@^@^@[mÃ˜[30;24H?[34m^@^@^@^@^@^@^F^@^@^@^D^@^@^@^@^@^@^@^@^@^@^@[mÃ [30;70H?[34m^@^@^@^@^@^@^F^@^@^@^E^@^^[31;1H@^@^@^@^@^@^@^@^@^@[mÃ¨[31;21H?[34m^@^@^@^@^@^@^F^@^@^@^F^@^@^@^@^@^@^@^@^@^@^@[mÃ°[31;67H?[34m^@^@^@^@^@^@^F^@^@^@^G^@^@^@[m[31;1H[94m@@@                                                                                            [m[32;78H1,1[11CTop]2;fns-compare (~/projects/i240a/submit/lab1/1-monolithic) - VIM]1;fns-compare[1;1H[?25hP+q436f\P+q6b75\P+q6b64\P+q6b72\P+q6b6c\P+q2332\P+q2334\P+q2569\P+q2a37\P+q6b31\[?1000l[?1006h[?1002h[?1006l[?1002l[?1006h[?1002h[27m[23m[29m[m[H[2J[?25l[1;1H[38;5;81m^?[mELF[38;5;81m^B^A^A^@^@^@^@^@^@^@^@^@^C^@[m>[38;5;81m^@^A^@^@^@[mp[38;5;81m^P^@^@^@^@^@^@[m@[38;5;81m^@^@^@^@^@^@^@[m8[38;5;81m<95>^A^@^@^@^@^@^@^@@[2;1H^@^@[m@[38;5;81m^@[m8[38;5;81m^@^K^@[m@[38;5;81m^@[m$[38;5;81m^@[m#[38;5;81m^@^F^@^@^@^D^@^@^@[m@[38;5;81m^@^@^@^@^@^@^@[m@[38;5;81m^@^@^@^@^@^@^@[m@[38;5;81m^@^@^@^@^@^@^@[mh[38;5;81m^B^@^@^@^@@[3;1H^@^@[mh[38;5;81m^B^@^@^@^@^@^@^H^@^@^@^@^@^@^@^C^@^@^@^D^@^@^@[mÂ¨[3;53H[38;5;81m^B^@^@^@^@^@^@[mÂ¨[3;68H[38;5;81m^B^@^@^@^@^@^@[mÂ¨[3;83H[38;5;81m^B^@^@^@^@^@^^[4;1H@^\^@^@^@^@^@^@^@^\^@^@^@^@^@^@^@^A^@^@^@^@^@^@^@^A^@^@^@^D^@^@^@^@^@^@^@^@^@^@^@^@^@^@^@^@^@^@@[5;1H^@^@^@^@^@^@^@^@^@[mÃ [5;20H[38;5;81m^F^@^@^@^@^@^@[mÃ [5;35H[38;5;81m^F^@^@^@^@^@^@^@^P^@^@^@^@^@^@^A^@^@^@^E^@^@^@^@^P^@^@^@^@^@^^[6;1H@^@^P^@^@^@^@^@^@^@^P^@^@^@^@^@^@[m}[38;5;81m^C^@^@^@^@^@^@[m}[38;5;81m^C^@^@^@^@^@^@^@^P^@^@^@^@^@^@^A^@^@^@^D^@^@^@@[7;1H^@[m [38;5;81m^@^@^@^@^@^@^@[m [38;5;81m^@^@^@^@^@^@^@[m [38;5;81m^@^@^@^@^@^@[mÃ˜[7;47H[38;5;81m^B^@^@^@^@^@^@[mÃ˜[7;62H[38;5;81m^B^@^@^@^@^@^@^@^P^@^@^@^@^@^@^A^@@[8;1H^@^@^F^@^@^@[mÂ¨[8;14H-[38;5;81m^@^@^@^@^@^@[mÂ¨[8;28H=[38;5;81m^@^@^@^@^@^@[mÂ¨[8;42H=[38;5;81m^@^@^@^@^@^@<98>^B^@^@^@^@^@^@[mÂ¨[8;74H[38;5;81m^B^@^@^@^@^@^@^@^P^@^@@[9;1H^@^@^@^@^B^@^@^@^F^@^@^@[mÃ€-[38;5;81m^@^@^@^@^@^@[mÃ€=[38;5;81m^@^@^@^@^@^@[mÃ€=[38;5;81m^@^@^@^@^@^@^P^B^@^@^@^@^@^@^P^B^@^@^@^@^^[10;1H@^@^H^@^@^@^@^@^@^@^D^@^@^@^D^@^@^@[mÃ„[38;5;81m^B^@^@^@^@^@^@[mÃ„[38;5;81m^B^@^@^@^@^@^@[mÃ„[38;5;81m^B^@^@^@^@^@^@[mD[38;5;81m^@^@^@^@^@^@^@@[m[11;1HD[38;5;81m^@^@^@^@^@^@^@^D^@^@^@^@^@^@^@[mPÃ¥td[38;5;81m^D^@^@^@[mx [38;5;81m^@^@^@^@^@^@[mx [38;5;81m^@^@^@^@^@^@[mx [38;5;81m^@^@^@^@^@^@[mt[38;5;81m^@^@^@^@^^[12;1H@^@^@[mt[38;5;81m^@^@^@^@^@^@^@^D^@^@^@^@^@^@^@[mQÃ¥td[38;5;81m^F^@^@^@^@^@^@^@^@^@^@^@^@^@^@^@^@^@^@^@^@^@^@^@^@^@^@^^[13;1H@^@^@^@^@^@^@^@^@^@^@^@^@^@^@^@^@^P^@^@^@^@^@^@^@[mRÃ¥td[38;5;81m^D^@^@^@[mÂ¨[13;63H-[38;5;81m^@^@^@^@^@^@[mÂ¨[13;77H=[38;5;81m^@^@^@^@^@^@[mÂ¨[13;91H=[38;5;81m^@^@@[14;1H^@^@^@^@[mX[38;5;81m^B^@^@^@^@^@^@[mX[38;5;81m^B^@^@^@^@^@^@^A^@^@^@^@^@^@^@[m/lib64/ld-linux-x86-64.so.2[38;5;81m^@^D^@^@^@^P^@@[15;1H^@^@^A^@^@^@[mGNU[38;5;81m^@^@^@^@^@^C^@^@^@^B^@^@^@^@^@^@^@^D^@^@^@^T^@^@^@^C^@^@^@[mGNU[38;5;81m^@[mÃ™[38;5;81m<95><9d>[m
b[38;5;81m<87>[m;bÂ¼[16;9HÃŒÃ½3Â¢Â±[16;14HO.bÃ¹[16;18HÃ‘Â³[16;20H[38;5;81m^B^@^@^@[m     [38;5;81m^@^@^@^A^@^@^@^F^@^@^@^@^@<81>^@^@^A^P^@[8C^@^@^@^@^@^@^@[m(([17;1H[38;5;81m^]<8c>^\[mÃ‘eÃŽm[38;5;81m^@^@^@^@^@^@^@^@^@^@^@^@^@^@^@^@^@^@^@^@^@^@^@^@[mÂ§[17;62H[38;5;81m^@^@^@^R^@^@^@^@^@^@^@^@^@^@^@^@^@@[18;1H^@^@^@^@^@^@[mÂ»[38;5;81m^@^@^@^R^@^@^@^@^@^@^@^@^@^@^@^@^@^@^@^@^@^@^@[mm[38;5;81m^@^@^@^R^@^@^@^@^@^@^@^@^@^@^@^@^@^^[19;1H@^@^@^@^@^@^_^@^@^@[m [38;5;81m^@^@^@^@^@^@^@^@^@^@^@^@^@^@^@^@^@^@^@[mÃ’[38;5;81m^@^@^@^R^@^@^@^@^@^@^@^@^@^@^@^@^@^@@[20;1H^@^@^@^@^@^P^@^@^@[m [38;5;81m^@^@^@^@^@^@^@^@^@^@^@^@^@^@^@^@^@^@^@[m;[38;5;81m^@^@^@[m [38;5;81m^@^@^@^@^@^@^@^@^@^@^@^@^@^@^@@[21;1H^@^@^@^@[mU[38;5;81m^@^@^@^R^@^@^@^@^@^@^@^@^@^@^@^@^@^@^@^@^@^@^@[mÂ´[21;57H[38;5;81m^@^@^@^Q^@^Y^@[m@@[38;5;81m^@^@^@^@^@^@^H^@^@^@^@^^[22;1H@^@^@[mÃƒ[38;5;81m^@^@^@[m"[38;5;81m^@^@^@^@^@^@^@^@^@^@^@^@^@^@^@^@^@^@^@^@[mlibstdc++.so.6[38;5;81m^@[m__gmon_start__[38;5;81m^@[m_ITM_deregg[23;1HisterTMCloneTable[38;5;81m^@[m_ITM_registerTMCloneTable[38;5;81m^@[m_ZNSt8ios_base4InitD1Ev[38;5;81m^@[m_ZNSt8ios_base4InitC1Ev[38;5;81m^^[24;1H@[mlibm.so.6[38;5;81m^@[mlibgcc_s.so.1[38;5;81m^@[mlibc.so.6[38;5;81m^@[m__cxa_atexit[38;5;81m^@[mstdout[38;5;81m^@[mfprintf[38;5;81m^@[m__cxa_finalize[38;5;81m^@[m__libc_staa[25;1Hrt_main[38;5;81m^@[mGLIBCXX_3.4[38;5;81m^@[mGLIBC_2.2.5[38;5;81m^@^@^@^B^@^B^@^C^@^@^@^B^@^@^@^@^@^C^@^B^@^B^@^@^@^@^@^@^@^A^@@[26;1H^A^@^A^@^@^@^P^@^@^@[m [38;5;81m^@^@^@[mt)[38;5;81m<92>^H^@^@^C^@[mÃ¤[38;5;81m^@^@^@^@^@^@^@^A^@^A^@<9d>^@^@^@^P^@^@^@^@^@^@^@[mu[38;5;81m^ZZ[m[27;1Hi  [38;5;81m^@^@^B^@[mÃ°[27;13H[38;5;81m^@^@^@^@^@^@^@[mÂ¨[27;28H=[38;5;81m^@^@^@^@^@^@^H^@^@^@^@^@^@^@[mP[38;5;81m^Q^@^@^@^@^@^@[mÂ°[27;73H=[38;5;81m^@^@^@^@^@^@^H^@^@^@^@@[28;1H^@^@^@<93>^R^@^@^@^@^@^@[mÂ¸[28;26H=[38;5;81m^@^@^@^@^@^@^H^@^@^@^@^@^@^@^P^Q^@^@^@^@^@^@[m8@[38;5;81m^@^@^@^@^@^@^H^@^@^@^@^^[29;1H@^@^@[m8@[38;5;81m^@^@^@^@^@^@[mÃ[29;21H?[38;5;81m^@^@^@^@^@^@^F^@^@^@
^@^@^@^@^@^@^@^@^@^@^@[mÃ˜[30;24H?[38;5;81m^@^@^@^@^@^@^F^@^@^@^D^@^@^@^@^@^@^@^@^@^@^@[mÃ [30;70H?[38;5;81m^@^@^@^@^@^@^F^@^@^@^E^@^^[31;1H@^@^@^@^@^@^@^@^@^@[mÃ¨[31;21H?[38;5;81m^@^@^@^@^@^@^F^@^@^@^F^@^@^@^@^@^@^@^@^@^@^@[mÃ°[31;67H?[38;5;81m^@^@^@^@^@^@^F^@^@^@^G^@^@^@[m[31;1H[94m@@@                                                                                            [m[32;78H1,1[11CTop"fns-compare" [noeol][converted] 93L, 112176C[1;1H[?25h[?25l[32;68H:[1;1H[32;1H[K[32;1H:[?2004h[?25hw[?25l[?25hq[?25l[?25h[?25l[?1006l[?1002l[?2004l"fns-compare" [converted] 93L, 112177C written]2;Terminal - ]1;Terminal - [23;2t[23;1t[22;2t[22;1t[23;2t[23;1t
[?2004l[?1l>[?25h[?1049l[23;0;0trgeary1@g7-35:~/i240a/submit/lab1/1-monolithic$ vim fns-compare.cc
[?1000h[?2004h[?1049h[22;0;0t[?1h=[?2004h[1;32r[?12h[?12l[22;2t[22;1t[27m[23m[29m[m[H[2J[?25l[32;1H"fns-compare.cc" 25L, 323C[2;1Hâ–½[6n[2;1H  [1;1H[>c]10;?]11;?[1;1H[35m#include [m[31m<iostream>[m

[32mstatic[m [32mdouble[m
linear([32mdouble[m n)
{
  [32mconst[m [32mdouble[m C = [31m1e5[m;
  [38;5;130mreturn[m C*n;
}

[32mstatic[m [32mdouble[m
quadratic([32mdouble[m n)
{
  [32mconst[m [32mdouble[m C = [31m1e3[m;
  [38;5;130mreturn[m C*n*n;
}


[32mint[m
main() {
  [32mFILE[m *[32mconst[m out = [31mstdout[m;
  [38;5;130mfor[m ([32mauto[m n : { [31m1.0[m, [31m10.0[m, [31m100.0[m, [31m1000.0[m, [31m10000.0[m }) {
    fprintf(out, [31m"[m[35m%g[m[31m [m[35m%g\n[m[31m"[m, n, linear(n));
  }
}

[94m~                                                                                              [27;1H~                                                                                              [28;1H~                                                                                              [29;1H~                                                                                              [30;1H~                                                                                              [31;1H~                                                                                              [m[32;78H1,1[11CAll]2;fns-compare.cc (~/projects/i240a/submit/lab1/1-monolithic) - VIM]1;fns-compare.cc[1;1H[?25hP+q436f\P+q6b75\P+q6b64\P+q6b72\P+q6b6c\P+q2332\P+q2334\P+q2569\P+q2a37\P+q6b31\[?1000l[?1006h[?1002h[?1006l[?1002l[?1006h[?1002h[27m[23m[29m[m[H[2J[?25l[1;1H[38;5;81m#include [m[95m<iostream>[m

[38;5;121mstatic[m [38;5;121mdouble[m
linear([38;5;121mdouble[m n)
{
  [38;5;121mconst[m [38;5;121mdouble[m C = [95m1e5[m;
  [93mreturn[m C*n;
}

[38;5;121mstatic[m [38;5;121mdouble[m
quadratic([38;5;121mdouble[m n)
{
  [38;5;121mconst[m [38;5;121mdouble[m C = [95m1e3[m;
  [93mreturn[m C*n*n;
}


[38;5;121mint[m
main() {
  [38;5;121mFILE[m *[38;5;121mconst[m out = [95mstdout[m;
  [93mfor[m ([38;5;121mauto[m n : { [95m1.0[m, [95m10.0[m, [95m100.0[m, [95m1000.0[m, [95m10000.0[m }) {
    fprintf(out, [95m"[m[38;5;224m%g[m[95m [m[38;5;224m%g\n[m[95m"[m, n, linear(n));
  }
}

[94m~                                                                                              [27;1H~                                                                                              [28;1H~                                                                                              [29;1H~                                                                                              [30;1H~                                                                                              [31;1H~                                                                                              [m[32;78H1,1[11CAll"fns-compare.cc" 25L, 323C[1;1H[?25h[?25l[32;68H~@k[1;1H[32;68H   [1;1H[?25h[?25l[32;68H~@k[1;1H[32;68H   [2;1H[32;78H2,0-1[2;1H[?25h[?25l[32;68H~@k[2;1H[32;68H   [3;1H[32;78H3,1  [3;1H[?25h[?25l[32;68H~@k[3;1H[32;68H   [4;1H[32;78H4[4;1H[?25h[?25l[32;68H~@k[4;1H[32;68H   [5;1H[46m{


}[m[32;78H5[5;1H[?25h[?25l[32;68H~@k[5;1H[32;68H   [6;1H[5;1H{


}[32;78H6[6;1H[?25h[?25l[32;68H~@k[6;1H[32;68H   [7;1H[32;78H7[7;1H[?25h[?25l[32;68H~@k[7;1H[32;68H   [8;1H[5;1H[46m{


}[m[32;78H8[8;1H[?25h[?25l[32;68H~@k[8;1H[32;68H   [9;1H[5;1H{


}[32;78H9,0-1[9;1H[?25h[?25l[32;68H~@k[9;1H[32;68H   [10;1H[32;78H10,1 [10;1H[?25h[?25l[32;68H~@k[10;1H[32;68H   [11;1H[32;79H1[11;1H[?25h[?25l[32;68H~@k[11;1H[32;68H   [12;1H[46m{


}[m[32;79H2[12;1H[?25h[?25l[32;68H~@k[12;1H[32;68H   [11;1H
{


}[32;79H1[11;1H[?25h[?25l[32;68H~@k[11;1H[32;68H   [12;1H[46m{


}[m[32;79H2[12;1H[?25h[?25l[32;68H~@k[12;1H[32;68H   [13;1H[12;1H{


}[32;79H3[13;1H[?25h[?25l[32;68H~@k[13;1H[32;68H   [14;1H[32;79H4[14;1H[?25h[?25l[32;68H~@k[14;1H[32;68H   [15;1H[12;1H[46m{


}[m[32;79H5[15;1H[?25h[?25l[32;68H~@k[15;1H[32;68H   [16;1H[12;1H{


}[32;79H6,0-1[16;1H[?25h[?25l[32;68H~@k[16;1H[32;68H   [17;1H[32;79H7[17;1H[?25h[?25l[32;68H~@k[17;1H[32;68H   [18;1H[32;79H8,1  [18;1H[?25h[?25l[32;68H~@k[18;1H[32;68H   [19;1H[32;79H9[19;1H[?25h[?25l[32;68H~@k[19;1H[32;68H   [20;1H[32;78H20[20;1H[?25h[?25l[32;68H~@k[20;1H[32;68H   [21;1H[32;79H1[21;1H[?25h[?25l[32;68H~@k[21;1H[32;68H   [22;1H[32;79H2[22;1H[?25h[?25l[32;68H~@k[22;1H[32;68H   [22;2H[32;81H2[22;2H[?25h[?25l[32;68H~@k[22;2H[32;68H   [22;3H[32;81H3[22;3H[?25h[?25l[32;68H~@k[22;3H[32;68H   [22;4H[32;81H4[22;4H[?25h[?25l[32;68H~@k[22;4H[32;68H   [22;5H[32;81H5[22;5H[?25h[?25l[32;68H~@k[22;5H[32;68H   [22;6H[32;81H6[22;6H[?25h[?25l[32;68H~@k[22;6H[32;68H   [22;7H[32;81H7[22;7H[?25h[?25l[32;68H~@k[22;7H[32;68H   [22;8H[32;81H8[22;8H[?25h[?25l[32;68H~@k[22;8H[32;68H   [22;9H[32;81H9[22;9H[?25h[?25l[32;68H~@k[22;9H[32;68H   [22;10H[32;81H10[22;10H[?25h[?25l[32;68H~@k[22;10H[32;68H   [22;11H[32;82H1[22;11H[?25h[?25l[32;68H~@k[22;11H[32;68H   [22;12H[46m([28C)[m[32;82H2[22;12H[?25h[?25l[32;68H~@k[22;12H[32;68H   [22;13H([28C)[32;82H3[22;13H[?25h[?25l[32;68H~@k[22;13H[32;68H   [22;14H[32;82H4[22;14H[?25h[?25l[32;68H~@k[22;14H[32;68H   [22;15H[32;82H5[22;15H[?25h[?25l[32;68H~@k[22;15H[32;68H   [22;16H[32;82H6[22;16H[?25h[?25l[32;68H~@k[22;16H[32;68H   [22;17H[32;82H7[22;17H[?25h[?25l[32;68H~@k[22;17H[32;68H   [22;18H[32;82H8[22;18H[?25h[?25l[32;68H~@k[22;18H[32;68H   [22;19H[32;82H9[22;19H[?25h[?25l[32;68H~@k[22;19H[32;68H   [22;20H[32;81H20[22;20H[?25h[?25l[32;68H~@k[22;20H[32;68H   [22;21H[32;82H1[22;21H[?25h[?25l[32;68H~@k[22;21H[32;68H   [22;22H[32;82H2[22;22H[?25h[?25l[32;68H~@k[22;22H[32;68H   [22;23H[32;82H3[22;23H[?25h[?25l[32;68H~@k[22;23H[32;68H   [22;24H[32;82H4[22;24H[?25h[?25l[32;68H~@k[22;24H[32;68H   [22;25H[32;82H5[22;25H[?25h[?25l[32;68H~@k[22;25H[32;68H   [22;26H[32;82H6[22;26H[?25h[?25l[32;68H<20>[22;26H[32;68H    [22;27H[32;82H7[22;27H[?25h[?25l[32;68H~@k[22;27H[32;68H   [22;26H[32;82H6[22;26H[?25h[?25l[32;68Hi[22;26H[32;68H [22;26H[32;1H[1m-- INSERT --[m[32;13H[K[32;78H22,26[9CAll[22;26H[?25h[?25l[95m "[m, n, linear(n));[32;82H7]2;fns-compare.cc + (~/projects/i240a/submit/lab1/1-monolithic) - VIM]1;fns-compare.cc[22;27H[?25h[?25l[32;82H6[22;26H[?25h[?25l[1C[95m "[m, n, linear(n));[32;82H7[22;27H[?25h[?25l[95m% "[m, n, linear(n));[32;82H8[22;28H[?25h[?25l[38;5;224m%g[m[95m "[m, n, linear(n));[32;82H9[22;29H[?25h[?25l[95m/ "[m, n, linear(n));[32;81H30[22;30H[?25h[?25l[95mn "[m, n, linear(n));[32;82H1[22;31H[?25h[?25l[32;82H2[22;32H[?25h[?25l[32;82H1[22;31H[?25h[?25l[32;82H0[22;30H[?25h[?25l[32;81H29[22;29H[?25h[?25l[32;81H30[22;30H[?25h[?25l[95mn "[m, n, linear(n));[22;48H[K[32;81H29[22;29H[?25h[?25l[38;5;224m\n[m[95m "[m, n, linear(n));[32;81H30[22;30H[?25h[?25l[32;82H1[22;31H[?25h[?25l[32;82H2[22;32H[?25h[?25l[32;82H3[22;33H[?25h[?25l[32;82H4[22;34H[?25h[?25l[32;82H5[22;35H[?25h[?25l[32;82H6[22;36H[?25h[?25l[32;82H7[22;37H[?25h[?25l[32;82H8[22;38H[?25h[?25l[32;82H9[22;39H[?25h[?25l[32;81H40[22;40H[?25h[?25l[32;82H1[22;41H[?25h[?25l[32;82H2[22;42H[?25h[?25l[32;82H3[22;43H[?25h[?25l[32;82H2[22;42H[?25h[?25l[32;82H1[22;41H[?25h[?25l[32;82H0[22;40H[?25h[?25l[32;81H39[22;39H[?25h[?25l[32;82H8[22;38H[?25h[?25l[32;82H7[22;37H[?25h[?25l[32;82H6[22;36H[?25h[?25l[32;82H5[22;35H[?25h[?25l[32;82H4[22;34H[?25h[?25l[32;82H3[22;33H[?25h[?25l[32;82H2[22;32H[?25h[?25l[95m"[m, n, linear(n));[22;48H[K[32;82H1[22;31H[?25h[?25l[32;82H2[22;32H[?25h[?25l[32;82H3[22;33H[?25h[?25l[32;82H4[22;34H[?25h[?25l[32;82H5[22;35H[?25h[?25l[32;82H6[22;36H[?25h[?25l[32;82H7[22;37H[?25h[?25l[32;82H8[22;38H[?25h[?25l[32;82H9[22;39H[?25h[?25l[32;81H40[22;40H[?25h[?25l[32;82H1[22;41H[?25h[?25l[32;82H2[22;42H[?25h[?25lr[46m([mn[46m)[m[32;82H3[22;43H[?25h[?25l[32;82H4[22;44H[?25h[?25l[32;82H5[22;45H[?25h[?25l[22;12H[46m([m[30C(n)[46m)[m[32;82H6[22;46H[?25h[?25l[46m,[m);,[46m)[m[32;82H7[22;47H[?25h[?25l[46m [m); [46m)[m[32;82H8[22;48H[?25h[?25l[46mq[m);q[46m)[m[32;82H9[22;49H[?25h[?25l[46mu[m);u[46m)[m[32;81H50[22;50H[?25h[?25l[46ma[m);a[46m)[m[32;82H1[22;51H[?25h[?25l[46md[m);d[46m)[m[32;82H2[22;52H[?25h[?25l[46mr[m);r[46m)[m[32;82H3[22;53H[?25h[?25l[46ma[m);a[46m)[m[32;82H4[22;54H[?25h[?25l[46mt[m);t[46m)[m[32;82H5[22;55H[?25h[?25l[46mi[m);i[46m)[m[32;82H6[22;56H[?25h[?25l[46mc[m);c[46m)[m[32;82H7[22;57H[?25h[?25l[46m [m); [46m)[m[32;82H8[22;58H[?25h[?25l[46mn[m);n[46m)[m[32;82H9[22;59H[?25h[?25l[46m=[m);=[46m)[m[32;81H60[22;60H[?25h[?25l[46m=[m);=[46m)[m[32;82H1[22;61H[?25h[?25l)[46m;[m[22;62H[K[22;60H[46m)[m;[32;82H0[22;60H[?25h[?25l)[46m;[m[22;61H[K[22;59H[46m)[m;[32;81H59[22;59H[?25h[?25l)[46m;[m[22;60H[K[22;58H[46m)[m;[32;82H8[22;58H[?25h[?25l)[46m;[m[22;59H[K[22;57H[46m)[m;[32;82H7[22;57H[?25h[?25l[46m([m);[22;12H([45C[46m)[m[32;82H8[22;58H[?25h[?25l[46mn[m);n[46m)[m[32;82H9[22;59H[?25h[?25l[1C);[22;12H[46m([m[44C(n)[46m)[m[32;81H60[22;60H[?25h[32;1H[K[22;59H[?25l[32;68H^[[22;59H[32;68H  [22;60H[22;12H([44C[46m([mn[46m)[m)[32;78H22,59[9CAll[22;59H[?25h[?25l[32;68H:[22;59H[32;68H[K[32;1H:[?2004h[?25hw[?25l[?25hq[?25l[?25h[?25l[?1006l[?1002l[?2004l"fns-compare.cc" 25L, 342C written]2;Terminal - ]1;Terminal - [23;2t[23;1t[22;2t[22;1t[23;2t[23;1t
[?2004l[?1l>[?25h[?1049l[23;0;0trgeary1@g7-35:~/i240a/submit/lab1/1-monolithic$ make fns-compare.cc[K[K[K
g++     fns-compare.cc   -o fns-compare
rgeary1@g7-35:~/i240a/submit/lab1/1-monolithic$ ./fns-compare
1 100000
 1000
10 1e+06
 100000
100 1e+07
 1e+07
1000 1e+08
 1e+09
10000 1e+09
 1e+11
rgeary1@g7-35:~/i240a/submit/lab1/1-monolithic$ vim ./fns-comparemake fns-comparevim fns-compare.cc[K.cc
[?1000h[?2004h[?1049h[22;0;0t[?1h=[?2004h[1;32r[?12h[?12l[22;2t[22;1t[27m[23m[29m[m[H[2J[?25l[32;1H"fns-compare.cc" 25L, 342C[2;1Hâ–½[6n[2;1H  [1;1H[>c]10;?]11;?[1;1H[35m#include [m[31m<iostream>[m

[32mstatic[m [32mdouble[m
linear([32mdouble[m n)
{
  [32mconst[m [32mdouble[m C = [31m1e5[m;
  [38;5;130mreturn[m C*n;
}

[32mstatic[m [32mdouble[m
quadratic([32mdouble[m n)
{
  [32mconst[m [32mdouble[m C = [31m1e3[m;
  [38;5;130mreturn[m C*n*n;
}


[32mint[m
main() {
  [32mFILE[m *[32mconst[m out = [31mstdout[m;
  [38;5;130mfor[m ([32mauto[m n : { [31m1.0[m, [31m10.0[m, [31m100.0[m, [31m1000.0[m, [31m10000.0[m }) {
    fprintf(out, [31m"[m[35m%g[m[31m [m[35m%g\n[m[31m [m[35m%g\n[m[31m"[m, n, linear(n), quadratic[106m([mn[106m)[m);
  }
}

[94m~                                                                                              [27;1H~                                                                                              [28;1H~                                                                                              [29;1H~                                                                                              [30;1H~                                                                                              [31;1H~                                                                                              [m[32;78H22,59[9CAll]2;fns-compare.cc (~/projects/i240a/submit/lab1/1-monolithic) - VIM]1;fns-compare.cc[22;59H[?25hP+q436f\P+q6b75\P+q6b64\P+q6b72\P+q6b6c\P+q2332\P+q2334\P+q2569\P+q2a37\P+q6b31\[?1000l[?1006h[?1002h[?1006l[?1002l[?1006h[?1002h[27m[23m[29m[m[H[2J[?25l[1;1H[38;5;81m#include [m[95m<iostream>[m

[38;5;121mstatic[m [38;5;121mdouble[m
linear([38;5;121mdouble[m n)
{
  [38;5;121mconst[m [38;5;121mdouble[m C = [95m1e5[m;
  [93mreturn[m C*n;
}

[38;5;121mstatic[m [38;5;121mdouble[m
quadratic([38;5;121mdouble[m n)
{
  [38;5;121mconst[m [38;5;121mdouble[m C = [95m1e3[m;
  [93mreturn[m C*n*n;
}


[38;5;121mint[m
main() {
  [38;5;121mFILE[m *[38;5;121mconst[m out = [95mstdout[m;
  [93mfor[m ([38;5;121mauto[m n : { [95m1.0[m, [95m10.0[m, [95m100.0[m, [95m1000.0[m, [95m10000.0[m }) {
    fprintf(out, [95m"[m[38;5;224m%g[m[95m [m[38;5;224m%g\n[m[95m [m[38;5;224m%g\n[m[95m"[m, n, linear(n), quadratic[46m([mn[46m)[m);
  }
}

[94m~                                                                                              [27;1H~                                                                                              [28;1H~                                                                                              [29;1H~                                                                                              [30;1H~                                                                                              [31;1H~                                                                                              [m[32;78H22,59[9CAll"fns-compare.cc" 25L, 342C[22;59H[?25h[?25l[32;68H~@k[22;59H[32;68H   [22;58H(n)[32;82H8[22;58H[?25h[?25l[32;68H~@k[22;58H[32;68H   [22;57H[46m([mn[46m)[m[32;82H7[22;57H[?25h[?25l[32;68H~@k[22;57H[32;68H   [22;56Hc(n)[32;82H6[22;56H[?25h[?25l[32;68H~@k[22;56H[32;68H   [22;55H[32;82H5[22;55H[?25h[?25l[32;68H~@k[22;55H[32;68H   [22;54H[32;82H4[22;54H[?25h[?25l[32;68H~@k[22;54H[32;68H   [22;53H[32;82H3[22;53H[?25h[?25l[32;68H~@k[22;53H[32;68H   [22;52H[32;82H2[22;52H[?25h[?25l[32;68H~@k[22;52H[32;68H   [22;51H[32;82H1[22;51H[?25h[?25l[32;68H~@k[22;51H[32;68H   [22;50H[32;82H0[22;50H[?25h[?25l[32;68H~@k[22;50H[32;68H   [22;49H[32;81H49[22;49H[?25h[?25l[32;68H~@k[22;49H[32;68H   [22;48H[32;82H8[22;48H[?25h[?25l[32;68H~@k[22;48H[32;68H   [22;47H[32;82H7[22;47H[?25h[?25l[32;68H~@k[22;47H[32;68H   [22;46H[32;82H6[22;46H[?25h[?25l[32;68H~@k[22;46H[32;68H   [22;45H[46m([mn[46m)[m[32;82H5[22;45H[?25h[?25l[32;68H~@k[22;45H[32;68H   [22;44H(n)[32;82H4[22;44H[?25h[?25l[32;68H~@k[22;44H[32;68H   [22;43H[46m([mn[46m)[m[32;82H3[22;43H[?25h[?25l[32;68H~@k[22;43H[32;68H   [22;42Hr(n)[32;82H2[22;42H[?25h[?25l[32;68H~@k[22;42H[32;68H   [22;41H[32;82H1[22;41H[?25h[?25l[32;68H~@k[22;41H[32;68H   [22;40H[32;82H0[22;40H[?25h[?25l[32;68H~@k[22;40H[32;68H   [22;39H[32;81H39[22;39H[?25h[?25l[32;68H~@k[22;39H[32;68H   [22;38H[32;82H8[22;38H[?25h[?25l[32;68H~@k[22;38H[32;68H   [22;37H[32;82H7[22;37H[?25h[?25l[32;68H~@k[22;37H[32;68H   [22;36H[32;82H6[22;36H[?25h[?25l[32;68H~@k[22;36H[32;68H   [22;35H[32;82H5[22;35H[?25h[?25l[32;68H~@k[22;35H[32;68H   [22;34H[32;82H4[22;34H[?25h[?25l[32;68H~@k[22;34H[32;68H   [22;33H[32;82H3[22;33H[?25h[?25l[32;68H~@k[22;33H[32;68H   [22;32H[32;82H2[22;32H[?25h[?25l[32;68H~@k[22;32H[32;68H   [22;31H[32;82H1[22;31H[?25h[?25l[32;68H~@k[22;31H[32;68H   [22;30H[32;82H0[22;30H[?25h[?25l[32;68H~@k[22;30H[32;68H   [22;29H[32;81H29[22;29H[?25h[?25l[32;68H~@k[22;29H[32;68H   [22;28H[32;82H8[22;28H[?25h[?25l[32;68H~@k[22;28H[32;68H   [22;27H[32;82H7[22;27H[?25h[?25l[32;68H~@k[22;27H[32;68H   [22;26H[32;82H6[22;26H[?25h[?25l[32;68H~@k[22;26H[32;68H   [22;25H[32;82H5[22;25H[?25h[?25l[32;68H~@k[22;25H[32;68H   [22;24H[32;82H4[22;24H[?25h[?25l[32;68H~@k[22;24H[32;68H   [22;25H[32;82H5[22;25H[?25h[?25l[32;68H~@k[22;25H[32;68H   [22;26H[32;82H6[22;26H[?25h[?25l[32;68H~@k[22;26H[32;68H   [22;25H[32;82H5[22;25H[?25h[?25l[32;68H~@k[22;25H[32;68H   [22;26H[32;82H6[22;26H[?25h[?25l[32;68Hi[22;26H[32;68H [22;26H[32;1H[1m-- INSERT --[m[32;13H[K[32;78H22,26[9CAll[22;26H[?25h[?25l[38;5;224m %g\n[m[95m"[m, n, linear(n), quadratic(n));[22;61H[K[32;82H5]2;fns-compare.cc + (~/projects/i240a/submit/lab1/1-monolithic) - VIM]1;fns-compare.cc[22;25H[?25h[?25l[95m [m[38;5;224m%g\n[m[95m"[m, n, linear(n), quadratic(n));[22;60H[K[32;82H4[22;24H[?25h[32;1H[K[22;23H[?25l[32;68H^[[22;23H[32;68H  [22;24H[32;78H22,23[9CAll[22;23H[?25h[?25l[32;68H:[22;23H[32;68H[K[32;1H:[?2004h[?25hw[?25l[?25hq[?25l[?25h[?25l[?1006l[?1002l[?2004l"fns-compare.cc" 25L, 340C written]2;Terminal - ]1;Terminal - [23;2t[23;1t[22;2t[22;1t[23;2t[23;1t
[?2004l[?1l>[?25h[?1049l[23;0;0trgeary1@g7-35:~/i240a/submit/lab1/1-monolithic$ vim fns-compare.cc[5P./fns-comparemake fns-compare
g++     fns-compare.cc   -o fns-compare
rgeary1@g7-35:~/i240a/submit/lab1/1-monolithic$ make fns-comparevim fns-compare.cc[5P./fns-compare
1 100000 1000
10 1e+06 100000
100 1e+07 1e+07
1000 1e+08 1e+09
10000 1e+09 1e+11
rgeary1@g7-35:~/i240a/submit/lab1/1-monolithic$ cd ..
rgeary1@g7-35:~/i240a/submit/lab1$ cd 2-separate-compilation/
rgeary1@g7-35:~/i240a/submit/lab1/2-separate-compilation$ ls
fns-compare.cc	fns-compare.hh	linear.cc
rgeary1@g7-35:~/i240a/submit/lab1/2-separate-compilation$ vim fns-compare.hh
[?1000h[?2004h[?1049h[22;0;0t[?1h=[?2004h[1;32r[?12h[?12l[22;2t[22;1t[27m[23m[29m[m[H[2J[?25l[32;1H"fns-compare.hh" 14L, 237C[2;1Hâ–½[6n[2;1H  [1;1H[>c]10;?]11;?[1;1H[35m#ifndef FNS_COMPARE_H_
#define FNS_COMPARE_H_[m

[32mtypedef[m [32mdouble[m FN([32mdouble[m);

[32mstruct[m FnInfo {
  FnInfo([32mconst[m [32mchar[m *descr, FN *fn) : descr(descr), fn(fn) { }
  [32mconst[m [32mchar[m *descr;
  FN *fn;
};

[32mbool[m register_fn([32mconst[m FnInfo fnInfo);

[35m#endif[m
[94m~                                                                                              [16;1H~                                                                                              [17;1H~                                                                                              [18;1H~                                                                                              [19;1H~                                                                                              [20;1H~                                                                                              [21;1H~                                                                                              [22;1H~                                                                                              [23;1H~                                                                                              [24;1H~                                                                                              [25;1H~                                                                                              [26;1H~                                                                                              [27;1H~                                                                                              [28;1H~                                                                                              [29;1H~                                                                                              [30;1H~                                                                                              [31;1H~                                                                                              [m[32;78H1,1[11CAll]2;fns-compare.hh (~/projects/i240a/submit/lab1/2-separate-compilation) - VIM]1;fns-compare.hh[1;1H[?25hP+q436f\P+q6b75\P+q6b64\P+q6b72\P+q6b6c\P+q2332\P+q2334\P+q2569\P+q2a37\P+q6b31\[?1000l[?1006h[?1002h[?1006l[?1002l[?1006h[?1002h[27m[23m[29m[m[H[2J[?25l[1;1H[38;5;81m#ifndef FNS_COMPARE_H_
#define FNS_COMPARE_H_[m

[38;5;121mtypedef[m [38;5;121mdouble[m FN([38;5;121mdouble[m);

[38;5;121mstruct[m FnInfo {
  FnInfo([38;5;121mconst[m [38;5;121mchar[m *descr, FN *fn) : descr(descr), fn(fn) { }
  [38;5;121mconst[m [38;5;121mchar[m *descr;
  FN *fn;
};

[38;5;121mbool[m register_fn([38;5;121mconst[m FnInfo fnInfo);

[38;5;81m#endif[m
[94m~                                                                                              [16;1H~                                                                                              [17;1H~                                                                                              [18;1H~                                                                                              [19;1H~                                                                                              [20;1H~                                                                                              [21;1H~                                                                                              [22;1H~                                                                                              [23;1H~                                                                                              [24;1H~                                                                                              [25;1H~                                                                                              [26;1H~                                                                                              [27;1H~                                                                                              [28;1H~                                                                                              [29;1H~                                                                                              [30;1H~                                                                                              [31;1H~                                                                                              [m[32;78H1,1[11CAll"fns-compare.hh" 14L, 237C[1;1H[?25h[?25l[32;79H4,6[14;6H[?25h[?25l[32;68H:[14;6H[32;1H[K[32;1H:[?2004h[?25hw[?25l[?25hq[?25l[?25h[?25l[?1006l[?1002l[?2004l"fns-compare.hh" 14L, 237C written]2;Terminal - ]1;Terminal - [23;2t[23;1t[22;2t[22;1t[23;2t[23;1t
[?2004l[?1l>[?25h[?1049l[23;0;0trgeary1@g7-35:~/i240a/submit/lab1/2-separate-compilation$ vim fns-compare.hh[K[Kcc
[?1000h[?2004h[?1049h[22;0;0t[?1h=[?2004h[1;32r[?12h[?12l[22;2t[22;1t[27m[23m[29m[m[H[2J[?25l[32;1H"fns-compare.cc" 30L, 706C[2;1Hâ–½[6n[2;1H  [1;1H[>c]10;?]11;?[1;1H[35m#include [m[31m<iostream>[m
[35m#include [m[31m<vector>[m

[35m#include [m[31m"fns-compare.hh"[m

std::vector<FnInfo>& fnInfoStore() {
  [32mstatic[m std::vector<FnInfo> fnInfos;
  [38;5;130mreturn[m fnInfos;
}

[32mbool[m
register_fn(FnInfo fnInfo) {
  fnInfoStore().push_back(fnInfo);
  [38;5;130mreturn[m [31mtrue[m;
}

[32mint[m
main() {
  [32mFILE[m *[32mconst[m out = [31mstdout[m;
  [32menum[m { WIDTH = [31m10[m };
  std::vector<FnInfo>& fnInfos = fnInfoStore();
  fprintf(out, [31m"[m[35m%*s[m[31m"[m, WIDTH, [31m"n"[m);
  [38;5;130mfor[m ([32mauto[m &fnInfo : fnInfos) { fprintf(out, [31m"[m[35m%*s[m[31m"[m, WIDTH, fnInfo.descr); }
  fprintf(out, [31m"[m[35m\n[m[31m"[m);
  [38;5;130mfor[m ([32mauto[m n : { [31m1.0[m, [31m10.0[m, [31m100.0[m, [31m1000.0[m, [31m10000.0[m, [31m100000.0[m }) {
    fprintf(out, [31m"[m[35m%*g[m[31m"[m, WIDTH, n);
    [38;5;130mfor[m ([32mauto[m &fnInfo : fnInfos) { fprintf(out, [31m"[m[35m%*g[m[31m"[m, WIDTH, fnInfo.fn(n)); }
    fprintf(out, [31m"[m[35m\n[m[31m"[m);
  }
}
[94m~                                                                                              [m[32;78H1,1[11CAll]2;fns-compare.cc (~/projects/i240a/submit/lab1/2-separate-compilation) - VIM]1;fns-compare.cc[1;1H[?25hP+q436f\P+q6b75\P+q6b64\P+q6b72\P+q6b6c\P+q2332\P+q2334\P+q2569\P+q2a37\P+q6b31\[?1000l[?1006h[?1002h[?1006l[?1002l[?1006h[?1002h[27m[23m[29m[m[H[2J[?25l[1;1H[38;5;81m#include [m[95m<iostream>[m
[38;5;81m#include [m[95m<vector>[m

[38;5;81m#include [m[95m"fns-compare.hh"[m

std::vector<FnInfo>& fnInfoStore() {
  [38;5;121mstatic[m std::vector<FnInfo> fnInfos;
  [93mreturn[m fnInfos;
}

[38;5;121mbool[m
register_fn(FnInfo fnInfo) {
  fnInfoStore().push_back(fnInfo);
  [93mreturn[m [95mtrue[m;
}

[38;5;121mint[m
main() {
  [38;5;121mFILE[m *[38;5;121mconst[m out = [95mstdout[m;
  [38;5;121menum[m { WIDTH = [95m10[m };
  std::vector<FnInfo>& fnInfos = fnInfoStore();
  fprintf(out, [95m"[m[38;5;224m%*s[m[95m"[m, WIDTH, [95m"n"[m);
  [93mfor[m ([38;5;121mauto[m &fnInfo : fnInfos) { fprintf(out, [95m"[m[38;5;224m%*s[m[95m"[m, WIDTH, fnInfo.descr); }
  fprintf(out, [95m"[m[38;5;224m\n[m[95m"[m);
  [93mfor[m ([38;5;121mauto[m n : { [95m1.0[m, [95m10.0[m, [95m100.0[m, [95m1000.0[m, [95m10000.0[m, [95m100000.0[m }) {
    fprintf(out, [95m"[m[38;5;224m%*g[m[95m"[m, WIDTH, n);
    [93mfor[m ([38;5;121mauto[m &fnInfo : fnInfos) { fprintf(out, [95m"[m[38;5;224m%*g[m[95m"[m, WIDTH, fnInfo.fn(n)); }
    fprintf(out, [95m"[m[38;5;224m\n[m[95m"[m);
  }
}
[94m~                                                                                              [m[32;78H1,1[11CAll"fns-compare.cc" 30L, 706C[1;1H[?25h[?25l[18;8H[46m{[30;1H}[m[32;78H30,1[30;1H[?25h[?25l[32;68H:[30;1H[32;1H[K[32;1H:[?2004h[?25hw[?25l[?25hq[?25l[?25h[?25l[?1006l[?1002l[?2004l"fns-compare.cc" 30L, 706C written]2;Terminal - ]1;Terminal - [23;2t[23;1t[22;2t[22;1t[23;2t[23;1t
[?2004l[?1l>[?25h[?1049l[23;0;0trgeary1@g7-35:~/i240a/submit/lab1/2-separate-compilation$ g++ -g -Wall -std=c++17 -c fns-compare.cc
rgeary1@g7-35:~/i240a/submit/lab1/2-separate-compilation$ $ g++ -g -Wall -std=c++17 -c linear.cc
bash: $: command not found
rgeary1@g7-35:~/i240a/submit/lab1/2-separate-compilation$ $ g++ -g -Wall -std=c++17 -c linear.cc[A[C[C[C[C[C[C[C[C[C[C[C[C[C[C[C[C[C[C[C[C[C[C[C[C[C[C[C[C[C[C[C[C[C[C[C[C[C[C[C[C[C[C[C[C[C[C[C[C[C[C[C[C[C[C[C[C[C[C[C[C[C[C[C[C[C[C[C[C[C[C[C[C[C[C[C[C[C[C[C[C[C[C[C[C[C[C[C[C[C[C[C[C[C[C g++ -g -Wall -std=c++17 -c linear.cc [K[A[C[C[C[C[C[C[C[C[C[C[C[C[C[C[C[C[C[C[C[C[C[C[C[C[C[C[C[C[C[C[C[C[C[C[C[C[C[C[C[C[C[C[C[C[C[C[C[C[C[C[C[C[C[C[C[C[C[C
rgeary1@g7-35:~/i240a/submit/lab1/2-separate-compilation$ g++ fns-compare.o linear.o -o fns-compare
rgeary1@g7-35:~/i240a/submit/lab1/2-separate-compilation$ ./fns-compare 
         n    linear
         1     10000
        10    100000
       100     1e+06
      1000     1e+07
     10000     1e+08
    100000     1e+09
rgeary1@g7-35:~/i240a/submit/lab1/2-separate-compilation$ vim [K[K[K[Kvim linear.cc
[?1000h[?2004h[?1049h[22;0;0t[?1h=[?2004h[1;32r[?12h[?12l[22;2t[22;1t[27m[23m[29m[m[H[2J[?25l[32;1H"linear.cc" 11L, 173C[2;1Hâ–½[6n[2;1H  [1;1H[>c]10;?]11;?[1;1H[35m#include [m[31m"fns-compare.hh"[m

[32mstatic[m [32mdouble[m
linear([32mdouble[m n)
{
  [32menum[m { C = [31m10000[m };
  [38;5;130mreturn[m C*n;
}

[32mstatic[m [32mconst[m [32mbool[m isRegistered =
  register_fn(FnInfo([31m"linear"[m, linear));
[94m~                                                                                              [13;1H~                                                                                              [14;1H~                                                                                              [15;1H~                                                                                              [16;1H~                                                                                              [17;1H~                                                                                              [18;1H~                                                                                              [19;1H~                                                                                              [20;1H~                                                                                              [21;1H~                                                                                              [22;1H~                                                                                              [23;1H~                                                                                              [24;1H~                                                                                              [25;1H~                                                                                              [26;1H~                                                                                              [27;1H~                                                                                              [28;1H~                                                                                              [29;1H~                                                                                              [30;1H~                                                                                              [31;1H~                                                                                              [m[32;78H1,1[11CAll]2;linear.cc (~/projects/i240a/submit/lab1/2-separate-compilation) - VIM]1;linear.cc[1;1H[?25hP+q436f\P+q6b75\P+q6b64\P+q6b72\P+q6b6c\P+q2332\P+q2334\P+q2569\P+q2a37\P+q6b31\[?1000l[?1006h[?1002h[?1006l[?1002l[?1006h[?1002h[27m[23m[29m[m[H[2J[?25l[1;1H[38;5;81m#include [m[95m"fns-compare.hh"[m

[38;5;121mstatic[m [38;5;121mdouble[m
linear([38;5;121mdouble[m n)
{
  [38;5;121menum[m { C = [95m10000[m };
  [93mreturn[m C*n;
}

[38;5;121mstatic[m [38;5;121mconst[m [38;5;121mbool[m isRegistered =
  register_fn(FnInfo([95m"linear"[m, linear));
[94m~                                                                                              [13;1H~                                                                                              [14;1H~                                                                                              [15;1H~                                                                                              [16;1H~                                                                                              [17;1H~                                                                                              [18;1H~                                                                                              [19;1H~                                                                                              [20;1H~                                                                                              [21;1H~                                                                                              [22;1H~                                                                                              [23;1H~                                                                                              [24;1H~                                                                                              [25;1H~                                                                                              [26;1H~                                                                                              [27;1H~                                                                                              [28;1H~                                                                                              [29;1H~                                                                                              [30;1H~                                                                                              [31;1H~                                                                                              [m[32;78H1,1[11CAll"linear.cc" 11L, 173C[1;1H[?25h[?25l[32;78H4[4;1H[?25h[?25l[32;68H2[5;1H[4;1H[48;5;242mlinear([m[38;5;121m[48;5;242mdouble[m[48;5;242m n) [m
[46m{


}[m[32;1H[1m-- VISUAL --[m[32;13H[K[32;68H2[5;1H[32;78H5,1[11CAll[5;1H[?25h[?25l[1C[48;5;242m{[m


}[32;80H2[5;2H[?25h[?25l[32;68H3[6;2H[5;2H[48;5;242m 
 [m[32;78H6[6;2H[?25h[?25l[32;68H4[7;2H[6;2H[48;5;242m [m[38;5;121m[48;5;242menum[m[48;5;242m { C = [m[95m[48;5;242m10000[m[48;5;242m }; 
 [m[32;78H7[7;2H[?25h[?25l[32;68H5[8;2H[7;2H[48;5;242m [m[93m[48;5;242mreturn[m[48;5;242m C*n; 
}[m[32;78H8[8;2H[?25h[?25l[?25h[?25l[32;68H4[7;2H [93mreturn[m C*n;[7;14H[K[8;1H}[32;78H7[7;2H[?25h[?25l[?25h[?25l[32;68H [8;1H[4;1Hlinear([38;5;121mdouble[m n)[4;17H[K[5;1H[46m{[m[5;2H[K[6;1H  [38;5;121menum[m { C = [95m10000[m };[6;22H[K[7;1H 
[46m}[m[32;1H[K[32;78H8,1[11CAll[8;1H[?25h[?25l[32;68H2[7;2H[5;1H{

  [93m[48;5;242mreturn[m[48;5;242m C*n; 
}[m[32;1H[1m-- VISUAL --[m[32;68H[K[32;68H2[7;2H[32;78H7,2[11CAll[7;2H[?25h[?25l[32;68H3[6;2H [38;5;121m[48;5;242menum[m[48;5;242m { C = [m[95m[48;5;242m10000[m[48;5;242m }; 
  [m[32;78H6[6;2H[?25h[?25l[32;68H4[5;2H
[48;5;242m  [m[32;78H5[5;2H[?25h[?25l[32;68H5[4;2Hi[48;5;242mnear([m[38;5;121m[48;5;242mdouble[m[48;5;242m n) 
{ [m[32;78H4[4;2H[?25h[?25ll[48;5;242mi[m[32;80H1[4;1H[?25h[?25l[?25h[?25l[32;68H4[5;1H[4;2Hinear([38;5;121mdouble[m n)[4;17H[K[5;1H[46m{[m[32;78H5[5;1H[?25h[?25l[?25h[?25l[32;68H [4;1H
{[5;2H[K[6;1H  [38;5;121menum[m { C = [95m10000[m };[6;22H[K[7;1H  [93mreturn[m C*n;[7;14H[K[8;1H}[32;1H[K[32;78H4,1[11CAll[4;1H[?25h[?25l
[46m{


}[m[32;78H8[8;1H[?25h[?25l[32;68H2[7;3H[5;1H{[7;4H[93m[48;5;242meturn[m[48;5;242m C*n; 
}[m[32;1H[1m-- VISUAL --[m[32;68H[K[32;68H2[7;3H[32;78H7,3[11CAll[7;3H[?25h[?25l [93m[48;5;242mr[m[32;80H2[7;2H[?25h[?25l[32;68H3[6;2H [38;5;121m[48;5;242menum[m[48;5;242m { C = [m[95m[48;5;242m10000[m[48;5;242m }; 
  [m[32;78H6[6;2H[?25h[?25l[32;68H4[5;2H
[48;5;242m  [m[32;78H5[5;2H[?25h[?25l[46m{[m[48;5;242m [m[32;80H1[5;1H[?25h[?25l[32;68H5[4;1Hl[48;5;242minear([m[38;5;121m[48;5;242mdouble[m[48;5;242m n) 
{[m[32;78H4[4;1H[?25h[?25l[?25h[?25l[32;68H:[4;1H[32;68H [4;1H[32;1H[K[32;1H:[?2004h'<,'>[?25hc[?25l[?25h[?25l[32;1H[K[32;1H[?2004h[?25h:[?25l[?25hw[?25l[?25hq[?25l[?25h
[?25l[?2004h[?25h[?25l[?2004h[?25h[20;2H[7m                                                                                              [21;1H~       [32;1H[m[20;2H[94m                                                                                              [21;1H~       [32;1H[m[3;4H[7mear(double n)                                                                               [4;1H{                                                                                              [32;1H[m[3;4H[48;5;242mear([m[38;5;121m[48;5;242mdouble[m[48;5;242m n) [m                                                                              [4;1H[48;5;242m{ [m                                                                                             [32;1H[3;2H[7minear(double n)                                                                               [4;1H{                                                                                              [32;1H[5;1H  en[32;1H[5;5Hum { C = 10000 };                                                                          [6;1H  ret[32;1H[6;6Hu[32;1H[6;7Hrn C*n;                                                                                  [7;1H}                                                                                              [32;1H[m[6;8H[93m[48;5;242mn[m[48;5;242m C*n; [m                                                                                 [7;1H[48;5;242m}[m                                                                                              [32;1H[6;7H[93m[48;5;242mr[32;1H[m[5;7H[48;5;242m { C = [m[95m[48;5;242m10000[m[48;5;242m }; [m                                                                         [6;1H[48;5;242m  [m[93m[48;5;242mretu[32;1H[m[5;6H[38;5;121m[48;5;242mm[32;1H[m[5;1H[48;5;242m  [m[38;5;121m[48;5;242menu[32;1H[m[3;4H[48;5;242mear([m[38;5;121m[48;5;242mdouble[m[48;5;242m n) [m                                                                              [4;1H[48;5;242m{ [m                                                                                             [32;1H[3;3H[48;5;242mn[32;1H[m[2;2H[7mtatic double                                                                                  [3;1Hl[32;1H[m[2;2H[38;5;121mtatic[m [38;5;121mdouble[m                                                                                  [3;1Hl[32;1H[3;3H[7mnear(double n)                                                                               [4;1H{                                                                                              [32;1H[5;1H  e[32;1H[5;4Hn[32;1H[5;5Hum { C = 10000 };                                                                          [6;1H  re[32;1H[m[5;5H[38;5;121m[48;5;242mum[m[48;5;242m { C = [m[95m[48;5;242m10000[m[48;5;242m }; [m                                                                         [6;1H[48;5;242m  [m[93m[48;5;242mre[32;1H[m[5;4H[38;5;121m[48;5;242mn[32;1H[m[5;1H[48;5;242m  [m[38;5;121m[48;5;242me[32;1H[m[3;3H[48;5;242mnear([m[38;5;121m[48;5;242mdouble[m[48;5;242m n) [m                                                                              [4;1H[48;5;242m{ [m                                                                                             [32;1H[2;2H[7mtatic double                                                                                  [3;1Hl[32;1H[?25l[m[1;1H[L[1;1H[38;5;81m#include [m[95m"fns-compare.hh"[4;31r[m[3;2H[38;5;121mtatic[m [38;5;121mdouble[m                                                                                  [4;1Hl[48;5;242mi[m[3M[1;32r[4;1H:wq[4;4H[K[5;1H[K[29;1H[94m~                                                                                              [30;1H~                                                                                              [31;1H~                                                                                              [m[32;1H[K[32;78H5,0-1[9CAll]2;linear.cc + (~/projects/i240a/submit/lab1/2-separate-compilation) - VIM]1;linear.cc[5;1H[?25h[?25l[32;68H^[[5;1H[32;68H  [5;1H[32;68H^[[5;1H[32;68H  [5;1H[?25h[?25l[32;68H^[[5;1H[32;68H  [5;1H[32;68H^[[5;1H[32;68H  [5;1H[?25h[?25l[32;68H^[[5;1H[32;68H  [5;1H[32;68H^[[5;1H[32;68H  [5;1H[?25h[?25l[32;68H^[[5;1H[32;68H  [5;1H[32;68H^[[5;1H[32;68H  [5;1H[?25h[?25l[32;68H^[[5;1H[32;68H  [5;1H[?25h[?25l[32;68H^[[5;1H[32;68H  [5;1H[?25h[?25l[32;68H^[[5;1H[32;68H  [5;1H[?25h[?25l[32;68H^[[5;1H[32;68H  [5;1H[?25h[?25l[32;68H^[[5;1H[32;68H  [5;1H[?25h[?25l[32;68H^[[5;1H[32;68H  [5;1H[?25h[?25l[32;68H^[[5;1H[32;68H  [5;1H[32;68H^[[5;1H[32;68H  [5;1H[?25h[?25l[32;78H8,40 [8;40H[?25h[?25l[32;68H^R[8;40H[32;1HAlready at newest change[32;68H[K[8;40H[32;78H8,40[10CAll[8;40H[?25h[?25l[32;68H^R[8;40H[32;68H[K[8;40H[32;78H8,40[10CAll[8;40H[?25h[?25l[32;68Hu[8;40H[32;1H3 more lines; before #1  36 seconds ago[32;68H[K[4;1H[6;31r[6;1H[3L[1;32r[4;1Hlinear([38;5;121mdouble[m n)
{
  [38;5;121menum[m { C = [95m10000[m };
  [93mreturn[m C*n;
}[32;1H[K[32;78H4,1[11CAll]2;linear.cc (~/projects/i240a/submit/lab1/2-separate-compilation) - VIM]1;linear.cc3 more lines; before #1  36 seconds ago[32;78H[K[32;78H4,1[11CAll[4;1H[?25h[?25l[11;21H[46m([16C)[m[32;78H11,38[11;38H[?25h[?25l[11;21H([16C)[32;82H5[11;35H[?25h[?25l[32;81H40[11;40H[?25h[?25l[32;68H^[[11;40H[32;68H  [11;40H[32;68H^[[11;40H[32;68H  [11;40H[?25h[?25l[32;68H^[[11;40H[32;68H  [11;40H[32;68H^[[11;40H[32;68H  [11;40H[?25h[?25l[32;68H:[11;40H[32;1H[K[32;1H:[?2004h[?25hw[?25l[?25hq[?25l[?25h[?25l[?1006l[?1002l[?2004l"linear.cc" 11L, 173C written]2;Terminal - ]1;Terminal - [23;2t[23;1t[22;2t[22;1t[23;2t[23;1t
[?2004l[?1l>[?25h[?1049l[23;0;0trgeary1@g7-35:~/i240a/submit/lab1/2-separate-compilation$ vim fns-compare.cc
[?1000h[?2004h[?1049h[22;0;0t[?1h=[?2004h[1;32r[?12h[?12l[22;2t[22;1t[27m[23m[29m[m[H[2J[?25l[32;1H"fns-compare.cc" 30L, 706C[2;1Hâ–½[6n[2;1H  [1;1H[>c]10;?]11;?[1;1H[35m#include [m[31m<iostream>[m
[35m#include [m[31m<vector>[m

[35m#include [m[31m"fns-compare.hh"[m

std::vector<FnInfo>& fnInfoStore() {
  [32mstatic[m std::vector<FnInfo> fnInfos;
  [38;5;130mreturn[m fnInfos;
}

[32mbool[m
register_fn(FnInfo fnInfo) {
  fnInfoStore().push_back(fnInfo);
  [38;5;130mreturn[m [31mtrue[m;
}

[32mint[m
main() [106m{[m
  [32mFILE[m *[32mconst[m out = [31mstdout[m;
  [32menum[m { WIDTH = [31m10[m };
  std::vector<FnInfo>& fnInfos = fnInfoStore();
  fprintf(out, [31m"[m[35m%*s[m[31m"[m, WIDTH, [31m"n"[m);
  [38;5;130mfor[m ([32mauto[m &fnInfo : fnInfos) { fprintf(out, [31m"[m[35m%*s[m[31m"[m, WIDTH, fnInfo.descr); }
  fprintf(out, [31m"[m[35m\n[m[31m"[m);
  [38;5;130mfor[m ([32mauto[m n : { [31m1.0[m, [31m10.0[m, [31m100.0[m, [31m1000.0[m, [31m10000.0[m, [31m100000.0[m }) {
    fprintf(out, [31m"[m[35m%*g[m[31m"[m, WIDTH, n);
    [38;5;130mfor[m ([32mauto[m &fnInfo : fnInfos) { fprintf(out, [31m"[m[35m%*g[m[31m"[m, WIDTH, fnInfo.fn(n)); }
    fprintf(out, [31m"[m[35m\n[m[31m"[m);
  }
[106m}[m
[94m~                                                                                              [m[32;78H30,1[10CAll]2;fns-compare.cc (~/projects/i240a/submit/lab1/2-separate-compilation) - VIM]1;fns-compare.cc[30;1H[?25hP+q436f\P+q6b75\P+q6b64\P+q6b72\P+q6b6c\P+q2332\P+q2334\P+q2569\P+q2a37\P+q6b31\[?1000l[?1006h[?1002h[?1006l[?1002l[?1006h[?1002h[27m[23m[29m[m[H[2J[?25l[1;1H[38;5;81m#include [m[95m<iostream>[m
[38;5;81m#include [m[95m<vector>[m

[38;5;81m#include [m[95m"fns-compare.hh"[m

std::vector<FnInfo>& fnInfoStore() {
  [38;5;121mstatic[m std::vector<FnInfo> fnInfos;
  [93mreturn[m fnInfos;
}

[38;5;121mbool[m
register_fn(FnInfo fnInfo) {
  fnInfoStore().push_back(fnInfo);
  [93mreturn[m [95mtrue[m;
}

[38;5;121mint[m
main() [46m{[m
  [38;5;121mFILE[m *[38;5;121mconst[m out = [95mstdout[m;
  [38;5;121menum[m { WIDTH = [95m10[m };
  std::vector<FnInfo>& fnInfos = fnInfoStore();
  fprintf(out, [95m"[m[38;5;224m%*s[m[95m"[m, WIDTH, [95m"n"[m);
  [93mfor[m ([38;5;121mauto[m &fnInfo : fnInfos) { fprintf(out, [95m"[m[38;5;224m%*s[m[95m"[m, WIDTH, fnInfo.descr); }
  fprintf(out, [95m"[m[38;5;224m\n[m[95m"[m);
  [93mfor[m ([38;5;121mauto[m n : { [95m1.0[m, [95m10.0[m, [95m100.0[m, [95m1000.0[m, [95m10000.0[m, [95m100000.0[m }) {
    fprintf(out, [95m"[m[38;5;224m%*g[m[95m"[m, WIDTH, n);
    [93mfor[m ([38;5;121mauto[m &fnInfo : fnInfos) { fprintf(out, [95m"[m[38;5;224m%*g[m[95m"[m, WIDTH, fnInfo.fn(n)); }
    fprintf(out, [95m"[m[38;5;224m\n[m[95m"[m);
  }
[46m}[m
[94m~                                                                                              [m[32;78H30,1[10CAll"fns-compare.cc" 30L, 706C[30;1H[?25h[?25l[32;68H:[30;1H[32;1H[K[32;1H:[?2004h[?25hw[?25l[?25hq[?25l[?25h[?25l[?1006l[?1002l[?2004l"fns-compare.cc" 30L, 706C written]2;Terminal - ]1;Terminal - [23;2t[23;1t[22;2t[22;1t[23;2t[23;1t
[?2004l[?1l>[?25h[?1049l[23;0;0trgeary1@g7-35:~/i240a/submit/lab1/2-separate-compilation$ vim quadratic.cc[K[K[K[K[K[K[K[K[K[K[K[Klinear..[Kss[K[Kcc
[?1000h[?2004h[?1049h[22;0;0t[?1h=[?2004h[1;32r[?12h[?12l[22;2t[22;1t[27m[23m[29m[m[H[2J[?25l[32;1H"linear.cc" 11L, 173C[2;1Hâ–½[6n[2;1H  [1;1H[>c]10;?]11;?[1;1H[35m#include [m[31m"fns-compare.hh"[m

[32mstatic[m [32mdouble[m
linear([32mdouble[m n)
{
  [32menum[m { C = [31m10000[m };
  [38;5;130mreturn[m C*n;
}

[32mstatic[m [32mconst[m [32mbool[m isRegistered =
  register_fn(FnInfo([31m"linear"[m, linear));
[94m~                                                                                              [13;1H~                                                                                              [14;1H~                                                                                              [15;1H~                                                                                              [16;1H~                                                                                              [17;1H~                                                                                              [18;1H~                                                                                              [19;1H~                                                                                              [20;1H~                                                                                              [21;1H~                                                                                              [22;1H~                                                                                              [23;1H~                                                                                              [24;1H~                                                                                              [25;1H~                                                                                              [26;1H~                                                                                              [27;1H~                                                                                              [28;1H~                                                                                              [29;1H~                                                                                              [30;1H~                                                                                              [31;1H~                                                                                              [m[32;78H11,40[9CAll]2;linear.cc (~/projects/i240a/submit/lab1/2-separate-compilation) - VIM]1;linear.cc[11;40H[?25hP+q436f\P+q6b75\P+q6b64\P+q6b72\P+q6b6c\P+q2332\P+q2334\P+q2569\P+q2a37\P+q6b31\[?1000l[?1006h[?1002h[?1006l[?1002l[?1006h[?1002h[27m[23m[29m[m[H[2J[?25l[1;1H[38;5;81m#include [m[95m"fns-compare.hh"[m

[38;5;121mstatic[m [38;5;121mdouble[m
linear([38;5;121mdouble[m n)
{
  [38;5;121menum[m { C = [95m10000[m };
  [93mreturn[m C*n;
}

[38;5;121mstatic[m [38;5;121mconst[m [38;5;121mbool[m isRegistered =
  register_fn(FnInfo([95m"linear"[m, linear));
[94m~                                                                                              [13;1H~                                                                                              [14;1H~                                                                                              [15;1H~                                                                                              [16;1H~                                                                                              [17;1H~                                                                                              [18;1H~                                                                                              [19;1H~                                                                                              [20;1H~                                                                                              [21;1H~                                                                                              [22;1H~                                                                                              [23;1H~                                                                                              [24;1H~                                                                                              [25;1H~                                                                                              [26;1H~                                                                                              [27;1H~                                                                                              [28;1H~                                                                                              [29;1H~                                                                                              [30;1H~                                                                                              [31;1H~                                                                                              [m[32;78H11,40[9CAll"linear.cc" 11L, 173C[11;40H[?25h[?25l[32;81H2[11;20H[?25h[?25l[32;68H2[11;19Hf[48;5;242mo[m[32;1H[1m-- VISUAL --[m[32;13H[K[32;68H2[11;19H[32;78H11,19[9CAll[11;19H[?25h[?25l[32;68H3[11;18Hn[48;5;242mf[m[32;82H8[11;18H[?25h[?25l[32;68H4[11;17HI[48;5;242mn[m[32;82H7[11;17H[?25h[?25l[?25h[?25l[32;68H5[11;16Hn[48;5;242mI[m[32;82H6[11;16H[?25h[?25l[32;68H6[11;15HF[48;5;242mn[m[32;82H5[11;15H[?25h[?25l[32;68H7[11;14H[46m([m[48;5;242mF[m[23C[46m)[m[32;82H4[11;14H[?25h[?25l[32;68H8[11;13Hn[48;5;242m([m[24C)[32;82H3[11;13H[?25h[?25l[?25h[?25l[32;68H9[11;12Hf[48;5;242mn[m[32;82H2[11;12H[?25h[?25l[32;68H10[11;11H_[48;5;242mf[m[32;82H1[11;11H[?25h[?25l[?25h[?25l[32;69H1[11;10Hr[48;5;242m_[m[32;82H0[11;10H[?25h[?25l[32;69H2[11;9He[48;5;242mr[m[32;81H9 [11;9H[?25h[?25l[?25h[?25l[32;68H  [10;32H[11;10Hr_fn(FnInfo[32;1H[K[32;78H10,32[9CAll[10;32H[?25h[?25l[32;79H,1  [1;1H[?25h[?25l[32;68H1[1;1H[32;1H[1m-- VISUAL --[m[32;68H[K[32;68H1[1;1H[32;78H1,1[11CAll[1;1H[?25h[?25l[?25h[?25l[32;68HV[1;1H[32;11H[1mLINE --[m[32;68H[K[32;68H1[1;1H[32;78H1,1[11CAll[1;1H[1C[38;5;81m[48;5;242minclude [m[95m[48;5;242m"fns-compare.hh"[m[48;5;242m [?25h[?25l[m[32;68HV[1;1H[32;68H [1;1H[1C[38;5;81minclude [m[95m"fns-compare.hh"[m[1;26H[K[32;1H[K[32;78H1,1[11CAll[1;1H[?25h[?25l[32;68HV[1;1H[32;68H1[1;1H[1C[38;5;81m[48;5;242minclude [m[95m[48;5;242m"fns-compare.hh"[m[48;5;242m [m[32;1H[1m-- VISUAL LINE --[m[32;68H[K[32;68H1[1;1H[32;78H1,1[11CAll[1;1H[?25h[?25l[32;68H [11;18H[1;2H[38;5;81minclude [m[95m"fns-compare.hh"[m[1;26H[K[32;1H[K[32;78H11,18[9CAll[11;18H[?25h[?25l[32;68H^V[11;18H[32;68H1x1[11;18H[32;1H[1m-- VISUAL BLOCK --[m[32;68H[K[32;68H1x1[11;18H[32;78H11,18[9CAll[11;18H[?25h[?25l[32;68H^V [11;18H[32;68H  [11;18H[32;1H[K[32;78H11,18[9CAll[11;18H[?25h[?25l[32;68H^V[11;18H[32;68H1x1[11;18H[32;1H[1m-- VISUAL BLOCK --[m[32;68H[K[32;68H1x1[11;18H[32;78H11,18[9CAll[11;18H[?25h[?25l[32;68H^V [11;18H[32;68H  [11;18H[32;1H[K[32;78H11,18[9CAll[11;18H[?25h[?25l[32;68H^V[11;18H[32;68H1x1[11;18H[32;1H[1m-- VISUAL BLOCK --[m[32;68H[K[32;68H1x1[11;18H[32;78H11,18[9CAll[11;18H[?25h[?25l[32;68H^V [11;18H[32;68H  [11;18H[32;1H[K[32;78H11,18[9CAll[11;18H[?25h[?25l[32;68H^V[11;18H[32;68H1x1[11;18H[32;1H[1m-- VISUAL BLOCK --[m[32;68H[K[32;68H1x1[11;18H[32;78H11,18[9CAll[11;18H[?25h[?25l[32;68H^V [11;18H[32;68H  [11;18H[32;1H[K[32;78H11,18[9CAll[11;18H[?25h[?25l[32;68H^V[11;18H[32;68H1x1[11;18H[32;1H[1m-- VISUAL BLOCK --[m[32;68H[K[32;68H1x1[11;18H[32;78H11,18[9CAll[11;18H[?25h[?25l[32;68H^V [11;18H[32;68H  [11;18H[32;1H[K[32;78H11,18[9CAll[11;18H[?25h[?25l[32;68H^V[11;18H[32;68H1x1[11;18H[32;1H[1m-- VISUAL BLOCK --[m[32;68H[K[32;68H1x1[11;18H[32;78H11,18[9CAll[11;18H[?25h[?25l[32;68H^V [11;18H[32;68H  [11;18H[32;1H[K[32;78H11,18[9CAll[11;18H[?25h[?25l[32;68H^][1;1H[32;1H[97m[41mE433: No tags file[m[32;68H[K[32;1H
[97m[41mE426: tag not found: include[?1006l[?1002l[m
[38;5;121mPress ENTER or type command to continue[?25h[?1006h[?1002h[?25l[1;1H[m[2L[1;1H[38;5;81m#include [m[95m"fns-compare.hh"[m[32;1H[K[32;78H1,1[11CAll[1;1H[?25h[?25l[32;68H^V[1;1H[32;68H1x1[1;1H[32;1H[1m-- VISUAL BLOCK --[m[32;68H[K[32;68H1x1[1;1H[32;78H1,1[11CAll[1;1H[?25h[?25l[32;68H^V [1;1H[32;68H  [1;1H[32;1H[K[32;78H1,1[11CAll[1;1H[?25h[?25l[32;68H^V[1;1H[32;68H1x1[1;1H[32;1H[1m-- VISUAL BLOCK --[m[32;68H[K[32;68H1x1[1;1H[32;78H1,1[11CAll[1;1H[?25h[?25l[?25h[?25l[32;68H^V [1;1H[32;68H  [1;1H[32;1H[K[32;78H1,1[11CAll[1;1H[?25h[?25l[32;68H^V[1;1H[32;68H1x1[1;1H[32;1H[1m-- VISUAL BLOCK --[m[32;68H[K[32;68H1x1[1;1H[32;78H1,1[11CAll[1;1H[?25h[?25l[32;68H^V [1;1H[32;68H  [1;1H[32;1H[K[32;78H1,1[11CAll[1;1H[?25h[?25l[32;68H^V[1;1H[32;68H1x1[1;1H[32;1H[1m-- VISUAL BLOCK --[m[32;68H[K[32;68H1x1[1;1H[32;78H1,1[11CAll[1;1H[?25h[?25l[32;68H^V [1;1H[32;68H  [1;1H[32;1H[K[32;78H1,1[11CAll[1;1H[?25h[?25l[32;68H^V[1;1H[32;68H1x1[1;1H[32;1H[1m-- VISUAL BLOCK --[m[32;68H[K[32;68H1x1[1;1H[32;78H1,1[11CAll[1;1H[?25h[?25l[?25h[?25l[?25h[?25l[32;68H^V [1;1H[32;68H  [1;1H[32;1H[K[32;78H1,1[11CAll[1;1H[?25h[?25l[32;68H^V[1;1H[32;68H1x1[1;1H[32;1H[1m-- VISUAL BLOCK --[m[32;68H[K[32;68H1x1[1;1H[32;78H1,1[11CAll[1;1H[?25h[?25l[?25h[?25l[32;68H^V [1;1H[32;68H  [1;1H[32;1H[K[32;78H1,1[11CAll[1;1H[?25h[?25l[32;68H^V[1;1H[32;68H1x1[1;1H[32;1H[1m-- VISUAL BLOCK --[m[32;68H[K[32;68H1x1[1;1H[32;78H1,1[11CAll[1;1H[?25h[?25l[?25h[?25l[32;68H^V [1;1H[32;68H  [1;1H[32;1H[K[32;78H1,1[11CAll[1;1H[?25h[?25l[32;68H^V[1;1H[32;68H1x1[1;1H[32;1H[1m-- VISUAL BLOCK --[m[32;68H[K[32;68H1x1[1;1H[32;78H1,1[11CAll[1;1H[?25h[?25l[?25h[?25l[?25h[?25l[32;68H^V [1;1H[32;68H  [1;1H[32;1H[K[32;78H1,1[11CAll[1;1H[?25h[?25l[32;68H^V[1;1H[32;68H1x1[1;1H[32;1H[1m-- VISUAL BLOCK --[m[32;68H[K[32;68H1x1[1;1H[32;78H1,1[11CAll[1;1H[?25h[?25l[?25h[?25l[?25h[?25l[?25h[?25l[?25h[?25l[32;68H^V [1;1H[32;68H  [1;1H[32;1H[K[32;78H1,1[11CAll[1;1H[?25h[?25l[32;68H^V[1;1H[32;68H1x1[1;1H[32;1H[1m-- VISUAL BLOCK --[m[32;68H[K[32;68H1x1[1;1H[32;78H1,1[11CAll[1;1H[?25h[?25l[?25h[?25l[?25h[?25l[?25h[?25l[?25h[?25l[32;68H^V [1;1H[32;68H  [1;1H[32;1H[K[32;78H1,1[11CAll[1;1H[?25h[?25l[32;68H^V[1;1H[32;68H1x1[1;1H[32;1H[1m-- VISUAL BLOCK --[m[32;68H[K[32;68H1x1[1;1H[32;78H1,1[11CAll[1;1H[?25h[?25l[?25h[?25l[?25h[?25l[32;68H^V [1;1H[32;68H  [1;1H[32;1H[K[32;78H1,1[11CAll[1;1H[?25h[?25l[32;68H^V[1;1H[32;68H1x1[1;1H[32;1H[1m-- VISUAL BLOCK --[m[32;68H[K[32;68H1x1[1;1H[32;78H1,1[11CAll[1;1H[?25h[?25l[?25h[?25l[32;68H^V [1;1H[32;68H  [1;1H[32;1H[K[32;78H1,1[11CAll[1;1H[?25h[?25l[32;68H^V[1;1H[32;68H1x1[1;1H[32;1H[1m-- VISUAL BLOCK --[m[32;68H[K[32;68H1x1[1;1H[32;78H1,1[11CAll[1;1H[?25h[?25l[32;68H^V [1;1H[32;68H  [1;1H[32;1H[K[32;78H1,1[11CAll[1;1H[?25h[?25l[32;78H7,13[7;13H[?25h[?25l[32;78H11,40[11;40H[?25h[?25l[32;68H2[11;41H[48;5;242m;[m[32;1H[1m-- VISUAL --[m[32;68H[K[32;68H2[11;41H[32;78H11,41[9CAll[11;41H[?25h[?25l[?25h[?25l[32;68H1[11;40H;[32;82H0[11;40H[?25h[?25l[32;68H2[10;33H
[48;5;242m  register_fn(FnInfo([m[95m[48;5;242m"linear"[m[48;5;242m, linear));[m[32;79H0,33[10;33H[?25h[?25l[?25h[?25l[?25h[?25l[?25h[?25l=[48;5;242m [m[32;82H2[10;32H[?25h[?25l [48;5;242m=[m[32;82H1[10;31H[?25h[?25l[32;68H3[9;1H
[38;5;121m[48;5;242mstatic[m[48;5;242m [m[38;5;121m[48;5;242mconst[m[48;5;242m [m[38;5;121m[48;5;242mbool[m[48;5;242m isRegistered [m[32;78H9,0-[9;1H[?25h[?25l[?25h[?25l[?25h[?25l[32;68H4[8;2H
[48;5;242m [m[32;78H8,2  [8;2H[?25h[?25l[?25h[?25l[?25h[?25l[32;68H5[7;13H;[48;5;242m 
} [m[32;78H7,13[7;13H[?25h[?25l*[48;5;242mn;[m[32;81H1[7;11H[?25h[?25l [48;5;242mC*[m[32;80H9 [7;9H[?25h[?25l[32;68H6[6;8H[46m{[m[48;5;242m C = [m[95m[48;5;242m10000[m[48;5;242m }; 
  [m[93m[48;5;242mreturn[m[48;5;242m [m[32;78H6,8[6;8H[?25h[?25l[1C[48;5;242m {[m[32;80H6[6;6H[?25h[?25l[1C[38;5;121m[48;5;242mm[m[32;80H5[6;5H[?25h[?25l[32;68H7[5;2H
[48;5;242m  [m[38;5;121m[48;5;242menu[m[32;78H5,2[5;2H[?25h[?25l[?25h[?25l[46m{[m[48;5;242m [m[32;80H1[5;1H[?25h[?25l[32;68H9[3;1H[1C[38;5;121m[48;5;242mtatic[m[48;5;242m [m[38;5;121m[48;5;242mdouble[m[48;5;242m 
linear([m[38;5;121m[48;5;242mdouble[m[48;5;242m n) 
{[m[32;78H3[3;1H[?25h[?25l[32;68H10[2;1H
[38;5;121m[48;5;242ms[m[32;78H2,0-1[2;1H[?25h[?25l[32;69H1[1;1H[1C[38;5;81m[48;5;242minclude [m[95m[48;5;242m"fns-compare.hh"[m[48;5;242m 
 [m[32;78H1,1  [1;1H[?25h[?25l[?25h[?25l[32;68H^V[1;1H[32;11H[1mBLOCK --[m[32;68H[K[32;68H11x40[1;1H[32;78H1,1[11CAll[1;1H[1;26H[K[2;1H[K[3;14H[K[4;17H[K[5;2H[K[6;22H[K[7;14H[K[8;2H[K[9;1H[K[10;33H[K[1;1H[?25h[?25l[32;68H     [11;40H[1;2H[38;5;81minclude [m[95m"fns-compare.hh"[m

[38;5;121mstatic[m [38;5;121mdouble[m
linear([38;5;121mdouble[m n)
{
  [38;5;121menum[m { C = [95m10000[m };
  [93mreturn[m C*n;
}

[38;5;121mstatic[m [38;5;121mconst[m [38;5;121mbool[m isRegistered =
  register_fn(FnInfo([95m"linear"[m, linear));[32;1H[K[32;78H11,40[9CAll[11;40H[?25h[?25l[32;79H,1  [1;1H[?25h[?25l[32;68H2[1;2H[38;5;81m[48;5;242m#[m[32;1H[1m-- VISUAL --[m[32;68H[K[32;68H2[1;2H[32;78H1,2[11CAll[1;2H[?25h[?25l
[1;2H[38;5;81m[48;5;242minclude [m[95m[48;5;242m"fns-compare.hh"[m[48;5;242m [m[32;78H2,0-1[2;1H[?25h[?25l[?25h[?25l[32;68H3[3;4H[2;1H[48;5;242m [m
[38;5;121m[48;5;242msta[m[32;78H3,4  [3;4H[?25h[?25l[1C[38;5;121m[48;5;242mt[m[32;80H5[3;5H[?25h[?25l[32;68H4[4;6H[3;5H[38;5;121m[48;5;242mic[m[48;5;242m [m[38;5;121m[48;5;242mdouble[m[48;5;242m 
linea[m[32;78H4,6[4;6H[?25h[?25lr[48;5;242mr[m[46m([8C)[m[32;80H7[4;7H[?25h[?25l[1C[48;5;242m([m[8C)[32;80H8[4;8H[?25h[?25l[32;68H5[5;2H[4;8H[38;5;121m[48;5;242mdouble[m[48;5;242m n) 
{[m[32;78H5,2[5;2H[?25h[?25l[?25h[?25l[?25h[?25l[?25h[?25l[32;68H6[6;15H[5;2H[48;5;242m 
  [m[38;5;121m[48;5;242menum[m[48;5;242m { C = [m[95m[48;5;242m1[m[32;78H6,15[6;15H[?25h[?25l[1C[95m[48;5;242m0[m[32;81H6[6;16H[?25h[?25l[1C[95m[48;5;242m0[m[32;81H7[6;17H[?25h[?25l[32;68H7[7;14H[6;17H[95m[48;5;242m00[m[48;5;242m }; 
  [m[93m[48;5;242mreturn[m[48;5;242m C*n;[m[32;78H7,14[7;14H[?25h[?25l[?25h[?25l[?25h[?25l[32;68H8[8;2H[7;14H[48;5;242m 
}[m[32;78H8,2 [8;2H[?25h[?25l[?25h[?25l[?25h[?25l[32;68H9[9;1H[8;2H[48;5;242m [m[32;78H9,0-1[9;1H[?25h[?25l[?25h[?25l[32;68H10[10;32H[9;1H[48;5;242m [m
[38;5;121m[48;5;242mstatic[m[48;5;242m [m[38;5;121m[48;5;242mconst[m[48;5;242m [m[38;5;121m[48;5;242mbool[m[48;5;242m isRegistered [m[32;78H10,32[10;32H[?25h[?25l[32;69H1[11;36H[10;32H[48;5;242m= 
  register_fn(FnInfo([m[95m[48;5;242m"linear"[m[48;5;242m, line[m[32;79H1,36[11;36H[?25h[?25la[48;5;242ma[m[32;82H7[11;37H[?25h[?25lr[48;5;242mr[m[46m)[m[32;82H8[11;38H[?25h[?25l[1C[48;5;242m)[m[46m)[m[32;82H9[11;39H[?25h[?25l[1C[48;5;242m)[m[32;81H40[11;40H[?25h[?25l;[48;5;242m;[m[32;82H1[11;41H[?25h[?25l[?25h[?25l[?25h[?25l[?25h[?25l[32;68H^V[11;41H[32;11H[1mBLOCK --[m[32;68H[K[32;68H11x41[11;41H[32;78H11,41[9CAll[11;41H[1;26H[K[2;1H[K[3;14H[K[4;17H[K[5;2H[K[6;22H[K[7;14H[K[8;2H[K[9;1H[K[10;33H[K[11;41H[?25h[?25l[32;68Hy    [11;41H[1;1H[38;5;81m#include [m[95m"fns-compare.hh"[m

[38;5;121mstatic[m [38;5;121mdouble[m
linear([38;5;121mdouble[m n)
{
  [38;5;121menum[m { C = [95m10000[m };
  [93mreturn[m C*n;
}

[38;5;121mstatic[m [38;5;121mconst[m [38;5;121mbool[m isRegistered =
  register_fn(FnInfo([95m"linear"[m, linear));[32;1H[K[32;78H1,1[11CAllblock of 11 lines yanked[32;78H[K[1;1H[32;78H1,1[11CAll[1;1H[?25h[?25l[32;79H1,40[11;40H[?25h[?25l[32;68H:[11;40H[32;1H[K[32;1H:[?2004h[?25hw[?25l[?25hq[?25l[?25h[?25l[?1006l[?1002l[?2004l"linear.cc" 11L, 173C written]2;Terminal - ]1;Terminal - [23;2t[23;1t[22;2t[22;1t[23;2t[23;1t
[?2004l[?1l>[?25h[?1049l[23;0;0trgeary1@g7-35:~/i240a/submit/lab1/2-separate-compilation$ vim quadratic.cc
[?1000h[?2004h[?1049h[22;0;0t[?1h=[?2004h[1;32r[?12h[?12l[22;2t[22;1t[27m[23m[29m[m[H[2J[?25l[32;1H"quadratic.cc" [New File][2;1Hâ–½[6n[2;1H  [1;1H[>c]10;?]11;?[2;1H[94m~                                                                                              [3;1H~                                                                                              [4;1H~                                                                                              [5;1H~                                                                                              [6;1H~                                                                                              [7;1H~                                                                                              [8;1H~                                                                                              [9;1H~                                                                                              [10;1H~                                                                                              [11;1H~                                                                                              [12;1H~                                                                                              [13;1H~                                                                                              [14;1H~                                                                                              [15;1H~                                                                                              [16;1H~                                                                                              [17;1H~                                                                                              [18;1H~                                                                                              [19;1H~                                                                                              [20;1H~                                                                                              [21;1H~                                                                                              [22;1H~                                                                                              [23;1H~                                                                                              [24;1H~                                                                                              [25;1H~                                                                                              [26;1H~                                                                                              [27;1H~                                                                                              [28;1H~                                                                                              [29;1H~                                                                                              [30;1H~                                                                                              [31;1H~                                                                                              [m[32;78H0,0-1[9CAll]2;quadratic.cc (~/projects/i240a/submit/lab1/2-separate-compilation) - VIM]1;quadratic.cc[1;1H[?25hP+q436f\P+q6b75\P+q6b64\P+q6b72\P+q6b6c\P+q2332\P+q2334\P+q2569\P+q2a37\P+q6b31\[?1000l[?1006h[?1002h[?1006l[?1002l[?1006h[?1002h[27m[23m[29m[m[H[2J[?25l[2;1H[94m~                                                                                              [3;1H~                                                                                              [4;1H~                                                                                              [5;1H~                                                                                              [6;1H~                                                                                              [7;1H~                                                                                              [8;1H~                                                                                              [9;1H~                                                                                              [10;1H~                                                                                              [11;1H~                                                                                              [12;1H~                                                                                              [13;1H~                                                                                              [14;1H~                                                                                              [15;1H~                                                                                              [16;1H~                                                                                              [17;1H~                                                                                              [18;1H~                                                                                              [19;1H~                                                                                              [20;1H~                                                                                              [21;1H~                                                                                              [22;1H~                                                                                              [23;1H~                                                                                              [24;1H~                                                                                              [25;1H~                                                                                              [26;1H~                                                                                              [27;1H~                                                                                              [28;1H~                                                                                              [29;1H~                                                                                              [30;1H~                                                                                              [31;1H~                                                                                              [m[32;78H0,0-1[9CAll"quadratic.cc" [New File][1;1H[?25h[?25l[32;68Hp[1;1H[32;1H10 more lines[32;14H[K[1;1H[38;5;81m#include [m[95m"fns-compare.hh"[m[2;1H[K[3;1H[38;5;121mstatic[m [38;5;121mdouble[m[3;14H[K[4;1Hlinear([38;5;121mdouble[m n)[4;17H[K[5;1H{[5;2H[K[6;1H  [38;5;121menum[m { C = [95m10000[m };[6;22H[K[7;1H  [93mreturn[m C*n;[7;14H[K[8;1H}[8;2H[K[9;1H[K[10;1H[38;5;121mstatic[m [38;5;121mconst[m [38;5;121mbool[m isRegistered =[10;33H[K[11;1H  register_fn(FnInfo([95m"linear"[m, linear));[11;41H[K[32;78H1,1[11CAll]2;quadratic.cc + (~/projects/i240a/submit/lab1/2-separate-compilation) - VIM]1;quadratic.cc[32;78H[K[32;78H1,1[11CAll[1;1H[?25h[?25l[32;78H4,6[4;6H[?25h[?25l[32;68H~@k[4;6H[32;68H   [4;7H[46m([8C)[m[32;80H7[4;7H[?25h[?25l[32;68H~@k[4;7H[32;68H   [4;6Hr([8C)[32;80H6[4;6H[?25h[?25l[32;68H~@k[4;6H[32;68H   [4;5H[32;80H5[4;5H[?25h[?25l[32;68H~@k[4;5H[32;68H   [4;6H[32;80H6[4;6H[?25h[?25l[32;68H~@k[4;6H[32;68H   [4;7H[46m([8C)[m[32;80H7[4;7H[?25h[?25l[32;68Hi[4;7H[32;68H [4;7H[32;1H[1m-- INSERT --[m[32;13H[K[32;78H4,7[11CAll[4;7H[?25h[?25l([38;5;121m[46md[m[38;5;121mouble[m n)[4;16H[K[4;6H[46m([m[38;5;121md[m[7C[46m)[m[32;80H6[4;6H[?25h[?25l([38;5;121m[46md[m[38;5;121mouble[m n)[4;15H[K[4;5H[46m([m[38;5;121md[m[7C[46m)[m[32;80H5[4;5H[?25h[?25l([38;5;121m[46md[m[38;5;121mouble[m n)[4;14H[K[4;4H[46m([m[38;5;121md[m[7C[46m)[m[32;80H4[4;4H[?25h[?25l([38;5;121m[46md[m[38;5;121mouble[m n)[4;13H[K[4;3H[46m([m[38;5;121md[m[7C[46m)[m[32;80H3[4;3H[?25h[?25l([38;5;121m[46md[m[38;5;121mouble[m n)[4;12H[K[4;2H[46m([m[38;5;121md[m[7C[46m)[m[32;80H2[4;2H[?25h[?25l([38;5;121m[46md[m[38;5;121mouble[m n)[4;11H[K[4;1H[46m([m[38;5;121md[m[7C[46m)[m[32;80H1[4;1H[?25h[?25l[46mq[m([38;5;121mdouble[m [46mn[m)q[46m([m[7Cn[46m)[m[32;80H2[4;2H[?25h[?25l[46mu[m([38;5;121mdouble[m [46mn[m)qu[46m([m[7Cn[46m)[m[32;80H3[4;3H[?25h[?25l[46ma[m([38;5;121mdouble[m [46mn[m)qua[46m([m[7Cn[46m)[m[32;80H4[4;4H[?25h[?25l[46md[m([38;5;121mdouble[m [46mn[m)quad[46m([m[7Cn[46m)[m[32;80H5[4;5H[?25h[?25l[46mr[m([38;5;121mdouble[m [46mn[m)quadr[46m([m[7Cn[46m)[m[32;80H6[4;6H[?25h[?25l[46ma[m([38;5;121mdouble[m [46mn[m)quadra[46m([m[7Cn[46m)[m[32;80H7[4;7H[?25h[?25l[46mt[m([38;5;121mdouble[m [46mn[m)[4;7Ht[46m([m[7Cn[46m)[m[32;80H8[4;8H[?25h[?25l[46mi[m([38;5;121mdouble[m [46mn[m)[4;8Hi[46m([m[7Cn[46m)[m[32;80H9[4;9H[?25h[?25l[46mc[m([38;5;121mdouble[m [46mn[m)[4;9Hc[46m([m[7Cn[46m)[m[32;80H10[4;10H[?25h[?25l([8C)
[46m{


}[m[32;78H5,2 [5;2H[?25h[?25l{


}[32;78H6,10[6;10H[?25h[?25l[32;78H7[7;10H[?25h[?25l[32;81H1[7;11H[?25h[?25l[32;81H2[7;12H[?25h[?25l[32;81H3[7;13H[?25h[?25l*;[32;81H4[7;14H[?25h[?25ln;[32;81H5[7;15H[?25h[?25l[32;78H11,41[11;41H[?25h[32;1H[K[11;40H[?25l[32;68H^[[11;40H[32;68H  [11;41H[32;78H11,40[9CAll[11;40H[?25h[?25l[32;68H:[11;40H[32;68H[K[32;1H:[?2004h[?25hw[?25l[?25hq[?25l[?25h[?25l[?1006l[?1002l[?2004l"quadratic.cc" [New] 11L, 178C written]2;Terminal - ]1;Terminal - [23;2t[23;1t[22;2t[22;1t[23;2t[23;1t
[?2004l[?1l>[?25h[?1049l[23;0;0trgeary1@g7-35:~/i240a/submit/lab1/2-separate-compilation$ g++ -g -Wall -std=c++17 -c fns-compare.cc[K[K[K[K[A[C[C[C[C[C[C[C[C[C[C[C[C[C[C[C[C[C[C[C[C[C[C[C[C[C[C[C[C[C[C[C[C[C[C[C[C[C[C[C[C[C[C[C[C[C[C[C[C[C[C[C[C[C[C[C[C[C[C[C[C[C[C[C[C[C[C[C[C[C[C[C[C[C[C[C[C[C[C[C[C[C[C[C[C[C[C[C[C[C[C[C[C[C[C[K
[K[A[C[C[C[C[C[C[C[C[C[C[C[C[C[C[C[C[C[C[C[C[C[C[C[C[C[C[C[C[C[C[C[C[C[C[C[C[C[C[C[C[C[C[C[C[C[C[C[C[C[C[C[C[C[C[C[C[C[C[C[C[C[C[C[C[C[C[C[C[C[C[C[C[C[C[C[C[C[C[C[C[C[C[C[C[C[C[C[C[C[C[C[C[C[C[K[K[K[K[K[K[K[K[Kquadratic.cc 
[01m[Kquadratic.cc:11:32:[m[K [01;31m[Kerror: [m[Kâ€˜[01m[Klinear[m[Kâ€™ was not declared in this scope
   register_fn(FnInfo("linear", [01;31m[Klinear[m[K));
                                [01;31m[K^~~~~~[m[K
[01m[Kquadratic.cc:4:1:[m[K [01;35m[Kwarning: [m[Kâ€˜[01m[Kdouble quadratic(double)[m[Kâ€™ defined but not used [[01;35m[K-Wunused-function[m[K]
 [01;35m[Kquadratic[m[K(double n)
 [01;35m[K^~~~~~~~~[m[K
rgeary1@g7-35:~/i240a/submit/lab1/2-separate-compilation$ g++ -g -Wall -std=c++17 -c quadratic.cc [A[C[C[C[C[C[C[C[C[C[C[C[C[C[C[C[C[C[C[C[C[C[C[C[C[C[C[C[C[C[C[C[C[C[C[C[C[C[C[C[C[C[C[C[C[C[C[C[C[C[C[C[C[C[C[C[21Pvim quadratic.cc
[K[A[C[C[C[C[C[C[C[C[C[C[C[C[C[C[C[C[C[C[C[C[C[C[C[C[C[C[C[C[C[C[C[C[C[C[C[C[C[C[C[C[C[C[C[C[C[C[C[C[C[C[C[C[C[C[C[C[C[C[C[C[C[C[C[C[C[C[C[C[C[C[C[C[C[C
[?1000h[?2004h[?1049h[22;0;0t[?1h=[?2004h[1;32r[?12h[?12l[22;2t[22;1t[27m[23m[29m[m[H[2J[?25l[32;1H"quadratic.cc" 11L, 178C[2;1Hâ–½[6n[2;1H  [1;1H[>c]10;?]11;?[1;1H[35m#include [m[31m"fns-compare.hh"[m

[32mstatic[m [32mdouble[m
quadratic([32mdouble[m n)
{
  [32menum[m { C = [31m10000[m };
  [38;5;130mreturn[m C*n*n;
}

[32mstatic[m [32mconst[m [32mbool[m isRegistered =
  register_fn(FnInfo([31m"linear"[m, linear));
[94m~                                                                                              [13;1H~                                                                                              [14;1H~                                                                                              [15;1H~                                                                                              [16;1H~                                                                                              [17;1H~                                                                                              [18;1H~                                                                                              [19;1H~                                                                                              [20;1H~                                                                                              [21;1H~                                                                                              [22;1H~                                                                                              [23;1H~                                                                                              [24;1H~                                                                                              [25;1H~                                                                                              [26;1H~                                                                                              [27;1H~                                                                                              [28;1H~                                                                                              [29;1H~                                                                                              [30;1H~                                                                                              [31;1H~                                                                                              [m[32;78H11,40[9CAll]2;quadratic.cc (~/projects/i240a/submit/lab1/2-separate-compilation) - VIM]1;quadratic.cc[11;40H[?25hP+q436f\P+q6b75\P+q6b64\P+q6b72\P+q6b6c\P+q2332\P+q2334\P+q2569\P+q2a37\P+q6b31\[?1000l[?1006h[?1002h[?1006l[?1002l[?1006h[?1002h[27m[23m[29m[m[H[2J[?25l[1;1H[38;5;81m#include [m[95m"fns-compare.hh"[m

[38;5;121mstatic[m [38;5;121mdouble[m
quadratic([38;5;121mdouble[m n)
{
  [38;5;121menum[m { C = [95m10000[m };
  [93mreturn[m C*n*n;
}

[38;5;121mstatic[m [38;5;121mconst[m [38;5;121mbool[m isRegistered =
  register_fn(FnInfo([95m"linear"[m, linear));
[94m~                                                                                              [13;1H~                                                                                              [14;1H~                                                                                              [15;1H~                                                                                              [16;1H~                                                                                              [17;1H~                                                                                              [18;1H~                                                                                              [19;1H~                                                                                              [20;1H~                                                                                              [21;1H~                                                                                              [22;1H~                                                                                              [23;1H~                                                                                              [24;1H~                                                                                              [25;1H~                                                                                              [26;1H~                                                                                              [27;1H~                                                                                              [28;1H~                                                                                              [29;1H~                                                                                              [30;1H~                                                                                              [31;1H~                                                                                              [m[32;78H11,40[9CAll"quadratic.cc" 11L, 178C[11;40H[?25h[?25l[32;68H~@k[11;40H[32;68H   [11;39H[11;14H[46m([24C)[m[32;81H39[11;39H[?25h[?25l[32;68H~@k[11;39H[32;68H   [11;38H[11;14H(FnInfo[46m([16C)[m)[32;82H8[11;38H[?25h[?25l[32;68H~@k[11;38H[32;68H   [11;37H[11;21H([16C)[32;82H7[11;37H[?25h[?25l[32;68H~@k[11;37H[32;68H   [11;36H[32;82H6[11;36H[?25h[?25l[32;68H~@k[11;36H[32;68H   [11;35H[32;82H5[11;35H[?25h[?25l[32;68H~@k[11;35H[32;68H   [11;34H[32;82H4[11;34H[?25h[?25l[32;68H~@k[11;34H[32;68H   [11;33H[32;82H3[11;33H[?25h[?25l[32;68H~@k[11;33H[32;68H   [11;32H[32;82H2[11;32H[?25h[?25l[32;68H~@k[11;32H[32;68H   [11;31H[32;82H1[11;31H[?25h[?25l[32;68H~@k[11;31H[32;68H   [11;30H[32;82H0[11;30H[?25h[?25l[32;68H~@k[11;30H[32;68H   [11;29H[32;81H29[11;29H[?25h[?25l[32;68H~@k[11;29H[32;68H   [11;28H[32;82H8[11;28H[?25h[?25l[32;68H~@k[11;28H[32;68H   [11;29H[32;82H9[11;29H[?25h[?25l[32;68H~@k[11;29H[32;68H   [11;28H[32;82H8[11;28H[?25h[?25l[32;68H~@k[11;28H[32;68H   [11;27H[32;82H7[11;27H[?25h[?25l[32;68H~@k[11;27H[32;68H   [11;26H[32;82H6[11;26H[?25h[?25l[32;68H~@k[11;26H[32;68H   [11;27H[32;82H7[11;27H[?25h[?25l[32;68H~@k[11;27H[32;68H   [11;28H[32;82H8[11;28H[?25h[?25l[32;68H~@k[11;28H[32;68H   [11;29H[32;82H9[11;29H[?25h[?25l[32;68Hi[11;29H[32;68H [11;29H[32;1H[1m-- INSERT --[m[32;13H[K[32;78H11,29[9CAll[11;29H[?25h[?25l[95m"[m, linear));[11;40H[K[32;82H8]2;quadratic.cc + (~/projects/i240a/submit/lab1/2-separate-compilation) - VIM]1;quadratic.cc[11;28H[?25h[?25l[95m"[m, linear));[11;39H[K[32;82H7[11;27H[?25h[?25l[95m"[m, linear));[11;38H[K[32;82H6[11;26H[?25h[?25l[95m"[m, linear));[11;37H[K[32;82H5[11;25H[?25h[?25l[95m"[m, linear));[11;36H[K[32;82H4[11;24H[?25h[?25l[95m"[m, linear));[11;35H[K[32;82H3[11;23H[?25h[?25l[95mq"[m, linear));[32;82H4[11;24H[?25h[?25l[95mu"[m, linear));[32;82H5[11;25H[?25h[?25l[95ma"[m, linear));[32;82H6[11;26H[?25h[?25l[95md"[m, linear));[32;82H7[11;27H[?25h[?25l[95mr"[m, linear));[32;82H8[11;28H[?25h[?25l[95ma"[m, linear));[32;82H9[11;29H[?25h[?25l[95mt"[m, linear));[32;81H30[11;30H[?25h[?25l[95mi"[m, linear));[32;82H1[11;31H[?25h[?25l[95mc"[m, linear));[32;82H2[11;32H[?25h[?25l[32;82H3[11;33H[?25h[?25l[32;82H4[11;34H[?25h[?25l[32;82H5[11;35H[?25h[?25l[32;82H6[11;36H[?25h[?25l[32;82H7[11;37H[?25h[?25l[32;82H8[11;38H[?25h[?25l[32;82H9[11;39H[?25h[?25l[32;81H40[11;40H[?25h[?25l[11;21H[46m([19C)[m[32;82H1[11;41H[?25h[?25l)[1C;[11;43H[K[11;40H[46m)[m)[32;82H0[11;40H[?25h[?25l)[1C;[11;42H[K[11;39H[46m)[m)[32;81H39[11;39H[?25h[?25l)[1C;[11;41H[K[11;38H[46m)[m)[32;82H8[11;38H[?25h[?25l)[1C;[11;40H[K[11;37H[46m)[m)[32;82H7[11;37H[?25h[?25l)[1C;[11;39H[K[11;36H[46m)[m)[32;82H6[11;36H[?25h[?25l)[1C;[11;38H[K[11;35H[46m)[m)[32;82H5[11;35H[?25h[?25l[46mq[m));q[46m)[m[32;82H6[11;36H[?25h[?25l[46mu[m));u[46m)[m[32;82H7[11;37H[?25h[?25l[46ma[m));a[46m)[m[32;82H8[11;38H[?25h[?25l[46md[m));d[46m)[m[32;82H9[11;39H[?25h[?25l[46mr[m));r[46m)[m[32;81H40[11;40H[?25h[?25l[46ma[m));a[46m)[m[32;82H1[11;41H[?25h[?25l[46mt[m));t[46m)[m[32;82H2[11;42H[?25h[?25l[46mi[m));i[46m)[m[32;82H3[11;43H[?25h[?25l[46mc[m));c[46m)[m[32;82H4[11;44H[?25h[?25l[11;44H[K[12;1H                          ));[12;30H[K[12;27H[46m)[m[32;79H2,6-27[12;27H[?25h[?25l)[1C;[12;29H[K[12;26H[46m)[m)[32;81H5-26[12;26H[?25h[?25l)[1C;[12;28H[K[12;25H[46m)[m)[32;81H4-25[12;25H[?25h[?25l[12;17H)[46m)[m;[12;25H[K[12;17H[46m)[m)[32;81H3-17[12;17H[?25h[?25l[12;9H)[46m)[m;[12;17H[K[12;9H[46m)[m)[32;81H2-9 [12;9H[?25h[?25l)[46m)[m;[12;9H[K[12;1H[46m)[m)[32;81H1  [12;1H[?25h[?25l[11;44H));
[94m~                                                                                              [m[11;44H[46m)[m[32;79H1,44[11;44H[?25h[?25l[46m:[m));:[46m)[m[32;82H5[11;45H[?25h[?25l[46mw[m));w[46m)[m[32;82H6[11;46H[?25h[?25l[46mq[m));q[46m)[m[32;82H7[11;47H[?25h[?25l[11;47H[K[12;1H                          ));[12;30H[K[12;27H[46m)[m[32;79H2,6-27[12;27H[?25h[?25l)[1C;[12;29H[K[12;26H[46m)[m)[32;81H5-26[12;26H[?25h[?25l)[1C;[12;28H[K[12;25H[46m)[m)[32;81H4-25[12;25H[?25h[?25l[12;17H)[46m)[m;[12;25H[K[12;17H[46m)[m)[32;81H3-17[12;17H[?25h[?25l[12;9H)[46m)[m;[12;17H[K[12;9H[46m)[m)[32;81H2-9 [12;9H[?25h[?25l)[46m)[m;[12;9H[K[12;1H[46m)[m)[32;81H1  [12;1H[?25h[?25l[11;47H));
[94m~                                                                                              [m[11;47H[46m)[m[32;79H1,47[11;47H[?25h[?25l)[1C;[11;49H[K[11;46H[46m)[m)[32;82H6[11;46H[?25h[?25l)[1C;[11;48H[K[11;45H[46m)[m)[32;82H5[11;45H[?25h[?25l)[1C;[11;47H[K[11;44H[46m)[m)[32;82H4[11;44H[?25h[?25l)[1C;[11;46H[K[11;43H[46m)[m)[32;82H3[11;43H[?25h[?25l[46mc[m));c[46m)[m[32;82H4[11;44H[?25h[32;1H[K[11;43H[?25l[32;68H^[[11;43H[32;68H  [11;44H[11;21H([22C)[32;78H11,43[9CAll[11;43H[?25h[?25l[32;68H:[11;43H[32;68H[K[32;1H:[?2004h[?25hw[?25l[?25hq[?25l[?25h[?25l[?1006l[?1002l[?2004l"quadratic.cc" 11L, 184C written]2;Terminal - ]1;Terminal - [23;2t[23;1t[22;2t[22;1t[23;2t[23;1t
[?2004l[?1l>[?25h[?1049l[23;0;0trgeary1@g7-35:~/i240a/submit/lab1/2-separate-compilation$ vim quadratic.ccg++ -g -Wall -std=c++17 -c quadratic.cc 
rgeary1@g7-35:~/i240a/submit/lab1/2-separate-compilation$ g++ -g -Wall -std=c++17 -c quadratic.cc [A[C[C[C[C[C[C[C[C[C[C[C[C[C[C[C[C[C[C[C[C[C[C[C[C[C[C[C[C[C[C[C[C[C[C[C[C[C[C[C[C[C[C[C[C[C[C[C[C[C[C[C[C[C[C[C[21Pvim quadratic.cc
[K[A[C[C[C[C[C[C[C[C[C[C[C[C[C[C[C[C[C[C[C[C[C[C[C[C[C[C[C[C[C[C[C[C[C[C[C[C[C[C[C[C[C[C[C[C[C[C[C[C[C[C[C[C[C[C[C[C[C[C[C[C[C[C[C[C[C[C[C[C[C[C[C[C[C[Cg++ -g -Wall -std=c++17 -c quadratic.cc [K[K[K[A[C[C[C[C[C[C[C[C[C[C[C[C[C[C[C[C[C[C[C[C[C[C[C[C[C[C[C[C[C[C[C[C[C[C[C[C[C[C[C[C[C[C[C[C[C[C[C[C[C[C[C[C[C[C[C[C[C[C[C[C[C[C[C[C[C[C[C[C[C[C[C[C[C[C[C[C[C[C[C[C[C[C[C[C[C[C[C[C[C[C[C[C[C[C[K
[K[A[C[C[C[C[C[C[C[C[C[C[C[C[C[C[C[C[C[C[C[C[C[C[C[C[C[C[C[C[C[C[C[C[C[C[C[C[C[C[C[C[C[C[C[C[C[C[C[C[C[C[C[C[C[C[C[C[C[C[C[C[C[C[C[C[C[C[C[C[C[C[C[C[C[C[C[C[C[C[C[C[C[C[C[C[C[C[C[C[C[C[C[C[C[C[K[K[K[K[K[K[K[K[Klin[K[K[Kfns-compare
[01m[Kg++:[m[K [01;35m[Kwarning: [m[Kfns-compare: linker input file unused because linking not done
rgeary1@g7-35:~/i240a/submit/lab1/2-separate-compilation$ g++ -g -Wall -std=c++17 -c fns-compare[A[C[C[C[C[C[C[C[C[C[C[C[C[C[C[C[C[C[C[C[C[C[C[C[C[C[C[C[C[C[C[C[C[C[C[C[C[C[C[C[C[C[C[C[C[C[C[C[C[C[C[C[C[C[C[C[C[C[C[C[C[C[C[C[C[C[C[C[C[C[C[C[C[C[C[C[C[C[C[C[C[C[C[C[Cquadratic.cc [A[C[C[C[C[C[C[C[C[C[C[C[C[C[C[C[C[C[C[C[C[C[C[C[C[C[C[C[C[C[C[C[C[C[C[C[C[C[C[C[C[C[C[C[C[C[C[C[C[C[C[C[C[C[C[C[C[C[C[C[C[C[C[C[C[C[C[C[C[C[C[C[C[C[C[C[C[C[C[C[C[C[Cfns-compare[K[A[C[C[C[C[C[C[C[C[C[C[C[C[C[C[C[C[C[C[C[C[C[C[C[C[C[C[C[C[C[C[C[C[C[C[C[C[C[C[C[C[C[C[C[C[C[C[C[C[C[C[C[C[C[C[C[C[C[C[C[C[C[C[C[C[C[C[C[C[C[C[C[C[C[C[C[C[C[C[C[C[C[C[C[Cquadratic.cc 
rgeary1@g7-35:~/i240a/submit/lab1/2-separate-compilation$ g++ -g -Wall -std=c++17 -c quadratic.cc [K[K[K[A[C[C[C[C[C[C[C[C[C[C[C[C[C[C[C[C[C[C[C[C[C[C[C[C[C[C[C[C[C[C[C[C[C[C[C[C[C[C[C[C[C[C[C[C[C[C[C[C[C[C[C[C[C[C[C[C[C[C[C[C[C[C[C[C[C[C[C[C[C[C[C[C[C[C[C[C[C[C[C[C[C[C[C[C[C[C[C[C[C[C[C[C[C[C[K
[K[A[C[C[C[C[C[C[C[C[C[C[C[C[C[C[C[C[C[C[C[C[C[C[C[C[C[C[C[C[C[C[C[C[C[C[C[C[C[C[C[C[C[C[C[C[C[C[C[C[C[C[C[C[C[C[C[C[C[C[C[C[C[C[C[C[C[C[C[C[C[C[C[C[C[C[C[C[C[C[C[C[C[C[C[C[C[C[C[C[C[C[C[C[C[C[K[K[K[K[K[K[K[K[Klinear.cc
rgeary1@g7-35:~/i240a/submit/lab1/2-separate-compilation$  g++ fns-compare.o linear.o -o fns-compare
rgeary1@g7-35:~/i240a/submit/lab1/2-separate-compilation$  g++ fns-compare.o linear.o -o fns-compare[A[C[C[C[C[C[C[C[C[C[C[C[C[C[C[C[C[C[C[C[C[C[C[C[C[C[C[C[C[C[C[C[C[C[C[C[C[C[C[C[C[C[C[C[C[C[C[C[C[C[C[C[C[C[C[C[C[C[C[C[C[C[C[C[C[C[C[C[C[C[C[C[C[C[C[C[C[C[C[C[C[C[C[C[C[C[C[C[C[C[C[C[C[C[C.o -o fns-comp[1Pare[A[C[C[C[C[C[C[C[C[C[C[C[C[C[C[C[C[C[C[C[C[C[C[C[C[C[C[C[C[C[C[C[C[C[C[C[C[C[C[C[C[C[C[C[C[C[C[C[C[C[C[C[C[C[C[C[C[C[C[C[C[C[C[C[C[C[C[C[C[C[C[C[C[C[C[C[C[C[C.o -o fns-compa[1Pre[A[C[C[C[C[C[C[C[C[C[C[C[C[C[C[C[C[C[C[C[C[C[C[C[C[C[C[C[C[C[C[C[C[C[C[C[C[C[C[C[C[C[C[C[C[C[C[C[C[C[C[C[C[C[C[C[C[C[C[C[C[C[C[C[C[C[C[C[C[C[C[C[C[C[C[C[C[C[C.o -o fns-compar[1Pe[A[C[C[C[C[C[C[C[C[C[C[C[C[C[C[C[C[C[C[C[C[C[C[C[C[C[C[C[C[C[C[C[C[C[C[C[C[C[C[C[C[C[C[C[C[C[C[C[C[C[C[C[C[C[C[C[C[C[C[C[C[C[C[C[C[C[C[C[C[C[C[C[C[C[C[C[C[C[C.o -o fns-compare[K[A[C[C[C[C[C[C[C[C[C[C[C[C[C[C[C[C[C[C[C[C[C[C[C[C[C[C[C[C[C[C[C[C[C[C[C[C[C[C[C[C[C[C[C[C[C[C[C[C[C[C[C[C[C[C[C[C[C[C[C[C[C[C[C[C[C[C[C[C[C[C[C[C[C[C[C[C[C[C.o -o fns-compare [K[A[C[C[C[C[C[C[C[C[C[C[C[C[C[C[C[C[C[C[C[C[C[C[C[C[C[C[C[C[C[C[C[C[C[C[C[C[C[C[C[C[C[C[C[C[C[C[C[C[C[C[C[C[C[C[C[C[C[C[C[C[C[C[C[C[C[C[C[C[C[C[C[C[C[C[C[C[C[C[1P
[K[A[C[C[C[C[C[C[C[C[C[C[C[C[C[C[C[C[C[C[C[C[C[C[C[C[C[C[C[C[C[C[C[C[C[C[C[C[C[C[C[C[C[C[C[C[C[C[C[C[C[C[C[C[C[C[C[C[C[C[C[C[C[C[C[C[C[C[C[C[C[C[C[C[C[C[C[C[Cq.o -o fns-compare [A[C[C[C[C[C[C[C[C[C[C[C[C[C[C[C[C[C[C[C[C[C[C[C[C[C[C[C[C[C[C[C[C[C[C[C[C[C[C[C[C[C[C[C[C[C[C[C[C[C[C[C[C[C[C[C[C[C[C[C[C[C[C[C[C[C[C[C[C[C[C[C[C[C[C[C[C[Cu.o -o fns-compare[A[C[C[C[C[C[C[C[C[C[C[C[C[C[C[C[C[C[C[C[C[C[C[C[C[C[C[C[C[C[C[C[C[C[C[C[C[C[C[C[C[C[C[C[C[C[C[C[C[C[C[C[C[C[C[C[C[C[C[C[C[C[C[C[C[C[C[C[C[C[C[C[C[C[C[C[C[C[Ca.o -o fns-compare[A[C[C[C[C[C[C[C[C[C[C[C[C[C[C[C[C[C[C[C[C[C[C[C[C[C[C[C[C[C[C[C[C[C[C[C[C[C[C[C[C[C[C[C[C[C[C[C[C[C[C[C[C[C[C[C[C[C[C[C[C[C[C[C[C[C[C[C[C[C[C[C[C[C[C[C[C[C[Cd.o -o fns-compare[A[C[C[C[C[C[C[C[C[C[C[C[C[C[C[C[C[C[C[C[C[C[C[C[C[C[C[C[C[C[C[C[C[C[C[C[C[C[C[C[C[C[C[C[C[C[C[C[C[C[C[C[C[C[C[C[C[C[C[C[C[C[C[C[C[C[C[C[C[C[C[C[C[C[C[C[C[C[Cr.o -o fns-compare[A[C[C[C[C[C[C[C[C[C[C[C[C[C[C[C[C[C[C[C[C[C[C[C[C[C[C[C[C[C[C[C[C[C[C[C[C[C[C[C[C[C[C[C[C[C[C[C[C[C[C[C[C[C[C[C[C[C[C[C[C[C[C[C[C[C[C[C[C[C[C[C[C[C[C[C[C[C[Ca.o -o fns-compare[A[C[C[C[C[C[C[C[C[C[C[C[C[C[C[C[C[C[C[C[C[C[C[C[C[C[C[C[C[C[C[C[C[C[C[C[C[C[C[C[C[C[C[C[C[C[C[C[C[C[C[C[C[C[C[C[C[C[C[C[C[C[C[C[C[C[C[C[C[C[C[C[C[C[C[C[C[C[Ct.o -o fns-compare[A[C[C[C[C[C[C[C[C[C[C[C[C[C[C[C[C[C[C[C[C[C[C[C[C[C[C[C[C[C[C[C[C[C[C[C[C[C[C[C[C[C[C[C[C[C[C[C[C[C[C[C[C[C[C[C[C[C[C[C[C[C[C[C[C[C[C[C[C[C[C[C[C[C[C[C[C[C[Ci.o -o fns-compare[A[C[C[C[C[C[C[C[C[C[C[C[C[C[C[C[C[C[C[C[C[C[C[C[C[C[C[C[C[C[C[C[C[C[C[C[C[C[C[C[C[C[C[C[C[C[C[C[C[C[C[C[C[C[C[C[C[C[C[C[C[C[C[C[C[C[C[C[C[C[C[C[C[C[C[C[C[C[Cc.o -o fns-compare[A[C[C[C[C[C[C[C[C[C[C[C[C[C[C[C[C[C[C[C[C[C[C[C[C[C[C[C[C[C[C[C[C[C[C[C[C[C[C[C[C[C[C[C[C[C[C[C[C[C[C[C[C[C[C[C[C[C[C[C[C[C[C[C[C[C[C[C[C[C[C[C[C[C[C[C[C[C[C

rgeary1@g7-35:~/i240a/submit/lab1/2-separate-compilation$ ./fns-compare
         n quadratic
         1     10000
        10     1e+06
       100     1e+08
      1000     1e+10
     10000     1e+12
    100000     1e+14
rgeary1@g7-35:~/i240a/submit/lab1/2-separate-compilation$ ./fns-compare g++ fns-compare.o quadratic.o -o fns-compare[A[C[C[C[C[C[C[C[C[C[C[C[C[C[C[C[C[C[C[C[C[C[C[C[C[C[C[C[C[C[C[C[C[C[C[C[C[C[C[C[C[C[C[C[C[C[C[C[C[C[C[C[C[C[C[C[C[C[C[C[C[C[C[C[C[C[C[C[C[C[C[C[C[C[C[C[C[C[C[C[C[C[C[C[C[C[C[C[C[C[C[C[C[C[C[C[C -o fns-compare[A[C[C[C[C[C[C[C[C[C[C[C[C[C[C[C[C[C[C[C[C[C[C[C[C[C[C[C[C[C[C[C[C[C[C[C[C[C[C[C[C[C[C[C[C[C[C[C[C[C[C[C[C[C[C[C[C[C[C[C[C[C[C[C[C[C[C[C[C[C[C[C[C[C[C[C[C[C[C[C[Cl -o fns-compare[A[C[C[C[C[C[C[C[C[C[C[C[C[C[C[C[C[C[C[C[C[C[C[C[C[C[C[C[C[C[C[C[C[C[C[C[C[C[C[C[C[C[C[C[C[C[C[C[C[C[C[C[C[C[C[C[C[C[C[C[C[C[C[C[C[C[C[C[C[C[C[C[C[C[C[C[C[C[C[C[Ci -o fns-compare[A[C[C[C[C[C[C[C[C[C[C[C[C[C[C[C[C[C[C[C[C[C[C[C[C[C[C[C[C[C[C[C[C[C[C[C[C[C[C[C[C[C[C[C[C[C[C[C[C[C[C[C[C[C[C[C[C[C[C[C[C[C[C[C[C[C[C[C[C[C[C[C[C[C[C[C[C[C[C[C[Cn -o fns-compare[A[C[C[C[C[C[C[C[C[C[C[C[C[C[C[C[C[C[C[C[C[C[C[C[C[C[C[C[C[C[C[C[C[C[C[C[C[C[C[C[C[C[C[C[C[C[C[C[C[C[C[C[C[C[C[C[C[C[C[C[C[C[C[C[C[C[C[C[C[C[C[C[C[C[C[C[C[C[C[C[Ce -o fns-compare[A[C[C[C[C[C[C[C[C[C[C[C[C[C[C[C[C[C[C[C[C[C[C[C[C[C[C[C[C[C[C[C[C[C[C[C[C[C[C[C[C[C[C[C[C[C[C[C[C[C[C[C[C[C[C[C[C[C[C[C[C[C[C[C[C[C[C[C[C[C[C[C[C[C[C[C[C[C[C[C[Ca -o fns-compare[A[C[C[C[C[C[C[C[C[C[C[C[C[C[C[C[C[C[C[C[C[C[C[C[C[C[C[C[C[C[C[C[C[C[C[C[C[C[C[C[C[C[C[C[C[C[C[C[C[C[C[C[C[C[C[C[C[C[C[C[C[C[C[C[C[C[C[C[C[C[C[C[C[C[C[C[C[C[C[C[Cr [1@-[1@.[1@o
rgeary1@g7-35:~/i240a/submit/lab1/2-separate-compilation$  g++ fns-compare.o quadratic.o linear.o -o fns-compare[A[C[C[C[C[C[C[C[C[C[C[C[C[C[C[C[C[C[C[C[C[C[C[C[C[C[C[C[C[C[C[C[C[C[C[C[C[C[C[C[C[C[24P./fns-compare
[K[A[C[C[C[C[C[C[C[C[C[C[C[C[C[C[C[C[C[C[C[C[C[C[C[C[C[C[C[C[C[C[C[C[C[C[C[C[C[C[C[C[C[C[C[C[C[C[C[C[C[C[C[C[C[C[C[C[C[C[C[C[C[C[C[C[C[C[C[C[C[C[C
         n quadratic    linear
         1     10000     10000
        10     1e+06    100000
       100     1e+08     1e+06
      1000     1e+10     1e+07
     10000     1e+12     1e+08
    100000     1e+14     1e+09
rgeary1@g7-35:~/i240a/submit/lab1/2-separate-compilation$ cd ..
rgeary1@g7-35:~/i240a/submit/lab1$ ls
0-hello  1-monolithic  2-separate-compilation  3-makefile  4-dependencies  5-auto-dependencies
rgeary1@g7-35:~/i240a/submit/lab1$ cd 3-makefile/
rgeary1@g7-35:~/i240a/submit/lab1/3-makefile$ ls
constant.cc  exponential.cc  fns-compare.cc  lg.cc	Makefile  quadratic.cc
cubic.cc     fact.cc	     fns-compare.hh  linear.cc	nlg.cc
rgeary1@g7-35:~/i240a/submit/lab1/3-makefile$ vim M`[Kakefile 
[?1000h[?2004h[?1049h[22;0;0t[?1h=[?2004h[1;32r[?12h[?12l[22;2t[22;1t[27m[23m[29m[m[H[2J[?25l[32;1H"Makefile" 26L, 374C[2;1Hâ–½[6n[2;1H  [1;1H[>c]10;?]11;?[1;1H[34m#define C++ compiler and flags[m
[36mCXX [m= g++
[36mCXXFLAGS [m= -g -Wall -std=c++17

[34m#define object files to be produces[m
[36mOFILES [m= [35m\
  [mfns-compare.o [35m\
  [mconstant.o [35m\
  [mlg.o [35m\
  [mlinear.o [35m\
  [mnlg.o [35m\
  [mquadratic.o [35m\
  [mcubic.o [35m\
  [mexponential.o [35m\
  [mfact.o

[36mTARGET [m= fns-compare

[36mall:[12C$(TARGET)

$(TARGET):[m      [36m$(OFILES)[m
[31m                [m[36m$(CXX)[m[31m [m[36m$(OFILES)[m[31m -o [m[36m$@

.phony:[m[9Cclean
[36mclean:[m
[31m                rm -f *~ *.o [m[36m$(TARGET)[m
[94m~                                                                                              [28;1H~                                                                                              [29;1H~                                                                                              [30;1H~                                                                                              [31;1H~                                                                                              [m[32;78H1,1[11CAll]2;Makefile (~/projects/i240a/submit/lab1/3-makefile) - VIM]1;Makefile[1;1H[?25hP+q436f\P+q6b75\P+q6b64\P+q6b72\P+q6b6c\P+q2332\P+q2334\P+q2569\P+q2a37\P+q6b31\[?1000l[?1006h[?1002h[?1006l[?1002l[?1006h[?1002h[27m[23m[29m[m[H[2J[?25l[1;1H[96m#define C++ compiler and flags[m
[1m[96mCXX [m= g++
[1m[96mCXXFLAGS [m= -g -Wall -std=c++17

[96m#define object files to be produces[m
[1m[96mOFILES [m= [38;5;224m\
  [mfns-compare.o [38;5;224m\
  [mconstant.o [38;5;224m\
  [mlg.o [38;5;224m\
  [mlinear.o [38;5;224m\
  [mnlg.o [38;5;224m\
  [mquadratic.o [38;5;224m\
  [mcubic.o [38;5;224m\
  [mexponential.o [38;5;224m\
  [mfact.o

[1m[96mTARGET [m= fns-compare

[1m[96mall:[12C$(TARGET)

$(TARGET):[m      [1m[96m$(OFILES)[m
[95m                [m[1m[96m$(CXX)[m[95m [m[1m[96m$(OFILES)[m[95m -o [m[1m[96m$@

.phony:[m[9Cclean
[1m[96mclean:[m
[95m                rm -f *~ *.o [m[1m[96m$(TARGET)[m
[94m~                                                                                              [28;1H~                                                                                              [29;1H~                                                                                              [30;1H~                                                                                              [31;1H~                                                                                              [m[32;78H1,1[11CAll"Makefile" 26L, 374C[1;1H[?25h[?25l[32;68H:[1;1H[32;1H[K[32;1H:[?2004h[?25hw[?25l[?25hq[?25l[?25h[?25l[?1006l[?1002l[?2004l"Makefile" 26L, 374C written]2;Terminal - ]1;Terminal - [23;2t[23;1t[22;2t[22;1t[23;2t[23;1t
[?2004l[?1l>[?25h[?1049l[23;0;0trgeary1@g7-35:~/i240a/submit/lab1/3-makefile$ make 
g++ -g -Wall -std=c++17   -c -o fns-compare.o fns-compare.cc
g++ -g -Wall -std=c++17   -c -o constant.o constant.cc
g++ -g -Wall -std=c++17   -c -o lg.o lg.cc
g++ -g -Wall -std=c++17   -c -o linear.o linear.cc
g++ -g -Wall -std=c++17   -c -o nlg.o nlg.cc
g++ -g -Wall -std=c++17   -c -o quadratic.o quadratic.cc
g++ -g -Wall -std=c++17   -c -o cubic.o cubic.cc
g++ -g -Wall -std=c++17   -c -o exponential.o exponential.cc
g++ -g -Wall -std=c++17   -c -o fact.o fact.cc
g++ fns-compare.o constant.o lg.o linear.o nlg.o quadratic.o cubic.o exponential.o fact.o -o fns-compare
rgeary1@g7-35:~/i240a/submit/lab1/3-makefile$ ./ fns-compare
bash: ./: Is a directory
rgeary1@g7-35:~/i240a/submit/lab1/3-makefile$ ./ fns-compare[1Pfns-compare
    n constant     log2   linear     n lg    quadr    cubic     expn     fact
    1    1e+07        0    1e+05        0    1e+03    1e+02       20        1
   10    1e+07  3.3e+06    1e+06  3.3e+05    1e+05    1e+05    1e+04  3.6e+06
  100    1e+07  6.6e+06    1e+07  6.6e+06    1e+07    1e+08  1.3e+31 9.3e+157
 1000    1e+07    1e+07    1e+08    1e+08    1e+09    1e+11 1.1e+302      inf
10000    1e+07  1.3e+07    1e+09  1.3e+09    1e+11    1e+14      inf      inf
rgeary1@g7-35:~/i240a/submit/lab1/3-makefile$ vim [K[K[K[Kls
constant.cc  cubic.o	     fact.cc	  fns-compare.cc  lg.cc      linear.o  nlg.o
constant.o   exponential.cc  fact.o	  fns-compare.hh  lg.o	     Makefile  quadratic.cc
cubic.cc     exponential.o   fns-compare  fns-compare.o   linear.cc  nlg.cc    quadratic.o
rgeary1@g7-35:~/i240a/submit/lab1/3-makefile$ vim g[Kfns-compare.hh
[?1000h[?2004h[?1049h[22;0;0t[?1h=[?2004h[1;32r[?12h[?12l[22;2t[22;1t[27m[23m[29m[m[H[2J[?25l[32;1H"fns-compare.hh" 20L, 462C[2;1Hâ–½[6n[2;1H  [1;1H[>c]10;?]11;?[1;1H[35m#ifndef FNS_COMPARE_H_
#define FNS_COMPARE_H_[m

[34m/** use long double to minimize overflow */[m
[32mtypedef[m [32mlong[m [32mdouble[m Float;

[34m/** type of a complexity function */[m
[32mtypedef[m Float FN(Float);

[34m/** information for a complexity function */[m
[32mstruct[m FnInfo {
  FnInfo([32mconst[m [32mchar[m *descr, FN *fn) : descr(descr), fn(fn) { }
  [32mconst[m [32mchar[m *descr;
  FN *fn;
};

[34m/** function used to register information for a complexity function */[m
[32mbool[m register_fn([32mconst[m FnInfo fnInfo);

[35m#endif[m
[94m~                                                                                              [22;1H~                                                                                              [23;1H~                                                                                              [24;1H~                                                                                              [25;1H~                                                                                              [26;1H~                                                                                              [27;1H~                                                                                              [28;1H~                                                                                              [29;1H~                                                                                              [30;1H~                                                                                              [31;1H~                                                                                              [m[32;78H1,1[11CAll]2;fns-compare.hh (~/projects/i240a/submit/lab1/3-makefile) - VIM]1;fns-compare.hh[1;1H[?25hP+q436f\P+q6b75\P+q6b64\P+q6b72\P+q6b6c\P+q2332\P+q2334\P+q2569\P+q2a37\P+q6b31\[?1000l[?1006h[?1002h[?1006l[?1002l[?1006h[?1002h[27m[23m[29m[m[H[2J[?25l[1;1H[38;5;81m#ifndef FNS_COMPARE_H_
#define FNS_COMPARE_H_[m

[96m/** use long double to minimize overflow */[m
[38;5;121mtypedef[m [38;5;121mlong[m [38;5;121mdouble[m Float;

[96m/** type of a complexity function */[m
[38;5;121mtypedef[m Float FN(Float);

[96m/** information for a complexity function */[m
[38;5;121mstruct[m FnInfo {
  FnInfo([38;5;121mconst[m [38;5;121mchar[m *descr, FN *fn) : descr(descr), fn(fn) { }
  [38;5;121mconst[m [38;5;121mchar[m *descr;
  FN *fn;
};

[96m/** function used to register information for a complexity function */[m
[38;5;121mbool[m register_fn([38;5;121mconst[m FnInfo fnInfo);

[38;5;81m#endif[m
[94m~                                                                                              [22;1H~                                                                                              [23;1H~                                                                                              [24;1H~                                                                                              [25;1H~                                                                                              [26;1H~                                                                                              [27;1H~                                                                                              [28;1H~                                                                                              [29;1H~                                                                                              [30;1H~                                                                                              [31;1H~                                                                                              [m[32;78H1,1[11CAll"fns-compare.hh" 20L, 462C[1;1H[?25h[?25l[32;68H~@k[1;1H[32;68H   [2;1H[32;78H2[2;1H[?25h[?25l[32;68H~@k[2;1H[32;68H   [3;1H[32;78H3,0-1[3;1H[?25h[?25l[32;68H~@k[3;1H[32;68H   [4;1H[32;78H4,1  [4;1H[?25h[?25l[32;68H~@k[4;1H[32;68H   [5;1H[32;78H5[5;1H[?25h[?25l[32;68H~@k[5;1H[32;68H   [5;2H[32;80H2[5;2H[?25h[?25l[32;68H~@k[5;2H[32;68H   [5;3H[32;80H3[5;3H[?25h[?25l[32;68H~@k[5;3H[32;68H   [5;4H[32;80H4[5;4H[?25h[?25l[32;68H~@k[5;4H[32;68H   [5;5H[32;80H5[5;5H[?25h[?25l[32;68H~@k[5;5H[32;68H   [5;6H[32;80H6[5;6H[?25h[?25l[32;68H~@k[5;6H[32;68H   [5;7H[32;80H7[5;7H[?25h[?25l[32;68H~@k[5;7H[32;68H   [5;8H[32;80H8[5;8H[?25h[?25l[32;68H~@k[5;8H[32;68H   [5;9H[32;80H9[5;9H[?25h[?25l[32;68H~@k[5;9H[32;68H   [5;10H[32;80H10[5;10H[?25h[?25l[32;68H~@k[5;10H[32;68H   [5;11H[32;81H1[5;11H[?25h[?25l[32;68H~@k[5;11H[32;68H   [5;12H[32;81H2[5;12H[?25h[?25l[32;68H~@k[5;12H[32;68H   [5;13H[32;81H3[5;13H[?25h[?25l[32;68H~@k[5;13H[32;68H   [5;14H[32;81H4[5;14H[?25h[?25l[32;68H~@k[5;14H[32;68H   [5;15H[32;81H5[5;15H[?25h[?25l[32;68H~@k[5;15H[32;68H   [5;16H[32;81H6[5;16H[?25h[?25l[32;68H~@k[5;16H[32;68H   [5;17H[32;81H7[5;17H[?25h[?25l[32;68H~@k[5;17H[32;68H   [5;18H[32;81H8[5;18H[?25h[?25l[32;68H~@k[5;18H[32;68H   [5;19H[32;81H9[5;19H[?25h[?25l[32;68H~@k[5;19H[32;68H   [5;20H[32;80H20[5;20H[?25h[?25l[32;68H~@k[5;20H[32;68H   [5;19H[32;80H19[5;19H[?25h[?25l[32;68H~@k[5;19H[32;68H   [5;20H[32;80H20[5;20H[?25h[?25l[32;68Hi[5;20H[32;68H [5;20H[32;1H[1m-- INSERT --[m[32;13H[K[32;78H5,20[10CAll[5;20H[?25h[?25ldoubl Float; [32;80H19]2;fns-compare.hh + (~/projects/i240a/submit/lab1/3-makefile) - VIM]1;fns-compare.hh[5;19H[?25h[?25l Float; [32;81H8[5;18H[?25h[?25l Float; [32;81H7[5;17H[?25h[?25l[93mdo[m Float; [32;81H6[5;16H[?25h[?25ld Float; [32;81H5[5;15H[?25h[?25l Float; [32;81H4[5;14H[?25h[?25lFloat; [32;81H3[5;13H[?25h[?25llon Float; [32;81H2[5;12H[?25h[?25l Float; [32;81H1[5;11H[?25h[?25l Float; [32;81H0[5;10H[?25h[?25l Float; [32;80H9 [5;9H[?25h[?25lf Float;[32;80H10[5;10H[?25h[?25ll Float;[32;81H1[5;11H[?25h[?25lo Float;[32;81H2[5;12H[?25h[?25la Float;[32;81H3[5;13H[?25h[?25l[38;5;121mfloat[m Float;[32;81H4[5;14H[?25h[?25l  Float;[32;81H5[5;15H[?25h[32;1H[K[5;14H[?25l[32;68H^[[5;14H[32;68H  [5;15H[32;78H5,14[10CAll[5;14H[?25h[?25l[32;68H:[5;14H[32;68H[K[32;1H:[?2004h[?25hw[?25l[?25hq[?25l[?25h[?25l[?1006l[?1002l[?2004l"fns-compare.hh" 20L, 457C written]2;Terminal - ]1;Terminal - [23;2t[23;1t[22;2t[22;1t[23;2t[23;1t
[?2004l[?1l>[?25h[?1049l[23;0;0trgeary1@g7-35:~/i240a/submit/lab1/3-makefile$ vim fns-compare.hhls[K./fns-compare fns-compare[9Pmake 
make: Nothing to be done for 'all'.
rgeary1@g7-35:~/i240a/submit/lab1/3-makefile$ cd ..
rgeary1@g7-35:~/i240a/submit/lab1$ cd 4-dependencies/
rgeary1@g7-35:~/i240a/submit/lab1/4-dependencies$ vim Makefile 
[?1000h[?2004h[?1049h[22;0;0t[?1h=[?2004h[1;32r[?12h[?12l[22;2t[22;1t[27m[23m[29m[m[H[2J[?25l[32;1H"Makefile" 36L, 652C[2;1Hâ–½[6n[2;1H  [1;1H[>c]10;?]11;?[1;1H[36mCXX [m= g++
[36mCXXFLAGS [m= -g -Wall -std=c++17

[36mOFILES [m= [35m\
  [mfns-compare.o [35m\
  [mconstant.o [35m\
  [mlg.o [35m\
  [mlinear.o [35m\
  [mnlg.o [35m\
  [mquadratic.o [35m\
  [mcubic.o [35m\
  [mexponential.o [35m\
  [mfact.o

[36mTARGET [m= fns-compare

[36mall:[12C$(TARGET)

$(TARGET):[m      [36m$(OFILES)[20;17H$(CXX)[m [36m$(OFILES)[m -o [36m$@

.phony:[m[9Cclean
[36mclean:[m
[31m                rm -f *~ *.o [m[36m$(TARGET)[m


[34m#dependencies[m
[36mfns-compare.o:[m  fns-compare.cc fns-compare.hh
[36mconstant.o:[m     constant.cc fns-compare.hh
[36mlg.o:[m[11Clg.cc fns-compare.hh
[36mlinear.o:[m[7Clinear.cc fns-compare.hh[32;78H1,1[11CTop]2;Makefile (~/projects/i240a/submit/lab1/4-dependencies) - VIM]1;Makefile[1;1H[?25hP+q436f\P+q6b75\P+q6b64\P+q6b72\P+q6b6c\P+q2332\P+q2334\P+q2569\P+q2a37\P+q6b31\[?1000l[?1006h[?1002h[?1006l[?1002l[?1006h[?1002h[27m[23m[29m[m[H[2J[?25l[1;1H[1m[96mCXX [m= g++
[1m[96mCXXFLAGS [m= -g -Wall -std=c++17

[1m[96mOFILES [m= [38;5;224m\
  [mfns-compare.o [38;5;224m\
  [mconstant.o [38;5;224m\
  [mlg.o [38;5;224m\
  [mlinear.o [38;5;224m\
  [mnlg.o [38;5;224m\
  [mquadratic.o [38;5;224m\
  [mcubic.o [38;5;224m\
  [mexponential.o [38;5;224m\
  [mfact.o

[1m[96mTARGET [m= fns-compare

[1m[96mall:[12C$(TARGET)

$(TARGET):[m      [1m[96m$(OFILES)[20;17H$(CXX)[m [1m[96m$(OFILES)[m -o [1m[96m$@

.phony:[m[9Cclean
[1m[96mclean:[m
[95m                rm -f *~ *.o [m[1m[96m$(TARGET)[m


[96m#dependencies[m
[1m[96mfns-compare.o:[m  fns-compare.cc fns-compare.hh
[1m[96mconstant.o:[m     constant.cc fns-compare.hh
[1m[96mlg.o:[m[11Clg.cc fns-compare.hh
[1m[96mlinear.o:[m[7Clinear.cc fns-compare.hh[32;78H1,1[11CTop"Makefile" 36L, 652C[1;1H[?25h[?25l[32;68H:[1;1H[32;1H[K[32;1H:[?2004h[?25hw[?25l[?25hq[?25l[?25h[?25l[?1006l[?1002l[?2004l"Makefile" 36L, 652C written]2;Terminal - ]1;Terminal - [23;2t[23;1t[22;2t[22;1t[23;2t[23;1t
[?2004l[?1l>[?25h[?1049l[23;0;0trgeary1@g7-35:~/i240a/submit/lab1/4-dependencies$ make
Makefile:20: *** missing separator.  Stop.
rgeary1@g7-35:~/i240a/submit/lab1/4-dependencies$ makevim Makefile 
[?1000h[?2004h[?1049h[22;0;0t[?1h=[?2004h[1;32r[?12h[?12l[22;2t[22;1t[27m[23m[29m[m[H[2J[?25l[32;1H"Makefile" 36L, 652C[2;1Hâ–½[6n[2;1H  [1;1H[>c]10;?]11;?[1;1H[36mCXX [m= g++
[36mCXXFLAGS [m= -g -Wall -std=c++17

[36mOFILES [m= [35m\
  [mfns-compare.o [35m\
  [mconstant.o [35m\
  [mlg.o [35m\
  [mlinear.o [35m\
  [mnlg.o [35m\
  [mquadratic.o [35m\
  [mcubic.o [35m\
  [mexponential.o [35m\
  [mfact.o

[36mTARGET [m= fns-compare

[36mall:[12C$(TARGET)

$(TARGET):[m      [36m$(OFILES)[20;17H$(CXX)[m [36m$(OFILES)[m -o [36m$@

.phony:[m[9Cclean
[36mclean:[m
[31m                rm -f *~ *.o [m[36m$(TARGET)[m


[34m#dependencies[m
[36mfns-compare.o:[m  fns-compare.cc fns-compare.hh
[36mconstant.o:[m     constant.cc fns-compare.hh
[36mlg.o:[m[11Clg.cc fns-compare.hh
[36mlinear.o:[m[7Clinear.cc fns-compare.hh[32;78H1,1[11CTop]2;Makefile (~/projects/i240a/submit/lab1/4-dependencies) - VIM]1;Makefile[1;1H[?25hP+q436f\P+q6b75\P+q6b64\P+q6b72\P+q6b6c\P+q2332\P+q2334\P+q2569\P+q2a37\P+q6b31\[?1000l[?1006h[?1002h[?1006l[?1002l[?1006h[?1002h[27m[23m[29m[m[H[2J[?25l[1;1H[1m[96mCXX [m= g++
[1m[96mCXXFLAGS [m= -g -Wall -std=c++17

[1m[96mOFILES [m= [38;5;224m\
  [mfns-compare.o [38;5;224m\
  [mconstant.o [38;5;224m\
  [mlg.o [38;5;224m\
  [mlinear.o [38;5;224m\
  [mnlg.o [38;5;224m\
  [mquadratic.o [38;5;224m\
  [mcubic.o [38;5;224m\
  [mexponential.o [38;5;224m\
  [mfact.o

[1m[96mTARGET [m= fns-compare

[1m[96mall:[12C$(TARGET)

$(TARGET):[m      [1m[96m$(OFILES)[20;17H$(CXX)[m [1m[96m$(OFILES)[m -o [1m[96m$@

.phony:[m[9Cclean
[1m[96mclean:[m
[95m                rm -f *~ *.o [m[1m[96m$(TARGET)[m


[96m#dependencies[m
[1m[96mfns-compare.o:[m  fns-compare.cc fns-compare.hh
[1m[96mconstant.o:[m     constant.cc fns-compare.hh
[1m[96mlg.o:[m[11Clg.cc fns-compare.hh
[1m[96mlinear.o:[m[7Clinear.cc fns-compare.hh[32;78H1,1[11CTop"Makefile" 36L, 652C[1;1H[?25h[?25l[32;68H~@k[1;1H[32;68H   [2;1H[32;78H2[2;1H[?25h[?25l[32;68H~@k[2;1H[32;68H   [3;1H[32;78H3,0-1[3;1H[?25h[?25l[32;68H~@k[3;1H[32;68H   [4;1H[32;78H4,1  [4;1H[?25h[?25l[32;68H~@k[4;1H[32;68H   [5;1H[32;78H5[5;1H[?25h[?25l[32;68H~@k[5;1H[32;68H   [6;1H[32;78H6[6;1H[?25h[?25l[32;68H~@k[6;1H[32;68H   [7;1H[32;78H7[7;1H[?25h[?25l[32;68H~@k[7;1H[32;68H   [8;1H[32;78H8[8;1H[?25h[?25l[32;68H~@k[8;1H[32;68H   [9;1H[32;78H9[9;1H[?25h[?25l[32;68H~@k[9;1H[32;68H   [10;1H[32;78H10,1[10;1H[?25h[?25l[32;68H~@k[10;1H[32;68H   [11;1H[32;79H1[11;1H[?25h[?25l[32;68H~@k[11;1H[32;68H   [12;1H[32;79H2[12;1H[?25h[?25l[32;68H~@k[12;1H[32;68H   [13;1H[32;79H3[13;1H[?25h[?25l[32;68H~@k[13;1H[32;68H   [14;1H[32;79H4,0-1[14;1H[?25h[?25l[32;68H~@k[14;1H[32;68H   [15;1H[32;79H5,1  [15;1H[?25h[?25l[32;68H~@k[15;1H[32;68H   [16;1H[32;79H6,0-1[16;1H[?25h[?25l[32;68H~@k[16;1H[32;68H   [17;1H[32;79H7,1  [17;1H[?25h[?25l[32;68H~@k[17;1H[32;68H   [18;1H[32;79H8,0-1[18;1H[?25h[?25l[32;68H~@k[18;1H[32;68H   [17;1H[32;79H7,1  [17;1H[?25h[?25l[32;68H~@k[17;1H[32;68H   [16;1H[32;79H6,0-1[16;1H[?25h[?25l[32;68H~@k[16;1H[32;68H   [15;1H[32;79H5,1  [15;1H[?25h[?25l[32;68H~@k[15;1H[32;68H   [16;1H[32;79H6,0-1[16;1H[?25h[?25l[32;68H~@k[16;1H[32;68H   [17;1H[32;79H7,1  [17;1H[?25h[?25l[32;68H~@k[17;1H[32;68H   [18;1H[32;79H8,0-1[18;1H[?25h[?25l[32;68H~@k[18;1H[32;68H   [19;1H[32;79H9,1  [19;1H[?25h[?25l[32;68H~@k[19;1H[32;68H   [20;1H[32;78H20[20;1H[?25h[?25l[32;81H2-8[20;8H[?25h[?25l[32;68H~@k[20;8H[32;68H   [20;16H[32;81H3-16[20;16H[?25h[?25l[32;68H~@k[20;16H[32;68H   [20;17H[32;81H4-17[20;17H[?25h[?25l[32;68H~@k[20;17H[32;68H   [20;18H[1m[96m[46m([m[1m[96mCXX[m[1m[96m[46m)[m [32;81H5-18[20;18H[?25h[?25l[32;68H~@k[20;18H[32;68H   [20;19H[1m[96m(CXX)[m [32;81H6-19[20;19H[?25h[?25l[32;68H~@k[20;19H[32;68H   [20;20H[32;81H7-20[20;20H[?25h[?25l[32;68H~@k[20;20H[32;68H   [20;21H[32;81H8-21[20;21H[?25h[?25l[32;68H~@k[20;21H[32;68H   [20;22H[1m[96m[46m([m[1m[96mCXX[m[1m[96m[46m)[m [32;81H9-22[20;22H[?25h[?25l[32;68H~@k[20;22H[32;68H   [20;23H[1m[96m(CXX)[m [32;81H10-23[20;23H[?25h[?25l[32;68H~@k[20;23H[32;68H   [20;24H[32;82H1-24[20;24H[?25h[?25l[32;68H~@k[20;24H[32;68H   [20;25H[1m[96m[46m([m[1m[96mOFILES[m[1m[96m[46m)[m [32;82H2-25[20;25H[?25h[?25l[32;68H~@k[20;25H[32;68H   [20;26H[1m[96m(OFILES)[m [32;82H3-26[20;26H[?25h[?25l[32;68H~@k[20;26H[32;68H   [20;27H[32;82H4-27[20;27H[?25h[?25l[32;68H~@k[20;27H[32;68H   [19;25H[19;18H[1m[96m[46m([m[1m[96mOFILES[m[1m[96m[46m)[m[32;78H19,20-25[19;25H[?25h[?25l[32;68H~@k[19;25H[32;68H   [19;25H[?25h[?25l[32;68H~@k[19;25H[32;68H   [20;27H[19;18H[1m[96m(OFILES)[m[32;78H20,14-27[20;27H[?25h[?25l[32;68H~@k[20;27H[32;68H   [19;25H[19;18H[1m[96m[46m([m[1m[96mOFILES[m[1m[96m[46m)[m[32;78H19,20-25[19;25H[?25h[?25l[32;68Hi[19;25H[32;68H [19;25H[32;1H[1m-- INSERT --[m[32;13H[K[32;78H19,20-25      Top[19;25H[?25h[?25l[32;82H1-26[19;26H[?25h[?25l[38;5;224m\
                [m[19;18H[1m[96m(OFILES)[m[38;5;224m\[m[32;82H2-27]2;Makefile + (~/projects/i240a/submit/lab1/4-dependencies) - VIM]1;Makefile[19;27H[?25h[?25l[32;78H22,15-22[22;22H[?25h[?25l[32;78H18,1    [18;1H[?25h[32;1H[K[18;1H[?25l[32;68H^[[18;1H[32;68H  [18;1H[32;78H18,0-1[8CTop[18;1H[?25h[?25l[32;68H:[18;1H[32;68H[K[32;1H:[?2004h[?25hw[?25l[?25hq[?25l[?25h[?25l[?1006l[?1002l[?2004l"Makefile" 36L, 653C written]2;Terminal - ]1;Terminal - [23;2t[23;1t[22;2t[22;1t[23;2t[23;1t
[?2004l[?1l>[?25h[?1049l[23;0;0trgeary1@g7-35:~/i240a/submit/lab1/4-dependencies$ vim Makefile make[K
g++ -g -Wall -std=c++17   -c -o fns-compare.o fns-compare.cc
g++ -g -Wall -std=c++17   -c -o constant.o constant.cc
g++ -g -Wall -std=c++17   -c -o lg.o lg.cc
g++ -g -Wall -std=c++17   -c -o linear.o linear.cc
g++ -g -Wall -std=c++17   -c -o nlg.o nlg.cc
g++ -g -Wall -std=c++17   -c -o quadratic.o quadratic.cc
g++ -g -Wall -std=c++17   -c -o cubic.o cubic.cc
g++ -g -Wall -std=c++17   -c -o exponential.o exponential.cc
g++ -g -Wall -std=c++17   -c -o fact.o fact.cc
make: *** No rule to make target 'g++', needed by 'fns-compare'.  Stop.
rgeary1@g7-35:~/i240a/submit/lab1/4-dependencies$ ./comp[K[K[K[Kfns[K[K[K[K[K;s[K[Kls
constant.cc  cubic.o	     fact.cc	     fns-compare.hh  lg.o	Makefile  quadratic.cc
constant.o   exponential.cc  fact.o	     fns-compare.o   linear.cc	nlg.cc	  quadratic.o
cubic.cc     exponential.o   fns-compare.cc  lg.cc	     linear.o	nlg.o
rgeary1@g7-35:~/i240a/submit/lab1/4-dependencies$ ./fns-compare
bash: ./fns-compare: No such file or directory
rgeary1@g7-35:~/i240a/submit/lab1/4-dependencies$ ./fns-compare.o
bash: ./fns-compare.o: Permission denied
rgeary1@g7-35:~/i240a/submit/lab1/4-dependencies$ ./fns-compare.o[Kcc
bash: ./fns-compare.cc: Permission denied
rgeary1@g7-35:~/i240a/submit/lab1/4-dependencies$ ./fns-compare.cc[1Po[Kls[Kmake
make: *** No rule to make target 'g++', needed by 'fns-compare'.  Stop.
rgeary1@g7-35:~/i240a/submit/lab1/4-dependencies$ vim M`[Kakefile 
[?1000h[?2004h[?1049h[22;0;0t[?1h=[?2004h[1;32r[?12h[?12l[22;2t[22;1t[27m[23m[29m[m[H[2J[?25l[32;1H"Makefile" 36L, 653C[2;1Hâ–½[6n[2;1H  [1;1H[>c]10;?]11;?[1;1H[36mCXX [m= g++
[36mCXXFLAGS [m= -g -Wall -std=c++17

[36mOFILES [m= [35m\
  [mfns-compare.o [35m\
  [mconstant.o [35m\
  [mlg.o [35m\
  [mlinear.o [35m\
  [mnlg.o [35m\
  [mquadratic.o [35m\
  [mcubic.o [35m\
  [mexponential.o [35m\
  [mfact.o

[36mTARGET [m= fns-compare

[36mall:[12C$(TARGET)

$(TARGET):[m      [36m$(OFILES)[m[35m\
                [m[36m$(CXX)[m [36m$(OFILES)[m -o [36m$@

.phony:[m[9Cclean
[36mclean:[m
[31m                rm -f *~ *.o [m[36m$(TARGET)[m


[34m#dependencies[m
[36mfns-compare.o:[m  fns-compare.cc fns-compare.hh
[36mconstant.o:[m     constant.cc fns-compare.hh
[36mlg.o:[m[11Clg.cc fns-compare.hh
[36mlinear.o:[m[7Clinear.cc fns-compare.hh[32;78H18,0-1[8CTop]2;Makefile (~/projects/i240a/submit/lab1/4-dependencies) - VIM]1;Makefile[18;1H[?25hP+q436f\P+q6b75\P+q6b64\P+q6b72\P+q6b6c\P+q2332\P+q2334\P+q2569\P+q2a37\P+q6b31\[?1000l[?1006h[?1002h[?1006l[?1002l[?1006h[?1002h[27m[23m[29m[m[H[2J[?25l[1;1H[1m[96mCXX [m= g++
[1m[96mCXXFLAGS [m= -g -Wall -std=c++17

[1m[96mOFILES [m= [38;5;224m\
  [mfns-compare.o [38;5;224m\
  [mconstant.o [38;5;224m\
  [mlg.o [38;5;224m\
  [mlinear.o [38;5;224m\
  [mnlg.o [38;5;224m\
  [mquadratic.o [38;5;224m\
  [mcubic.o [38;5;224m\
  [mexponential.o [38;5;224m\
  [mfact.o

[1m[96mTARGET [m= fns-compare

[1m[96mall:[12C$(TARGET)

$(TARGET):[m      [1m[96m$(OFILES)[m[38;5;224m\
                [m[1m[96m$(CXX)[m [1m[96m$(OFILES)[m -o [1m[96m$@

.phony:[m[9Cclean
[1m[96mclean:[m
[95m                rm -f *~ *.o [m[1m[96m$(TARGET)[m


[96m#dependencies[m
[1m[96mfns-compare.o:[m  fns-compare.cc fns-compare.hh
[1m[96mconstant.o:[m     constant.cc fns-compare.hh
[1m[96mlg.o:[m[11Clg.cc fns-compare.hh
[1m[96mlinear.o:[m[7Clinear.cc fns-compare.hh[32;78H18,0-1[8CTop"Makefile" 36L, 653C[18;1H[?25h[?25l[32;68H~@k[18;1H[32;68H   [19;1H[32;79H9,1  [19;1H[?25h[?25l[32;68H~@k[19;1H[32;68H   [19;2H[1m[96m[46m([m[1m[96mTARGET[m[1m[96m[46m)[m[1m[96m:[m [32;81H2[19;2H[?25h[?25l[32;68H~@k[19;2H[32;68H   [19;3H[1m[96m(TARGET):[m [32;81H3[19;3H[?25h[?25l[32;68H~@k[19;3H[32;68H   [19;4H[32;81H4[19;4H[?25h[?25l[32;68H~@k[19;4H[32;68H   [19;5H[32;81H5[19;5H[?25h[?25l[32;68H~@k[19;5H[32;68H   [19;6H[32;81H6[19;6H[?25h[?25l[32;68H~@k[19;6H[32;68H   [19;7H[32;81H7[19;7H[?25h[?25l[32;68H~@k[19;7H[32;68H   [19;8H[32;81H8[19;8H[?25h[?25l[32;68H~@k[19;8H[32;68H   [19;9H[19;2H[1m[96m[46m([m[1m[96mTARGET[m[1m[96m[46m)[m[1m[96m:[m [32;81H9[19;9H[?25h[?25l[32;68H~@k[19;9H[32;68H   [19;10H[19;2H[1m[96m(TARGET):[m [32;81H10[19;10H[?25h[?25l[32;68H~@k[19;10H[32;68H   [19;16H[32;82H1-16[19;16H[?25h[?25l[32;68H~@k[19;16H[32;68H   [19;17H[32;82H2-17[19;17H[?25h[?25l[32;68H~@k[19;17H[32;68H   [19;18H[1m[96m[46m([m[1m[96mOFILES[m[1m[96m[46m)[m[38;5;224m\[m[32;82H3-18[19;18H[?25h[?25l[32;68H~@k[19;18H[32;68H   [19;19H[1m[96m(OFILES)[m[38;5;224m\[m[32;82H4-19[19;19H[?25h[?25l[32;68H~@k[19;19H[32;68H   [19;20H[32;82H5-20[19;20H[?25h[?25l[32;68H~@k[19;20H[32;68H   [19;21H[32;82H6-21[19;21H[?25h[?25l[32;68H~@k[19;21H[32;68H   [19;22H[32;82H7-22[19;22H[?25h[?25l[32;68H~@k[19;22H[32;68H   [19;23H[32;82H8-23[19;23H[?25h[?25l[32;68H~@k[19;23H[32;68H   [19;24H[32;82H9-24[19;24H[?25h[?25l[32;68H~@k[19;24H[32;68H   [19;25H[19;18H[1m[96m[46m([m[1m[96mOFILES[m[1m[96m[46m)[m[38;5;224m\[m[32;81H20-25[19;25H[?25h[?25l[32;68H~@k[19;25H[32;68H   [19;26H[19;18H[1m[96m(OFILES)[m[38;5;224m\[m[32;82H1-26[19;26H[?25h[?25l[32;68Hi[19;26H[32;68H [19;26H[32;1H[1m-- INSERT --[m[32;13H[K[32;78H19,21-26      Top[19;26H[?25h[?25l[32;82H2-27[19;27H[?25h[?25l[19;26H[K[20;1H                [19;18H[1m[96m[46m([m[1m[96mOFILES[m[1m[96m[46m)[m[32;82H1-26]2;Makefile + (~/projects/i240a/submit/lab1/4-dependencies) - VIM]1;Makefile[19;26H[?25h[32;1H[K[19;25H[?25l[32;68H^[[19;25H[32;68H  [19;26H[32;78H19,20-25      Top[19;25H[?25h[?25l[32;68H:[19;25H[32;68H[K[32;1H:[?2004h[?25hw[?25l[?25hq[?25l[?25h[?25l[?1006l[?1002l[?2004l"Makefile" 36L, 652C written]2;Terminal - ]1;Terminal - [23;2t[23;1t[22;2t[22;1t[23;2t[23;1t
[?2004l[?1l>[?25h[?1049l[23;0;0trgeary1@g7-35:~/i240a/submit/lab1/4-dependencies$ vim Makefile 
[?1000h[?2004h[?1049h[22;0;0t[?1h=[?2004h[1;32r[?12h[?12l[22;2t[22;1t[27m[23m[29m[m[H[2J[?25l[32;1H"Makefile" 36L, 652C[2;1Hâ–½[6n[2;1H  [1;1H[>c]10;?]11;?[1;1H[36mCXX [m= g++
[36mCXXFLAGS [m= -g -Wall -std=c++17

[36mOFILES [m= [35m\
  [mfns-compare.o [35m\
  [mconstant.o [35m\
  [mlg.o [35m\
  [mlinear.o [35m\
  [mnlg.o [35m\
  [mquadratic.o [35m\
  [mcubic.o [35m\
  [mexponential.o [35m\
  [mfact.o

[36mTARGET [m= fns-compare

[36mall:[12C$(TARGET)

$(TARGET):[m      [36m$[m[36m[106m([m[36mOFILES[m[36m[106m)[m[20;17H[36m$(CXX)[m [36m$(OFILES)[m -o [36m$@

.phony:[m[9Cclean
[36mclean:[m
[31m                rm -f *~ *.o [m[36m$(TARGET)[m


[34m#dependencies[m
[36mfns-compare.o:[m  fns-compare.cc fns-compare.hh
[36mconstant.o:[m     constant.cc fns-compare.hh
[36mlg.o:[m[11Clg.cc fns-compare.hh
[36mlinear.o:[m[7Clinear.cc fns-compare.hh[32;78H19,20-25      Top]2;Makefile (~/projects/i240a/submit/lab1/4-dependencies) - VIM]1;Makefile[19;25H[?25hP+q436f\P+q6b75\P+q6b64\P+q6b72\P+q6b6c\P+q2332\P+q2334\P+q2569\P+q2a37\P+q6b31\[?1000l[?1006h[?1002h[?1006l[?1002l[?1006h[?1002h[27m[23m[29m[m[H[2J[?25l[1;1H[1m[96mCXX [m= g++
[1m[96mCXXFLAGS [m= -g -Wall -std=c++17

[1m[96mOFILES [m= [38;5;224m\
  [mfns-compare.o [38;5;224m\
  [mconstant.o [38;5;224m\
  [mlg.o [38;5;224m\
  [mlinear.o [38;5;224m\
  [mnlg.o [38;5;224m\
  [mquadratic.o [38;5;224m\
  [mcubic.o [38;5;224m\
  [mexponential.o [38;5;224m\
  [mfact.o

[1m[96mTARGET [m= fns-compare

[1m[96mall:[12C$(TARGET)

$(TARGET):[m      [1m[96m$[m[1m[96m[46m([m[1m[96mOFILES[m[1m[96m[46m)[m[20;17H[1m[96m$(CXX)[m [1m[96m$(OFILES)[m -o [1m[96m$@

.phony:[m[9Cclean
[1m[96mclean:[m
[95m                rm -f *~ *.o [m[1m[96m$(TARGET)[m


[96m#dependencies[m
[1m[96mfns-compare.o:[m  fns-compare.cc fns-compare.hh
[1m[96mconstant.o:[m     constant.cc fns-compare.hh
[1m[96mlg.o:[m[11Clg.cc fns-compare.hh
[1m[96mlinear.o:[m[7Clinear.cc fns-compare.hh[32;78H19,20-25      Top"Makefile" 36L, 652C[19;25H[?25h[?25l[32;68H:[19;25H[32;1H[K[32;1H:[?2004h[?25hw[?25l[?25h[?25l"Makefile" 36L, 652C written[19;25H[32;78H19,20-25      Top[32;78H[K[32;78H19,20-25      Top[19;25H[?25h[?25l[32;68H:[19;25H[32;1H[K[32;1H:[?2004h[?25hw[?25l[?25hq[?25l[?25h[?25l[?1006l[?1002l[?2004l"Makefile" 36L, 652C written]2;Terminal - ]1;Terminal - [23;2t[23;1t[22;2t[22;1t[23;2t[23;1t
[?2004l[?1l>[?25h[?1049l[23;0;0trgeary1@g7-35:~/i240a/submit/lab1/4-dependencies$ vim Makefile make[K
Makefile:20: *** missing separator.  Stop.
rgeary1@g7-35:~/i240a/submit/lab1/4-dependencies$ vim Makefile 
[?1000h[?2004h[?1049h[22;0;0t[?1h=[?2004h[1;32r[?12h[?12l[22;2t[22;1t[27m[23m[29m[m[H[2J[?25l[32;1H"Makefile" 36L, 652C[2;1Hâ–½[6n[2;1H  [1;1H[>c]10;?]11;?[1;1H[36mCXX [m= g++
[36mCXXFLAGS [m= -g -Wall -std=c++17

[36mOFILES [m= [35m\
  [mfns-compare.o [35m\
  [mconstant.o [35m\
  [mlg.o [35m\
  [mlinear.o [35m\
  [mnlg.o [35m\
  [mquadratic.o [35m\
  [mcubic.o [35m\
  [mexponential.o [35m\
  [mfact.o

[36mTARGET [m= fns-compare

[36mall:[12C$(TARGET)

$(TARGET):[m      [36m$[m[36m[106m([m[36mOFILES[m[36m[106m)[m[20;17H[36m$(CXX)[m [36m$(OFILES)[m -o [36m$@

.phony:[m[9Cclean
[36mclean:[m
[31m                rm -f *~ *.o [m[36m$(TARGET)[m


[34m#dependencies[m
[36mfns-compare.o:[m  fns-compare.cc fns-compare.hh
[36mconstant.o:[m     constant.cc fns-compare.hh
[36mlg.o:[m[11Clg.cc fns-compare.hh
[36mlinear.o:[m[7Clinear.cc fns-compare.hh[32;78H19,20-25      Top]2;Makefile (~/projects/i240a/submit/lab1/4-dependencies) - VIM]1;Makefile[19;25H[?25hP+q436f\P+q6b75\P+q6b64\P+q6b72\P+q6b6c\P+q2332\P+q2334\P+q2569\P+q2a37\P+q6b31\[?1000l[?1006h[?1002h[?1006l[?1002l[?1006h[?1002h[27m[23m[29m[m[H[2J[?25l[1;1H[1m[96mCXX [m= g++
[1m[96mCXXFLAGS [m= -g -Wall -std=c++17

[1m[96mOFILES [m= [38;5;224m\
  [mfns-compare.o [38;5;224m\
  [mconstant.o [38;5;224m\
  [mlg.o [38;5;224m\
  [mlinear.o [38;5;224m\
  [mnlg.o [38;5;224m\
  [mquadratic.o [38;5;224m\
  [mcubic.o [38;5;224m\
  [mexponential.o [38;5;224m\
  [mfact.o

[1m[96mTARGET [m= fns-compare

[1m[96mall:[12C$(TARGET)

$(TARGET):[m      [1m[96m$[m[1m[96m[46m([m[1m[96mOFILES[m[1m[96m[46m)[m[20;17H[1m[96m$(CXX)[m [1m[96m$(OFILES)[m -o [1m[96m$@

.phony:[m[9Cclean
[1m[96mclean:[m
[95m                rm -f *~ *.o [m[1m[96m$(TARGET)[m


[96m#dependencies[m
[1m[96mfns-compare.o:[m  fns-compare.cc fns-compare.hh
[1m[96mconstant.o:[m     constant.cc fns-compare.hh
[1m[96mlg.o:[m[11Clg.cc fns-compare.hh
[1m[96mlinear.o:[m[7Clinear.cc fns-compare.hh[32;78H19,20-25      Top"Makefile" 36L, 652C[19;25H[?25h[?25l[32;68H~@k[19;25H[32;68H   [19;24H[1m[96m(OFILES)[m[32;81H19-24[19;24H[?25h[?25l[32;68H~@k[19;24H[32;68H   [19;23H[32;82H8-23[19;23H[?25h[?25l[32;68H~@k[19;23H[32;68H   [19;22H[32;82H7-22[19;22H[?25h[?25l[32;68H~@k[19;22H[32;68H   [19;21H[32;82H6-21[19;21H[?25h[?25l[32;68H~@k[19;21H[32;68H   [19;20H[32;82H5-20[19;20H[?25h[?25l[32;68H~@k[19;20H[32;68H   [19;19H[32;82H4-19[19;19H[?25h[?25l[32;68H~@k[19;19H[32;68H   [19;18H[1m[96m[46m([m[1m[96mOFILES[m[1m[96m[46m)[m[32;82H3-18[19;18H[?25h[?25l[32;68H~@k[19;18H[32;68H   [19;17H[1C[1m[96m(OFILES)[m[32;82H2-17[19;17H[?25h[?25l[32;68H~@k[19;17H[32;68H   [19;16H[32;82H1-16[19;16H[?25h[?25l[32;68H~@k[19;16H[32;68H   [19;10H[32;82H0   [19;10H[?25h[?25l[32;68H~@k[19;10H[32;68H   [19;9H[19;2H[1m[96m[46m([m[1m[96mTARGET[m[1m[96m[46m)[m[1m[96m:[m [32;81H9 [19;9H[?25h[?25l[32;68H~@k[19;9H[32;68H   [19;10H[19;2H[1m[96m(TARGET):[m [32;81H10[19;10H[?25h[?25l[32;68H~@k[19;10H[32;68H   [20;16H[32;78H20,3-16[20;16H[?25h[?25l[32;68H~@k[20;16H[32;68H   [20;8H[32;81H2-8 [20;8H[?25h[?25l[32;68H~@k[20;8H[32;68H   [20;1H[32;81H1  [20;1H[?25h[?25l[32;68H~@k[20;1H[32;68H   [20;8H[32;81H2-8[20;8H[?25h[?25l[32;68H~@k[20;8H[32;68H   [20;16H[32;81H3-16[20;16H[?25h[?25l[32;68H~@k[20;16H[32;68H   [19;16H[32;78H19,11-16[19;16H[?25h[?25l[32;68H~@k[19;16H[32;68H   [19;17H[32;82H2-17[19;17H[?25h[?25l[32;68H~@k[19;17H[32;68H   [19;18H[1m[96m[46m([m[1m[96mOFILES[m[1m[96m[46m)[m[32;82H3-18[19;18H[?25h[?25l[32;68H~@k[19;18H[32;68H   [19;19H[1m[96m(OFILES)[m[32;82H4-19[19;19H[?25h[?25l[32;68H~@k[19;19H[32;68H   [19;20H[32;82H5-20[19;20H[?25h[?25l[32;68H~@k[19;20H[32;68H   [19;21H[32;82H6-21[19;21H[?25h[?25l[32;68H~@k[19;21H[32;68H   [19;22H[32;82H7-22[19;22H[?25h[?25l[32;68H~@k[19;22H[32;68H   [19;23H[32;82H8-23[19;23H[?25h[?25l[32;68H~@k[19;23H[32;68H   [19;24H[32;82H9-24[19;24H[?25h[?25l[32;68H~@k[19;24H[32;68H   [19;25H[19;18H[1m[96m[46m([m[1m[96mOFILES[m[1m[96m[46m)[m[32;81H20-25[19;25H[?25h[?25l[32;68H~@k[19;25H[32;68H   [19;25H[?25h[?25l[32;68H~@k[19;25H[32;68H   [19;24H[1m[96m(OFILES)[m[32;81H19-24[19;24H[?25h[?25l[32;68H~@k[19;24H[32;68H   [19;23H[32;82H8-23[19;23H[?25h[?25l[32;68H~@k[19;23H[32;68H   [19;22H[32;82H7-22[19;22H[?25h[?25l[32;68H~@k[19;22H[32;68H   [19;21H[32;82H6-21[19;21H[?25h[?25l[32;68H~@k[19;21H[32;68H   [19;20H[32;82H5-20[19;20H[?25h[?25l[32;68H~@k[19;20H[32;68H   [19;19H[32;82H4-19[19;19H[?25h[?25l[32;68H~@k[19;19H[32;68H   [19;18H[1m[96m[46m([m[1m[96mOFILES[m[1m[96m[46m)[m[32;82H3-18[19;18H[?25h[?25l[32;68H~@k[19;18H[32;68H   [19;17H[1C[1m[96m(OFILES)[m[32;82H2-17[19;17H[?25h[?25l[32;68H~@k[19;17H[32;68H   [19;16H[32;82H1-16[19;16H[?25h[?25l[32;68H~@k[19;16H[32;68H   [20;16H[32;78H20,3-16 [20;16H[?25h[?25l[32;68H~@k[20;16H[32;68H   [20;8H[32;81H2-8 [20;8H[?25h[?25l[32;68H~@k[20;8H[32;68H   [20;1H[32;81H1  [20;1H[?25h[?25l[32;68H~@k[20;1H[32;68H   [20;1H[?25h[?25l[32;68H~@k[20;1H[32;68H   [20;8H[32;81H2-8[20;8H[?25h[?25l[32;68H~@k[20;8H[32;68H   [20;16H[32;81H3-16[20;16H[?25h[?25l[32;68H~@k[20;16H[32;68H   [19;16H[32;78H19,11-16[19;16H[?25h[?25l[32;68H~@k[19;16H[32;68H   [19;10H[32;82H0   [19;10H[?25h[?25l[32;68H~@k[19;10H[32;68H   [19;9H[19;2H[1m[96m[46m([m[1m[96mTARGET[m[1m[96m[46m)[m[1m[96m:[m [32;81H9 [19;9H[?25h[?25l[32;68H~@k[19;9H[32;68H   [19;10H[19;2H[1m[96m(TARGET):[m [32;81H10[19;10H[?25h[?25l[32;68H~@k[19;10H[32;68H   [19;16H[32;82H1-16[19;16H[?25h[?25l[32;68H~@k[19;16H[32;68H   [19;17H[32;82H2-17[19;17H[?25h[?25l[32;68H~@k[19;17H[32;68H   [19;18H[1m[96m[46m([m[1m[96mOFILES[m[1m[96m[46m)[m[32;82H3-18[19;18H[?25h[?25l[32;68H~@k[19;18H[32;68H   [19;19H[1m[96m(OFILES)[m[32;82H4-19[19;19H[?25h[?25l[32;68H~@k[19;19H[32;68H   [19;20H[32;82H5-20[19;20H[?25h[?25l[32;68H~@k[19;20H[32;68H   [19;21H[32;82H6-21[19;21H[?25h[?25l[32;68H~@k[19;21H[32;68H   [19;22H[32;82H7-22[19;22H[?25h[?25l[32;68H~@k[19;22H[32;68H   [19;23H[32;82H8-23[19;23H[?25h[?25l[32;68H~@k[19;23H[32;68H   [19;24H[32;82H9-24[19;24H[?25h[?25l[32;68H~@k[19;24H[32;68H   [19;25H[19;18H[1m[96m[46m([m[1m[96mOFILES[m[1m[96m[46m)[m[32;81H20-25[19;25H[?25h[?25l[32;68H~@k[19;25H[32;68H   [19;25H[?25h[?25l[32;68Hi[19;25H[32;68H [19;25H[32;1H[1m-- INSERT --[m[32;13H[K[32;78H19,20-25      Top[19;25H[?25h[?25l[32;82H1-26[19;26H[?25h[?25l[20;31r[20;1H[L[1;32r[20;1H[95m        [m
[97m[101m                $(CXX) $(OFILES) -o $@[m[32;78H[K[32;78H20,2-9[8CTop[19;18H[1m[96m(OFILES)]2;Makefile + (~/projects/i240a/submit/lab1/4-dependencies) - VIM]1;Makefile[20;9H[?25h[?25l[m[95m        [m[32;81H3-17[20;17H[?25h[?25l[95mp[m[32;81H4-18[20;18H[?25h[?25l[20;17H[K[32;81H3-17[20;17H[?25h[?25l[32;4H[1m(insert)- VISUAL --[m[32;78H[K[32;68H1[20;17H[32;78H20,3-17[7CTop[20;17H[?25h[?25l[?25h[?25l[32;68H3[20;17H[95m[48;5;242m [m[48;5;242m       [m[95m[48;5;242m [m[48;5;242m       [?25h[?25l[?25h[?25l[?25h[?25l[?25h[?25l[m[32;68H [20;17H[32;4H[1mINSERTt --[m[32;13H[K[32;78H21,1[10CTop[21;31r[21;1H[L[1;32r[20;1H[95m                                [m

                [1m[96m$(CXX)[m [1m[96m$(OFILES)[m -o [1m[96m$@[m[32;78H[K[32;78H21,1[10CTop[21;1H[?25h[?25l[32;79H0,3-17[20;17H[?25h[?25l[32;79H1,1   [21;1H[?25h[?25l[20;31r[31;1H
[1;32r[20;1H[95m                                [m
[97m[101m                $(CXX) $(OFILES) -o $@[m[31;1H[1m[96mlg.o:[m[11Clg.cc fns-compare.hh[32;78H[K[32;78H20,5-33[7CTop[20;33H[?25h[?25l[32;81H4-25[20;25H[?25h[?25l[32;81H3-17[20;17H[?25h[?25l[96m#               [m[32;81H4-18[20;18H[?25h[?25l[96ml[m[32;81H5-19[20;19H[?25h[?25l[96mi[m[32;81H6-20[20;20H[?25h[?25l[96mn[m[32;81H7-21[20;21H[?25h[?25l[96mk[m[32;81H8-22[20;22H[?25h[?25l[32;81H9-23[20;23H[?25h[?25l[96m$[m[32;81H10-24[20;24H[?25h[?25l[96m([8C        [m[32;82H1-25[20;25H[?25h[?25l[96mO[m[32;82H2-26[20;26H[?25h[?25l[96mF[m[32;82H3-27[20;27H[?25h[?25l[96mI[m[32;82H4-28[20;28H[?25h[?25l[96mL[m[32;82H5-29[20;29H[?25h[?25l[96mE[m[32;82H6-30[20;30H[?25h[?25l[96mS[m[32;82H7-31[20;31H[?25h[?25l[96m)[m[20;24H[96m[46m([6C)[m[32;82H8-32[20;32H[?25h[?25l[9C[96m        [20;24H(OFILES)[m[32;82H9-33[20;33H[?25h[?25l[96mt[m[32;81H20-34[20;34H[?25h[?25l[96mo[m[32;82H1-35[20;35H[?25h[?25l[32;82H2-36[20;36H[?25h[?25l[96me[m[32;82H3-37[20;37H[?25h[?25l[96mx[m[32;82H4-38[20;38H[?25h[?25l[96me[m[32;82H5-39[20;39H[?25h[?25l[96mc[m[32;82H6-40[20;40H[?25h[?25l[96mu[8C        [m[32;82H7-41[20;41H[?25h[?25l[96mt[m[32;82H8-42[20;42H[?25h[?25l[96ma[m[32;82H9-43[20;43H[?25h[?25l[96mb[m[32;81H30-44[20;44H[?25h[?25l[96ml[m[32;82H1-45[20;45H[?25h[?25l[96me[m[32;82H2-46[20;46H[?25h[?25l[32;82H3-47[20;47H[?25h[?25l[96mf[m[32;82H4-48[20;48H[?25h[?25l[96mn[8C        [m[32;82H5-49[20;49H[?25h[?25l[96ms[m[32;82H6-50[20;50H[?25h[?25l[96m-[m[32;82H7-51[20;51H[?25h[?25l[96mc[m[32;82H8-52[20;52H[?25h[?25l[96mo[m[32;82H9-53[20;53H[?25h[?25l[96mm[m[32;81H40-54[20;54H[?25h[?25l[96mp[m[32;82H1-55[20;55H[?25h[?25l[96ma[m[32;82H2-56[20;56H[?25h[?25l[96mr[8C        [m[32;82H3-57[20;57H[?25h[?25l[96me[m[32;82H4-58[20;58H[?25h[?25l[32;79H3,15-22[23;22H[?25h[?25l[32;79H0,44-58[20;58H[?25h[?25l[96m [m[32;82H3-57[20;57H[?25h[?25l[96m [m[20;65H[K[32;82H2-56[20;56H[?25h[?25l[96m [m[32;82H1-55[20;55H[?25h[?25l[96m [m[32;82H0-54[20;54H[?25h[?25l[96m [m[32;81H39-53[20;53H[?25h[?25l[96m [m[32;82H8-52[20;52H[?25h[?25l[96m [m[32;82H7-51[20;51H[?25h[?25l[96m [m[32;82H6-50[20;50H[?25h[?25l[96m [m[32;82H5-49[20;49H[?25h[?25l[96m [m[20;57H[K[32;82H4-48[20;48H[?25h[?25l[96m [m[32;82H3-47[20;47H[?25h[?25l[32;82H2-46[20;46H[?25h[?25l[96m [m[32;82H1-45[20;45H[?25h[?25l[96m [m[32;82H0-44[20;44H[?25h[?25l[96m [m[32;81H29-43[20;43H[?25h[?25l[96m [m[32;82H8-42[20;42H[?25h[?25l[96m [m[32;82H7-41[20;41H[?25h[?25l[96m [m[20;49H[K[32;82H6-40[20;40H[?25h[?25l[96m [m[32;82H5-39[20;39H[?25h[?25l[96m [m[32;82H4-38[20;38H[?25h[?25l[96m [m[32;82H3-37[20;37H[?25h[?25l[96m [m[32;82H2-36[20;36H[?25h[?25l[32;82H1-35[20;35H[?25h[?25l[96m [m[32;82H0-34[20;34H[?25h[?25l[96m [m[32;81H19-33[20;33H[?25h[?25l[20;41H[K[20;24H[96m[46m([6C)[m[32;82H8-32[20;32H[?25h[?25l[96m[46m [m[46m [m[20;24H[96m(OFILES  [m[32;82H7-31[20;31H[?25h[?25l[96m [m[32;82H6-30[20;30H[?25h[?25l[96m [m[32;82H5-29[20;29H[?25h[?25l[96m [m[32;82H4-28[20;28H[?25h[?25l[96m [m[32;82H3-27[20;27H[?25h[?25l[96m [m[32;82H2-26[20;26H[?25h[?25l[96m [m[32;82H1-25[20;25H[?25h[?25l[96m [m[20;33H[K[32;82H0-24[20;24H[?25h[?25l[96m [m[32;81H9-23 [20;23H[?25h[?25l[32;81H8-22[20;22H[?25h[?25l[96m [m[32;81H7-21[20;21H[?25h[?25l[96m [m[32;81H6-20[20;20H[?25h[?25l[96m [m[32;81H5-19[20;19H[?25h[?25l[96m [m[32;81H4-18[20;18H[?25h[?25l[95m                [m[32;81H3-17[20;17H[?25h[?25l[20;25H[K[32;81H2-9 [20;9H[?25h[?25l[20;17H[K[32;81H1  [20;1H[?25h[?25l[19;31r[31;1H
[1;32r[19;1H[1m[96m$(TARGET):[m      [1m[96m$(OFILES)[m
                [1m[96m$(CXX)[m [1m[96m$(OFILES)[m -o [1m[96m$@[31;1Hlinear.o:[m[7Clinear.cc fns-compare.hh[32;78H[K[32;78H19,21-26      Top[19;18H[1m[96m[46m([m[1m[96mOFILES[m[1m[96m[46m)[m [?25h[?25l[20;31r[20;1H[L[1;32r[20;1H[95m                [m
[97m[101m                $(CXX) $(OFILES) -o $@[m[32;78H[K[32;78H20,1[10CTop[19;18H[1m[96m(OFILES)[m 
[?25h[?25l[32;78H[K[32;78H20,1[10CTop[20;1H[?25h[?25l[19;31r[31;1H
[1;32r[19;1H[1m[96m$(TARGET):[m      [1m[96m$(OFILES)[m
                [1m[96m$(CXX)[m [1m[96m$(OFILES)[m -o [1m[96m$@[31;1Hlinear.o:[m[7Clinear.cc fns-compare.hh[32;78H[K[32;78H19,23-41      Top[19;41H[?25h[?25l[32;82H2-33[19;33H[?25h[?25l[19;18H[1m[96m[46m([m[1m[96mOFILES[m[1m[96m[46m)[m [32;82H1-26[19;26H[?25h[?25l[1m[96m[46m [m[46m       [m[1m[96m        [19;18H(OFILES        [m[32;82H0-25[19;25H[?25h[?25l[32;81H19-24[19;24H[?25h[?25l[32;82H8-23[19;23H[?25h[?25l[32;82H7-22[19;22H[?25h[?25l[32;82H6-21[19;21H[?25h[?25l[32;82H5-20[19;20H[?25h[?25l[32;82H4-19[19;19H[?25h[?25l[32;82H3-18[19;18H[?25h[?25l[32;82H2-17[19;17H[?25h[?25l[32;82H3-18[19;18H[?25h[?25l[32;82H4-19[19;19H[?25h[?25l[32;82H5-20[19;20H[?25h[?25l[32;82H6-21[19;21H[?25h[?25l[32;82H7-22[19;22H[?25h[?25l[32;82H8-23[19;23H[?25h[?25l[32;82H9-24[19;24H[?25h[?25l[32;81H20-25[19;25H[?25h[?25l[1m[96m)[m               [19;18H[1m[96m[46m([m[1m[96mOFILES[m[1m[96m[46m)[m [32;82H1-26[19;26H[?25h[?25l[32;82H0-25[19;25H[?25h[?25l[19;18H[1m[96m(OFILES)[m [32;81H19-24[19;24H[?25h[?25l[32;82H8-23[19;23H[?25h[?25l[32;82H7-22[19;22H[?25h[?25l[32;82H6-21[19;21H[?25h[?25l[32;82H5-20[19;20H[?25h[?25l[1m[96m[46m([m[1m[96mOFILES[m[1m[96m[46m)[m [32;82H4-19[19;19H[?25h[?25l[32;82H3-18[19;18H[?25h[?25l[1m[96m(OFILES)[m [32;82H2-17[19;17H[?25h[?25l[32;82H1   [19;11H[?25h[?25l[32;82H2-17[19;17H[?25h[?25l[32;82H1   [19;11H[?25h[?25l[32;78H20,3-9[20;9H[?25h[?25l[32;81H4-17[20;17H[?25h[?25l[32;81H3-9 [20;9H[?25h[?25l[32;81H2  [20;2H[?25h[?25l[32;81H1[20;1H[?25h[?25l[32;81H2[20;2H[?25h[?25l[95m                [6C [9C -o [m[32;81H1[20;1H[?25h[?25l[19;31r[31;1H
[1;32r[19;1H[1m[96m$(TARGET):[m      [2C[1m[96mOFILES)[m              [17C[1m[96m$(CXX)[m [1m[96m$(OFILES)[m -o [1m[96m$@[31;1Hnlg.o:[m[10Cnlg.cc fns-compare.hh[32;78H[K[32;78H19,23-41      Top[19;41H[?25h[?25l[20;31r[20;1H[L[1;32r[19;57H[K[20;1H[95m        [m[1m[96m$(CXX)[m[95m [m[1m[96m$(OFILES)[m[95m -o [m[1m[96m$@[m[32;78H[K[32;78H20,1[10CTop[20;1H[?25h[?25l[8C[95m        [m[1m[96m$(CXX)[m[95m [m[1m[96m$(OFILES)[m[95m -o [m[1m[96m$@[m[32;81H2-9[20;9H[?25h[?25l[32;81H1  [20;1H[?25h[32;1H[K[20;1H[?25l[32;68H^[[20;1H[32;68H  [20;1H[32;78H20,1-8[8CTop[20;8H[?25h[?25l[32;68H^[[20;8H[32;68H  [20;8H[32;68H^[[20;8H[32;68H  [20;8H[?25h[?25l[32;68H:[20;8H[32;68H[K[32;1H:[?2004h[?25hw[?25l[?25hq[?25l[?25h[?25l[?1006l[?1002l[?2004l"Makefile" 36L, 653C written]2;Terminal - ]1;Terminal - [23;2t[23;1t[22;2t[22;1t[23;2t[23;1t
[?2004l[?1l>[?25h[?1049l[23;0;0trgeary1@g7-35:~/i240a/submit/lab1/4-dependencies$ vim Makefile make[K
g++ fns-compare.o constant.o lg.o linear.o nlg.o quadratic.o cubic.o exponential.o fact.o -o fns-compare
rgeary1@g7-35:~/i240a/submit/lab1/4-dependencies$ ./ [Kfns-compare 
    n constant     log2   linear     n lg    quadr    cubic     expn     fact
    1    1e+07        0    1e+05        0    1e+03    1e+02       20        1
   10    1e+07  3.3e+06    1e+06  3.3e+05    1e+05    1e+05    1e+04  3.6e+06
  100    1e+07  6.6e+06    1e+07  6.6e+06    1e+07    1e+08  1.3e+31 9.3e+157
 1000    1e+07    1e+07    1e+08    1e+08    1e+09    1e+11 1.1e+302      inf
10000    1e+07  1.3e+07    1e+09  1.3e+09    1e+11    1e+14      inf      inf
rgeary1@g7-35:~/i240a/submit/lab1/4-dependencies$ ls
constant.cc  cubic.o	     fact.cc	  fns-compare.cc  lg.cc      linear.o  nlg.o
constant.o   exponential.cc  fact.o	  fns-compare.hh  lg.o	     Makefile  quadratic.cc
cubic.cc     exponential.o   fns-compare  fns-compare.o   linear.cc  nlg.cc    quadratic.o
rgeary1@g7-35:~/i240a/submit/lab1/4-dependencies$ ls -l
total 748
-rw-r--r--  1 rgeary1 rgeary1    178 Jan 30 10:17 constant.cc
-rw-r--r--  1 rgeary1 rgeary1   6016 Jan 30 11:06 constant.o
-rw-r--r--  1 rgeary1 rgeary1    177 Jan 30 10:17 cubic.cc
-rw-r--r--  1 rgeary1 rgeary1   5928 Jan 30 11:06 cubic.o
-rw-r--r--  1 rgeary1 rgeary1    209 Jan 30 10:17 exponential.cc
-rw-r--r--  1 rgeary1 rgeary1  76312 Jan 30 11:06 exponential.o
-rw-r--r--  1 rgeary1 rgeary1    227 Jan 30 10:17 fact.cc
-rw-r--r--  1 rgeary1 rgeary1   6144 Jan 30 11:06 fact.o
-rwxr-xr-x  1 rgeary1 rgeary1 206608 Jan 30 11:13 fns-compare
-rw-r--r--  1 rgeary1 rgeary1    745 Jan 30 10:17 fns-compare.cc
-rw-r--r--  1 rgeary1 rgeary1    462 Jan 30 10:17 fns-compare.hh
-rw-r--r--  1 rgeary1 rgeary1 236008 Jan 30 11:06 fns-compare.o
-rw-r--r--  1 rgeary1 rgeary1    187 Jan 30 10:17 lg.cc
-rw-r--r--  1 rgeary1 rgeary1  76216 Jan 30 11:06 lg.o
-rw-r--r--  1 rgeary1 rgeary1    172 Jan 30 10:17 linear.cc
-rw-r--r--  1 rgeary1 rgeary1   5944 Jan 30 11:06 linear.o
-rw-r--r--+ 1 rgeary1 rgeary1    653 Jan 30 11:13 Makefile
-rw-r--r--  1 rgeary1 rgeary1    191 Jan 30 10:17 nlg.cc
-rw-r--r--  1 rgeary1 rgeary1  76240 Jan 30 11:06 nlg.o
-rw-r--r--  1 rgeary1 rgeary1    175 Jan 30 10:17 quadratic.cc
-rw-r--r--  1 rgeary1 rgeary1   5936 Jan 30 11:06 quadratic.o
rgeary1@g7-35:~/i240a/submit/lab1/4-dependencies$ vim Makefile 
[?1000h[?2004h[?1049h[22;0;0t[?1h=[?2004h[1;32r[?12h[?12l[22;2t[22;1t[27m[23m[29m[m[H[2J[?25l[32;1H"Makefile" 36L, 653C[2;1Hâ–½[6n[2;1H  [1;1H[>c]10;?]11;?[1;1H[36mCXX [m= g++
[36mCXXFLAGS [m= -g -Wall -std=c++17

[36mOFILES [m= [35m\
  [mfns-compare.o [35m\
  [mconstant.o [35m\
  [mlg.o [35m\
  [mlinear.o [35m\
  [mnlg.o [35m\
  [mquadratic.o [35m\
  [mcubic.o [35m\
  [mexponential.o [35m\
  [mfact.o

[36mTARGET [m= fns-compare

[36mall:[12C$(TARGET)

$(TARGET):[m      [36m$(OFILES)[m
[31m                [m[36m$(CXX)[m[31m [m[36m$(OFILES)[m[31m -o [m[36m$@

.phony:[m[9Cclean
[36mclean:[m
[31m                rm -f *~ *.o [m[36m$(TARGET)[m


[34m#dependencies[m
[36mfns-compare.o:[m  fns-compare.cc fns-compare.hh
[36mconstant.o:[m     constant.cc fns-compare.hh
[36mlg.o:[m[11Clg.cc fns-compare.hh
[36mlinear.o:[m[7Clinear.cc fns-compare.hh[32;78H20,1-8[8CTop]2;Makefile (~/projects/i240a/submit/lab1/4-dependencies) - VIM]1;Makefile[20;8H[?25hP+q436f\P+q6b75\P+q6b64\P+q6b72\P+q6b6c\P+q2332\P+q2334\P+q2569\P+q2a37\P+q6b31\[?1000l[?1006h[?1002h[?1006l[?1002l[?1006h[?1002h[27m[23m[29m[m[H[2J[?25l[1;1H[1m[96mCXX [m= g++
[1m[96mCXXFLAGS [m= -g -Wall -std=c++17

[1m[96mOFILES [m= [38;5;224m\
  [mfns-compare.o [38;5;224m\
  [mconstant.o [38;5;224m\
  [mlg.o [38;5;224m\
  [mlinear.o [38;5;224m\
  [mnlg.o [38;5;224m\
  [mquadratic.o [38;5;224m\
  [mcubic.o [38;5;224m\
  [mexponential.o [38;5;224m\
  [mfact.o

[1m[96mTARGET [m= fns-compare

[1m[96mall:[12C$(TARGET)

$(TARGET):[m      [1m[96m$(OFILES)[m
[95m                [m[1m[96m$(CXX)[m[95m [m[1m[96m$(OFILES)[m[95m -o [m[1m[96m$@

.phony:[m[9Cclean
[1m[96mclean:[m
[95m                rm -f *~ *.o [m[1m[96m$(TARGET)[m


[96m#dependencies[m
[1m[96mfns-compare.o:[m  fns-compare.cc fns-compare.hh
[1m[96mconstant.o:[m     constant.cc fns-compare.hh
[1m[96mlg.o:[m[11Clg.cc fns-compare.hh
[1m[96mlinear.o:[m[7Clinear.cc fns-compare.hh[32;78H20,1-8[8CTop"Makefile" 36L, 653C[20;8H[?25h[?25l[32;78H15,20 [15;20H[?25h[?25l[32;68Hi[15;20H[32;68H [15;20H[32;1H[1m-- INSERT --[m[32;13H[K[32;78H15,20[9CTop[15;20H[?25h[?25l[32;82H1[15;21H[?25h[?25l[16;31r[16;1H[L[1;32r[32;78H[K[32;78H16,1[10CTop]2;Makefile + (~/projects/i240a/submit/lab1/4-dependencies) - VIM]1;Makefile[16;1H[?25h[?25lD[32;81H2[16;2H[?25h[?25lI[32;81H3[16;3H[?25h[?25lS[32;81H4[16;4H[?25h[?25lT[32;81H5[16;5H[?25h[?25l[32;81H6[16;6H[?25h[?25l[1m[96mDIST [m=[32;81H7[16;7H[?25h[?25l[32;81H8[16;8H[?25h[?25lf[32;81H9[16;9H[?25h[?25ln[32;81H10[16;10H[?25h[?25ls[32;82H1[16;11H[?25h[?25l-[32;82H2[16;12H[?25h[?25lc[32;82H3[16;13H[?25h[?25lo[32;82H4[16;14H[?25h[?25lm[32;82H5[16;15H[?25h[?25la[32;82H6[16;16H[?25h[?25lp[32;82H7[16;17H[?25h[?25l[16;16H[K[32;82H6[16;16H[?25h[?25l[16;15H[K[32;82H5[16;15H[?25h[?25lp[32;82H6[16;16H[?25h[?25la[32;82H7[16;17H[?25h[?25lr[32;82H8[16;18H[?25h[?25le[32;82H9[16;19H[?25h[?25l.[32;81H20[16;20H[?25h[?25lt[32;82H1[16;21H[?25h[?25la[32;82H2[16;22H[?25h[?25lr[32;82H3[16;23H[?25h[?25l[17;31r[17;1H[L[1;32r[32;78H[K[32;78H17,1[10CTop[17;1H[?25h[?25l[32;79H8[18;1H[?25h[?25l[32;79H9[19;1H[?25h[?25l[32;78H20[20;1H[?25h[?25l[32;79H1[21;1H[?25h[?25l[32;79H2[22;1H[?25h[?25l[32;79H3[23;1H[?25h[?25l[32;79H4[24;1H[?25h[?25l[32;79H5[25;1H[?25h[?25l[32;79H6[26;1H[?25h[?25l[1;31r[31;1H
[1;32r[31;1H[1m[96mlg.o:[m[11Clg.cc fns-compare.hh[32;78H[K[32;78H27,1[10C14%[26;1H[?25h[?25l[1;31r[31;1H
[1;32r[31;1H[1m[96mlinear.o:[m[7Clinear.cc fns-compare.hh[32;78H[K[32;78H28,1[10C28%[26;1H[?25h[?25l[1;31r[31;1H
[1;32r[31;1H[1m[96mnlg.o:[m[10Cnlg.cc fns-compare.hh[32;78H[K[32;78H29,1[10C42%[26;1H[?25h[?25l[1;31r[31;1H
[1;32r[31;1H[1m[96mquadratic.o:[m    quadratic.cc fns-compare.hh[32;78H[K[32;78H30,1[10C57%[26;1H[?25h[?25l[1;31r[31;1H
[1;32r[31;1H[1m[96mcubic.o:[m[8Ccubic.cc fns-compare.hh[32;78H[K[32;78H31,1[10C71%[26;1H[?25h[?25l[1;31r[31;1H
[1;32r[31;1H[1m[96mexponential.o:[m  exponential.cc fns-compare.hh[32;78H[K[32;78H32,1[10C85%[26;1H[?25h[?25l[1;31r[31;1H
[1;32r[31;1H[1m[96mfact.o:[m[9Cfact.cc fns-compare.hh[32;78H[K[32;78H33,1[10CBot[26;1H[?25h[?25l[32;79H4[27;1H[?25h[?25l[32;79H5[28;1H[?25h[?25l[32;79H6[29;1H[?25h[?25l[32;79H7[30;1H[?25h[?25l[32;79H8[31;1H[?25h[?25l[32;79H7[30;1H[?25h[?25l[32;79H6[29;1H[?25h[?25l[32;79H5[28;1H[?25h[?25l[32;79H4[27;1H[?25h[?25l[32;79H3[26;1H[?25h[?25l[32;79H2[25;1H[?25h[?25l[32;79H1[24;1H[?25h[?25l[32;79H0[23;1H[?25h[?25l[32;78H29[22;1H[?25h[?25l[32;79H8[21;1H[?25h[?25l[32;79H7[20;1H[?25h[?25l[32;79H6[19;1H[?25h[?25l[32;79H5[18;1H[?25h[?25l[32;79H4[17;1H[?25h[?25l[32;79H3[16;1H[?25h[?25l[32;79H2[15;1H[?25h[?25l[32;79H1[14;1H[?25h[?25l[32;79H0[13;1H[?25h[?25l[32;78H19[12;1H[?25h[?25l[32;79H8[11;1H[?25h[?25l[32;79H7[10;1H[?25h[?25l[32;79H6[9;1H[?25h[?25l[32;79H5[8;1H[?25h[?25l[32;79H4[7;1H[?25h[?25l[32;79H3[6;1H[?25h[?25l[1;31r[1;1H[L[1;32r[1;1H[38;5;224m  [mlg.o [38;5;224m\[m[32;78H[K[32;78H12,1[10C85%[6;1H[?25h[?25l[1;31r[1;1H[L[1;32r[1;1H[38;5;224m  [mconstant.o [38;5;224m\[m[32;78H[K[32;78H11,1[10C71%[6;1H[?25h[?25l[1;31r[1;1H[L[1;32r[1;1H[38;5;224m  [mfns-compare.o [38;5;224m\[m[32;78H[K[32;78H10,1[10C57%[6;1H[?25h[?25l[1;31r[1;1H[L[1;32r[1;1H[1m[96mOFILES [m= [38;5;224m\[m[32;78H[K[32;78H9,1[11C42%[6;1H[?25h[?25l[1;31r[1;1H[L[1;32r[32;78H[K[32;78H8,1[11C28%[6;1H[?25h[?25l[1;31r[1;1H[L[1;32r[1;1H[1m[96mCXXFLAGS [m= -g -Wall -std=c++17[32;78H[K[32;78H7,1[11C14%[6;1H[?25h[?25l[32;78H22,25-39[21;39H[?25h[?25l[32;4H[1m(insert)- VISUAL --[m[32;78H[K[32;68H1[21;39H[32;78H22,25-39      14%[21;39H[?25h[?25l[?25h[?25l[32;68H^M[21;39H[32;68H2 [22;1H[21;39H[48;5;242m [m[32;79H3,0-1  [22;1H[?25h[?25l[32;68H$[22;1H[32;68H2[22;1H[?25h[?25l[32;68Hi[22;1H[?25h[?25l[32;69H~@k[22;1H[32;68H2   [22;1H[?25h[?25l[32;68H~@k[22;1H[32;68H3  [23;1H[22;1H[48;5;242m [m[32;79H4,1  [23;1H[?25h[?25l[32;68H [18;26H[32;4H[1mINSERTt --[m[32;13H[K[32;78H19,16-26      14%[21;39H[K[22;1H[K[18;18H[1m[96m[46m([m[1m[96mTARGET[m[1m[96m[46m)[?25h[?25l[m[18;18H[1m[96m(TARGET)[m[32;78H20,1    [19;1H[?25h[?25l[32;79H1,23-41[20;41H[?25h[?25l[32;79H2,25-39[21;39H[?25h[?25l[32;79H3,1    [22;1H[?25h[?25l[23;31r[23;1H[L[1;32r[32;78H[K[32;78H24,1[10C12%[23;1H[?25h[?25l$[32;81H2[23;2H[?25h[?25l[1m[96m$([24;8H         clean

                rm -f *~ *.o 


#dependencies[30;15H  fns-compare.cc fns-compare.hh[31;12H     constant.cc fns-compare.hh[m[32;81H3[23;3H[?25h[?25l[1m[96mD[m[32;81H4[23;4H[?25h[?25l[1m[96mI[m[32;81H5[23;5H[?25h[?25l[1m[96mS[m[32;81H6[23;6H[?25h[?25l[1m[96mT[m[32;81H7[23;7H[?25h[?25l[1m[96m)[m[24;8H         clean

[95m                rm -f *~ *.o [m[1m[96m$(TARGET)[m


[96m#dependencies[m[30;15H  fns-compare.cc fns-compare.hh[31;12H     constant.cc fns-compare.hh[23;2H[1m[96m[46m([m[1m[96mDIST[m[1m[96m[46m)[m[32;81H8[23;8H[?25h[?25l[1m[96m:$(DIST):[m[32;81H9[23;9H[?25h[?25l[1m[96m [m[32;81H10[23;10H[?25h[?25l[1m[96m [m[32;82H1[23;11H[?25h[?25l[23;10H[K[32;82H0[23;10H[?25h[?25l[23;9H[K[32;81H9 [23;9H[?25h[?25l[1m[96m        [m[32;81H10-17[23;17H[?25h[?25l[32;78H13,9    [12;9H[?25h[?25l[13;31r[13;1H[L[1;32r[32;78H[K[32;78H14,1[10C11%[13;1H[?25h[?25l[14;31r[14;1H[L[1;32r[32;78H[K[32;78H15,1[10C10%[14;1H[?25h[?25lC[32;81H2[14;2H[?25h[?25lX[32;81H3[14;3H[?25h[?25lX[32;81H4[14;4H[?25h[?25l[14;3H[K[32;81H3[14;3H[?25h[?25l[14;2H[K[32;81H2[14;2H[?25h[?25l[14;1H[K[32;81H1[14;1H[?25h[?25lS[32;81H2[14;2H[?25h[?25lR[32;81H3[14;3H[?25h[?25lC[32;81H4[14;4H[?25h[?25l_[32;81H5[14;5H[?25h[?25lF[32;81H6[14;6H[?25h[?25lI[32;81H7[14;7H[?25h[?25lL[32;81H8[14;8H[?25h[?25lE[32;81H9[14;9H[?25h[?25lS[32;81H10[14;10H[?25h[?25l[32;82H1[14;11H[?25h[?25l[1m[96mSRC_FILES [m=[32;82H2[14;12H[?25h[?25l[32;82H3[14;13H[?25h[?25l[1;31r[1;1H[L[1;32r[1;1H[1m[96mCXX [m= g++[32;78H[K[32;78H4,10[10CTop[4;10H[?25h[?25l[32;4H[1m(insert)- VISUAL --[m[32;78H[K[32;68H1[4;10H[32;78H4,10[10CTop[4;10H[?25h[?25l[32;68H2[5;10H[4;10H[38;5;224m[48;5;242m\[m[48;5;242m [m
[38;5;224m[48;5;242m  [m[48;5;242mfns-com[m[32;78H5[5;10H[?25h[?25lp[48;5;242mp[m[32;81H1[5;11H[?25h[?25l[32;68H3[6;11H[5;11H[48;5;242mare.o [m[38;5;224m[48;5;242m\[m[48;5;242m [m
[38;5;224m[48;5;242m  [m[48;5;242mconstant[m[32;78H6[6;11H[?25h[?25l[32;68H4[7;9H[6;11H[48;5;242m.o [m[38;5;224m[48;5;242m\[m[48;5;242m [m
[38;5;224m[48;5;242m  [m[48;5;242mlg.o [m[38;5;224m[48;5;242m\[m[32;78H7,9 [7;9H[?25h[?25l[32;68H5[8;11H[7;9H[48;5;242m [m
[38;5;224m[48;5;242m  [m[48;5;242mlinear.o[m[32;78H8,11[8;11H[?25h[?25lo[32;81H0[8;10H[?25h[?25l[32;68H6[9;10H[8;10H[48;5;242mo [m[38;5;224m[48;5;242m\[m[48;5;242m [m
[38;5;224m[48;5;242m  [m[48;5;242mnlg.o [m[38;5;224m[48;5;242m\[m[32;78H9[9;10H[?25h[?25l[32;68H7[10;10H[9;10H[48;5;242m [m
[38;5;224m[48;5;242m  [m[48;5;242mquadrat[m[32;78H10,10[10;10H[?25h[?25l[32;68H8[11;10H[10;10H[48;5;242mic.o [m[38;5;224m[48;5;242m\[m[48;5;242m [m
[38;5;224m[48;5;242m  [m[48;5;242mcubic.o[m[32;79H1[11;10H[?25h[?25l[32;68H9[12;10H[11;10H[48;5;242m [m[38;5;224m[48;5;242m\[m[48;5;242m [m
[38;5;224m[48;5;242m  [m[48;5;242mexponen[m[32;79H2[12;10H[?25h[?25l[32;68H10[13;9H[12;10H[48;5;242mtial.o [m[38;5;224m[48;5;242m\[m[48;5;242m [m
[38;5;224m[48;5;242m  [m[48;5;242mfact.o[m[32;79H3,9 [13;9H[?25h[?25l[?25h[?25l[32;68H  [12;12H[32;4H[1mINSERTt --[m[32;13H[K[32;78H12,12[9CTop[4;10H[38;5;224m\[m[4;11H[K[5;1H[38;5;224m  [mfns-compare.o [38;5;224m\[m[5;18H[K[6;1H[38;5;224m  [mconstant.o [38;5;224m\[m[6;15H[K[7;1H[38;5;224m  [mlg.o [38;5;224m\[m[7;9H[K[8;1H[38;5;224m  [mlinear.o [38;5;224m\[m[8;13H[K[9;1H[38;5;224m  [mnlg.o [38;5;224m\[m[9;10H[K[10;1H[38;5;224m  [mquadratic.o [38;5;224m\[m[10;16H[K[11;1H[38;5;224m  [mcubic.o [38;5;224m\[m[11;12H[K[12;1H[38;5;224m  [mexponential.o [38;5;224m\[m[12;18H[K[13;1H[38;5;224m  [mfact.o[12;12H[?25h[?25l[32;79H3,9 [13;9H[?25h[?25l[32;4H[1m(insert)- VISUAL --[m[32;78H[K[32;68H2[12;9H[32;78H12,9[10CTop[12;10H[48;5;242mtial.o [m[38;5;224m[48;5;242m\[m[48;5;242m [m
[38;5;224m[48;5;242m  [m[48;5;242mfact.o [12;9H[?25h[?25l[m[32;68H3[11;9Ho[48;5;242m [m[38;5;224m[48;5;242m\[m[48;5;242m [m
[38;5;224m[48;5;242m  [m[48;5;242mexponen[m[32;79H1[11;9H[?25h[?25l[32;68H4[10;9Ht[48;5;242mic.o [m[38;5;224m[48;5;242m\[m[48;5;242m [m
[38;5;224m[48;5;242m  [m[48;5;242mcubic.o[m[32;79H0[10;9H[?25h[?25l[32;68H5[9;9H[1C[48;5;242m [m
[38;5;224m[48;5;242m  [m[48;5;242mquadrat[m[32;78H9,9 [9;9H[?25h[?25l[32;68H6[8;10Ho[48;5;242m [m[38;5;224m[48;5;242m\[m[48;5;242m [m
[38;5;224m[48;5;242m  [m[48;5;242mnlg.o [m[38;5;224m[48;5;242m\[m[32;78H8,10[8;10H[?25h[?25l[32;68H7[7;9H
[38;5;224m[48;5;242m  [m[48;5;242mlinear.o[m[32;78H7,9 [7;9H[?25h[?25l[32;68H8[6;10Ht[48;5;242m.o [m[38;5;224m[48;5;242m\[m[48;5;242m [m
[38;5;224m[48;5;242m  [m[48;5;242mlg.o [m[38;5;224m[48;5;242m\[m[48;5;242m [m[32;78H6,10[6;10H[?25h[?25l[32;68H9[5;10Hp[48;5;242mare.o [m[38;5;224m[48;5;242m\[m[48;5;242m [m
[38;5;224m[48;5;242m  [m[48;5;242mconstant[m[32;78H5[5;10H[?25h[?25lpa[32;81H1[5;11H[?25h[?25lp[48;5;242ma[m[32;81H0[5;10H[?25h[?25l[32;68H10[4;10H[1C[48;5;242m [m
[38;5;224m[48;5;242m  [m[48;5;242mfns-comp[m[32;78H4[4;10H[?25h[?25l[?25h[?25l[32;68Hy [4;10H[4;11H[K[5;1H[38;5;224m  [mfns-compare.o [38;5;224m\[m[5;18H[K[6;1H[38;5;224m  [mconstant.o [38;5;224m\[m[6;15H[K[7;1H[38;5;224m  [mlg.o [38;5;224m\[m[7;9H[K[8;1H[38;5;224m  [mlinear.o [38;5;224m\[m[8;13H[K[9;1H[38;5;224m  [mnlg.o [38;5;224m\[m[9;10H[K[10;1H[38;5;224m  [mquadratic.o [38;5;224m\[m[10;16H[K[11;1H[38;5;224m  [mcubic.o [38;5;224m\[m[11;12H[K[12;1H[38;5;224m  [mexponential.o [38;5;224m\[m[12;18H[K[13;1H[38;5;224m  [mfact.o[13;9H[K[32;13H[1m--S[m[32;15H[K[32;78H4,10[10CTop11 lines yanked[32;78H[K[4;10H[?25h[?25l[32;1H[1m-- INSERT --[m[32;13H[K[32;78H4,10[10CTop[32;78H15,13[15;13H[?25h[?25ld[32;82H4[15;14H[?25h[?25l[15;13H[K[32;82H3[15;13H[?25h[?25lp[32;82H4[15;14H[?25h[?25l[15;13H[K[32;82H3[15;13H[?25h[?25l:[32;82H4[15;14H[?25h[?25lw[32;82H5[15;15H[?25h[?25lq[32;82H6[15;16H[?25h[?25l[16;31r[16;1H[L[1;32r[32;78H[K[32;78H16,2-9[8CTop[16;9H[?25h[?25l[32;81H1  [16;1H[?25h[?25l[15;31r[31;1H
[1;32r[15;1H[1m[96mSRC_FILES [m= :wq[32;78H[K[32;78H15,16[9CTop[15;16H[?25h[?25l[15;15H[K[32;82H5[15;15H[?25h[?25l[15;14H[K[32;82H4[15;14H[?25h[?25l[15;13H[K[32;82H3[15;13H[?25h[32;1H[K[15;12H[?25l[32;68H^[[15;12H[32;68H  [15;13H[32;78H15,12[9CTop[15;12H[?25h[?25l[32;68H<20>[15;12H[32;68H    [16;1H[32;79H6,0-1[16;1H[?25h[?25l[32;68Hp[16;1H[32;1H10 more lines[32;68H[K[16;1H[17;31r[17;1H[10L[1;32r[16;1H[38;5;224m\
  [mfns-compare.o [38;5;224m\
  [mconstant.o [38;5;224m\
  [mlg.o [38;5;224m\
  [mlinear.o [38;5;224m\
  [mnlg.o [38;5;224m\
  [mquadratic.o [38;5;224m\
  [mcubic.o [38;5;224m\
  [mexponential.o [38;5;224m\
  [mfact.o[32;1H[K[32;78H16,1[10CTop10 more lines[32;78H[K[32;78H16,1[10CTop[16;1H[?25h[?25l[32;68H~@k[16;1H[32;68H   [15;12H[32;79H5,12[15;12H[?25h[?25l[32;68Hi[15;12H[32;68H [15;12H[32;1H[1m-- INSERT --[m[32;13H[K[32;78H15,12[9CTop[15;12H[?25h[?25l[32;79H6,2 [16;2H[?25h[?25l[32;81H1[16;1H[?25h[?25l[15;31r[31;1H
[1;32r[15;1H[1m[96mSRC_FILES [m= [38;5;224m\[m[32;78H[K[32;78H15,13[9CTop[15;13H[?25h[?25l[1;31r[31;1H
[1;32r[31;1H[1m[96m$(TARGET):[m      [1m[96m$(OFILES)[m[32;78H[K[32;78H27,23[10C5%[26;23H[?25h[?25l[1;31r[31;1H
[1;32r[31;1H[95m                [m[1m[96m$(CXX)[m[95m [m[1m[96m$(OFILES)[m[95m -o [m[1m[96m$@[m[32;78H[K[32;78H28,1[10C10%[26;1H[?25h[?25l[1;31r[31;1H
[1;32r[32;78H[K[32;78H29,1[10C15%[26;1H[?25h[?25l[1;31r[31;1H
[1;32r[31;1H[1m[96m$(DIST):        [m[32;78H[K[32;78H30,16-26      21%[26;18H[1m[96m[46m([m[1m[96mTARGET[m[1m[96m[46m)[?25h[?25l[1;31r[m[31;1H
[1;32r[31;1H[1m[96m.phony:[m[9Cclean[32;78H[K[32;78H31,1[10C26%[25;18H[1m[96m(TARGET)
[?25h[?25l[1;31r[m[31;1H
[1;32r[31;1H[1m[96mclean:[m[32;78H[K[32;78H32,22-33      31%[26;33H[?25h[?25l[1;31r[31;1H
[1;32r[31;1H[95m                rm -f *~ *.o [m[1m[96m$(TARGET)[m[32;78H[K[32;78H33,22-36      36%[26;36H[?25h[?25l[1;31r[31;1H
[1;32r[32;78H[K[32;78H34,1[10C42%[26;1H[?25h[?25l[1;31r[31;1H
[1;32r[32;78H[K[32;78H35,10-17      47%[26;17H[?25h[?25l[32;79H4,1    [25;1H[?25h[?25l[32;79H5,10-17[26;17H[?25h[?25l[26;9H        $[32;82H1-18[26;18H[?25h[?25l[1m[96m$([m[32;82H2-19[26;19H[?25h[?25l[1m[96mC[m[32;82H3-20[26;20H[?25h[?25l[26;19H[K[32;82H2-19[26;19H[?25h[?25l[1m[96mS[m[32;82H3-20[26;20H[?25h[?25l[1m[96mR[m[32;82H4-21[26;21H[?25h[?25l[1m[96mC[m[32;82H5-22[26;22H[?25h[?25l[1m[96m_[m[32;82H6-23[26;23H[?25h[?25l[1m[96mF[m[32;82H7-24[26;24H[?25h[?25l[1m[96mI[m[32;82H8-25[26;25H[?25h[?25l[1m[96mL[m[32;82H9-26[26;26H[?25h[?25l[1m[96mE[m[32;81H20-27[26;27H[?25h[?25l[1m[96mS[m[32;82H1-28[26;28H[?25h[?25l[1m[96m0[m[32;82H2-29[26;29H[?25h[?25l[26;28H[K[32;82H1-28[26;28H[?25h[?25l[1m[96m)[m[26;18H[1m[96m[46m([m[1m[96mSRC_FILES[m[1m[96m[46m)[m[32;82H2-29[26;29H[?25h[?25l[1;31r[31;1H
[1;32r[26;31r[26;1H[L[1;32r[26;1H[95m        [m[32;78H[K[32;78H36,2-9[8C50%[25;18H[1m[96m(SRC_FILES)[26;9H[?25h[?25l[m[95m        [m[32;81H3-17[26;17H[?25h[?25l[32;79H5,10-17[25;17H[?25h[?25l[32;79H4,1    [24;1H[?25h[?25l[32;79H3,3-17[23;17H[?25h[?25l[32;79H2,12-17[22;17H[?25h[?25l[32;79H1,1    [21;1H[?25h[?25l[32;79H0,7-17[20;17H[?25h[?25l[32;78H29,1   [19;1H[?25h[?25l[32;79H8[18;1H[?25h[?25l[32;79H7,17[17;17H[?25h[?25l[32;79H6[16;17H[?25h[?25l[32;79H5,1 [15;1H[?25h[?25l[32;79H4,9[14;9H[?25h[?25l[32;79H3,17[13;17H[?25h[?25l[32;79H2,12[12;12H[?25h[?25l[32;79H1,16[11;16H[?25h[?25l[32;79H0,10[10;10H[?25h[?25l[32;78H19,13[9;13H[?25h[?25l[32;79H8,9 [8;9H[?25h[?25l[32;79H7,15[7;15H[?25h[?25l[32;79H6,17[6;17H[?25h[?25l[1;31r[1;1H[L[1;32r[1;1H[38;5;224m  [mquadratic.o [38;5;224m\[m[32;78H[K[32;78H15,14[9C45%[6;14H[?25h[?25l[1;31r[1;1H[L[1;32r[1;1H[38;5;224m  [mnlg.o [38;5;224m\[m[32;78H[K[32;78H14,1[10C40%[6;1H[?25h[?25l[1;31r[1;1H[L[1;32r[1;1H[38;5;224m  [mlinear.o [38;5;224m\[m[32;78H[K[32;78H13,9[10C35%[6;9H[?25h[?25l[1;31r[1;1H[L[1;32r[1;1H[38;5;224m  [mlg.o [38;5;224m\[m[32;78H[K[32;78H12,17[9C30%[6;17H[?25h[?25l[1;31r[1;1H[L[1;32r[1;1H[38;5;224m  [mconstant.o [38;5;224m\[m[32;78H[K[32;78H11,12[9C25%[6;12H[?25h[?25l[1;31r[1;1H[L[1;32r[1;1H[38;5;224m  [mfns-compare.o [38;5;224m\[m[32;78H[K[32;78H10,16[9C20%[6;16H[?25h[?25l[1;31r[1;1H[L[1;32r[1;1H[1m[96mOFILES [m= [38;5;224m\[m[32;78H[K[32;78H9,10[10C15%[6;10H[?25h[?25l[1;31r[1;1H[L[1;32r[32;78H[K[32;78H8,13[10C10%[6;13H[?25h[?25l[1;31r[1;1H[L[1;32r[1;1H[1m[96mCXXFLAGS [m= -g -Wall -std=c++17[32;78H[K[32;78H7,9[12C5%[6;9H[?25h[?25l[1;31r[1;1H[L[1;32r[1;1H[1m[96mCXX [m= g++[32;78H[K[32;78H6,15[10CTop[6;15H[?25h[?25l[32;78H5,17[5;17H[?25h[?25l[32;78H4,11[4;11H[?25h[?25l[32;78H3,1 [3;1H[?25h[?25l[32;78H2,17[2;17H[?25h[?25l[32;78H3,1 [3;1H[?25h[?25l[32;78H4,11[4;11H[?25h[?25l[32;78H5,17[5;17H[?25h[?25l[32;78H6,15[6;15H[?25h[?25l[32;78H7,9 [7;9H[?25h[?25l[32;78H8,13[8;13H[?25h[?25l[32;78H9,10[9;10H[?25h[?25l[32;78H10,16[10;16H[?25h[?25l[32;79H1,12[11;12H[?25h[?25l[32;79H2,17[12;17H[?25h[?25l[32;79H3,9 [13;9H[?25h[?25l[32;79H4,1[14;1H[?25h[?25l[32;79H5,14[15;14H[?25h[?25l[32;79H6,17[16;17H[?25h[?25l[32;79H7,15[17;15H[?25h[?25l[32;79H8,9 [18;9H[?25h[?25l[32;79H9,13[19;13H[?25h[?25l[32;78H20,10[20;10H[?25h[?25l[32;79H1,16[21;16H[?25h[?25l[32;79H2,12[22;12H[?25h[?25l[32;79H3,17[23;17H[?25h[?25l[32;79H4,9 [24;9H[?25h[?25l[32;79H5,1[25;1H[?25h[?25l[32;79H6,17[26;17H[?25h[?25l[1;31r[31;1H
[1;32r[31;1H[1m[96m$(TARGET):[m      [1m[96m$(OFILES)[m[32;78H[K[32;78H27,17[10C5%[26;17H[?25h[?25l[1;31r[31;1H
[1;32r[31;1H[95m                [m[1m[96m$(CXX)[m[95m [m[1m[96m$(OFILES)[m[95m -o [m[1m[96m$@[m[32;78H[K[32;78H28,1[10C10%[26;1H[?25h[?25l[1;31r[31;1H
[1;32r[32;78H[K[32;78H29,1[10C15%[26;1H[?25h[?25l[1;31r[31;1H
[1;32r[31;1H[1m[96m$(DIST):[8C$(SRC_FILES)[m[32;78H[K[32;78H30,7-17[7C20%[26;17H[?25h[?25l[1;31r[31;1H
[1;32r[31;1H[95m                [m[32;78H[K[32;78H31,1[10C25%[26;1H[?25h[?25l[1;31r[31;1H
[1;32r[31;1H[1m[96m.phony:[m[9Cclean[32;78H[K[32;78H32,12-17      30%[26;17H[?25h[?25l[1;31r[31;1H
[1;32r[31;1H[1m[96mclean:[m[32;78H[K[32;78H33,3-17[7C35%[26;17H[?25h[?25l[1;31r[31;1H
[1;32r[31;1H[95m                rm -f *~ *.o [m[1m[96m$(TARGET)[m[32;78H[K[32;78H34,1[10C40%[26;1H[?25h[?25l[1;31r[31;1H
[1;32r[32;78H[K[32;78H35,10-17      45%[26;17H[?25h[?25l[1;31r[31;1H
[1;32r[32;78H[K[32;78H36,3-17[7C50%[26;17H[?25h[?25l[95m$[m[32;81H4-18[26;18H[?25h[?25l[1m[96m$([27;8H         clean

                rm -f *~ *.o [m[32;81H5-19[26;19H[?25h[?25l[1m[96mC[m[32;81H6-20[26;20H[?25h[?25l[1m[96mX[m[32;81H7-21[26;21H[?25h[?25l[1m[96mX[m[32;81H8-22[26;22H[?25h[?25l[1m[96m)[m[27;8H         clean

[95m                rm -f *~ *.o [m[1m[96m$(TARGET)[m[26;18H[1m[96m[46m([m[1m[96mCXX[m[1m[96m[46m)[m[32;81H9-23[26;23H[?25h[?25l[95m [m[1m[96m(CXX)[m[95m [m[32;81H10-24[26;24H[?25h[?25l[95m([m[32;82H1-25[26;25H[?25h[?25l[96m#[m[32;82H2-26[26;26H[?25h[?25l[96mS[m[32;82H3-27[26;27H[?25h[?25l[96mR[m[32;82H4-28[26;28H[?25h[?25l[26;27H[K[32;82H3-27[26;27H[?25h[?25l[26;26H[K[32;82H2-26[26;26H[?25h[?25l[26;25H[K[32;82H1-25[26;25H[?25h[?25l[26;24H[K[32;82H0-24[26;24H[?25h[?25l[95m$[m[32;82H1-25[26;25H[?25h[?25l[1m[96m$([27;8H         clean

                rm -f *~ *.o [m[32;82H2-26[26;26H[?25h[?25l[1m[96mS[m[32;82H3-27[26;27H[?25h[?25l[1m[96mR[m[32;82H4-28[26;28H[?25h[?25l[1m[96mC[m[32;82H5-29[26;29H[?25h[?25l[1m[96m_[m[32;82H6-30[26;30H[?25h[?25l[1m[96mF[m[32;82H7-31[26;31H[?25h[?25l[1m[96mI[m[32;82H8-32[26;32H[?25h[?25l[1m[96mL[m[32;82H9-33[26;33H[?25h[?25l[1m[96mE[m[32;81H20-34[26;34H[?25h[?25l[1m[96mS[m[32;82H1-35[26;35H[?25h[?25l[1m[96m)[m[27;8H         clean

[95m                rm -f *~ *.o [m[1m[96m$(TARGET)[m[26;25H[1m[96m[46m([m[1m[96mSRC_FILES[m[1m[96m[46m)[m[32;82H2-36[26;36H[?25h[?25l[95m [m[26;25H[1m[96m(SRC_FILES)[m[95m [m[32;82H3-37[26;37H[?25h[?25l[95m-[m[32;82H4-38[26;38H[?25h[?25l[95mo[m[32;82H5-39[26;39H[?25h[?25l[95m [m[32;82H6-40[26;40H[?25h[?25l[95mt[m[32;82H7-41[26;41H[?25h[?25l[95ma[m[32;82H8-42[26;42H[?25h[?25l[95mr[m[32;82H9-43[26;43H[?25h[?25l[95m [m[32;81H30-44[26;44H[?25h[?25l[95m-[m[32;82H1-45[26;45H[?25h[?25l[95mc[m[32;82H2-46[26;46H[?25h[?25l[95mf[m[32;82H3-47[26;47H[?25h[?25l[95m [m[32;82H4-48[26;48H[?25h[?25l[95mf[m[32;82H5-49[26;49H[?25h[?25l[95mn[m[32;82H6-50[26;50H[?25h[?25l[95ms[m[32;82H7-51[26;51H[?25h[?25l[95m-[m[32;82H8-52[26;52H[?25h[?25l[95mc[m[32;82H9-53[26;53H[?25h[?25l[95mo[m[32;81H40-54[26;54H[?25h[?25l[95mm[m[32;82H1-55[26;55H[?25h[?25l[95mp[m[32;82H2-56[26;56H[?25h[?25l[95ma[m[32;82H3-57[26;57H[?25h[?25l[95mr[m[32;82H4-58[26;58H[?25h[?25l[95me[m[32;82H5-59[26;59H[?25h[?25l[95m.[m[32;82H6-60[26;60H[?25h[?25l[95mt[m[32;82H7-61[26;61H[?25h[?25l[95ma[m[32;82H8-62[26;62H[?25h[?25l[95mr[m[32;82H9-63[26;63H[?25h[?25l[95m [m[32;81H50-64[26;64H[?25h[?25l[1;31r[31;1H
[1;32r[26;31r[26;1H[L[1;32r[26;1H[95m                [m[32;78H[K[32;78H37,3-17[7C52%[26;17H[?25h[32;1H[K[26;1H[?25l[32;68H^[[26;1H[32;68H  [26;17H[26;1H[K[32;78H37,0-1[8C52%[26;1H[?25h[?25l[32;68H:[26;1H[32;68H[K[32;1H:[?2004h[?25hw[?25l[?25hq[?25l[?25h[?25l[?1006l[?1002l[?2004l"Makefile" 52L, 885C written]2;Terminal - ]1;Terminal - [23;2t[23;1t[22;2t[22;1t[23;2t[23;1t
[?2004l[?1l>[?25h[?1049l[23;0;0trgeary1@g7-35:~/i240a/submit/lab1/4-dependencies$ make
make: Nothing to be done for 'all'.
rgeary1@g7-35:~/i240a/submit/lab1/4-dependencies$ gedit MA[Kakefile 

(gedit:19078): Gtk-[1;33mWARNING[0m **: [34m11:25:56.559[0m: Calling org.xfce.Session.Manager.Inhibit failed: GDBus.Error:org.freedesktop.DBus.Error.UnknownMethod: Method "Inhibit" with signature "susu" on interface "org.xfce.Session.Manager" doesn't exist

rgeary1@g7-35:~/i240a/submit/lab1/4-dependencies$ gedit Makefile make[K
make: Nothing to be done for 'all'.
rgeary1@g7-35:~/i240a/submit/lab1/4-dependencies$ ls
constant.cc  cubic.o	     fact.cc	  fns-compare.cc  lg.cc      linear.o  nlg.o
constant.o   exponential.cc  fact.o	  fns-compare.hh  lg.o	     Makefile  quadratic.cc
cubic.cc     exponential.o   fns-compare  fns-compare.o   linear.cc  nlg.cc    quadratic.o
rgeary1@g7-35:~/i240a/submit/lab1/4-dependencies$ gedit MA[Kakefile 

(gedit:19458): Gtk-[1;33mWARNING[0m **: [34m11:28:30.513[0m: Calling org.xfce.Session.Manager.Inhibit failed: GDBus.Error:org.freedesktop.DBus.Error.UnknownMethod: Method "Inhibit" with signature "susu" on interface "org.xfce.Session.Manager" doesn't exist

rgeary1@g7-35:~/i240a/submit/lab1/4-dependencies$ cd ..
rgeary1@g7-35:~/i240a/submit/lab1$ cd 5-auto-dependencies/
rgeary1@g7-35:~/i240a/submit/lab1/5-auto-dependencies$ ls
0-hello			4-dependencies	fact.cc		linear.cc
1-monolithic		constant.cc	fns-compare.cc	Makefile
2-separate-compilation	cubic.cc	fns-compare.hh	nlg.cc
3-makefile		exponential.cc	lg.cc		quadratic.cc
rgeary1@g7-35:~/i240a/submit/lab1/5-auto-dependencies$ gedit Makefile 

(gedit:20153): Gtk-[1;33mWARNING[0m **: [34m11:34:39.610[0m: Calling org.xfce.Session.Manager.Inhibit failed: GDBus.Error:org.freedesktop.DBus.Error.UnknownMethod: Method "Inhibit" with signature "susu" on interface "org.xfce.Session.Manager" doesn't exist

^C
rgeary1@g7-35:~/i240a/submit/lab1/5-auto-dependencies$ make dist
tar -cf fns-compare.tar 
tar: Cowardly refusing to create an empty archive
Try 'tar --help' or 'tar --usage' for more information.
make: *** [Makefile:24: dist] Error 2
rgeary1@g7-35:~/i240a/submit/lab1/5-auto-dependencies$ ls
0-hello			4-dependencies	fact.cc		linear.cc
1-monolithic		constant.cc	fns-compare.cc	Makefile
2-separate-compilation	cubic.cc	fns-compare.hh	nlg.cc
3-makefile		exponential.cc	lg.cc		quadratic.cc
rgeary1@g7-35:~/i240a/submit/lab1/5-auto-dependencies$ lsmake distls[Kmake distgedit Makefile [6Pmake distls[Kmake distgedit Makefile 

(gedit:21046): Gtk-[1;33mWARNING[0m **: [34m11:41:34.474[0m: Calling org.xfce.Session.Manager.Inhibit failed: GDBus.Error:org.freedesktop.DBus.Error.UnknownMethod: Method "Inhibit" with signature "susu" on interface "org.xfce.Session.Manager" doesn't exist

^C
rgeary1@g7-35:~/i240a/submit/lab1/5-auto-dependencies$ gedit Makefile ls[Kmake dist
tar -cf fns-compare.tar linear.cc nlg.cc fact.cc lg.cc cubic.cc exponential.cc fns-compare.cc constant.cc quadratic.cc fns-compare.hh Makefile
rgeary1@g7-35:~/i240a/submit/lab1/5-auto-dependencies$ ls
0-hello			4-dependencies	fact.cc		 lg.cc	    quadratic.cc
1-monolithic		constant.cc	fns-compare.cc	 linear.cc
2-separate-compilation	cubic.cc	fns-compare.hh	 Makefile
3-makefile		exponential.cc	fns-compare.tar  nlg.cc
rgeary1@g7-35:~/i240a/submit/lab1/5-auto-dependencies$ mkdri[K[Kir temp
rgeary1@g7-35:~/i240a/submit/lab1/5-auto-dependencies$ mv fin[K[Kns-compare.tar temp/
rgeary1@g7-35:~/i240a/submit/lab1/5-auto-dependencies$ ls
0-hello			4-dependencies	fact.cc		linear.cc     temp
1-monolithic		constant.cc	fns-compare.cc	Makefile
2-separate-compilation	cubic.cc	fns-compare.hh	nlg.cc
3-makefile		exponential.cc	lg.cc		quadratic.cc
rgeary1@g7-35:~/i240a/submit/lab1/5-auto-dependencies$ cd temp
rgeary1@g7-35:~/i240a/submit/lab1/5-auto-dependencies/temp$ ls
fns-compare.tar
rgeary1@g7-35:~/i240a/submit/lab1/5-auto-dependencies/temp$ tar -xvf fns-compare.tar 
linear.cc
nlg.cc
fact.cc
lg.cc
cubic.cc
exponential.cc
fns-compare.cc
constant.cc
quadratic.cc
fns-compare.hh
Makefile
rgeary1@g7-35:~/i240a/submit/lab1/5-auto-dependencies/temp$ ls
constant.cc  exponential.cc  fns-compare.cc  fns-compare.tar  linear.cc  nlg.cc
cubic.cc     fact.cc	     fns-compare.hh  lg.cc	      Makefile	 quadratic.cc
rgeary1@g7-35:~/i240a/submit/lab1/5-auto-dependencies/temp$ make
g++ -MT linear.o -MMD -MP -MF .deps/linear.d -g -Wall -std=c++17 -c linear.cc
g++ -MT fact.o -MMD -MP -MF .deps/fact.d -g -Wall -std=c++17 -c fact.cc
g++ -MT nlg.o -MMD -MP -MF .deps/nlg.d -g -Wall -std=c++17 -c nlg.cc
g++ -MT cubic.o -MMD -MP -MF .deps/cubic.d -g -Wall -std=c++17 -c cubic.cc
g++ -MT exponential.o -MMD -MP -MF .deps/exponential.d -g -Wall -std=c++17 -c exponential.cc
g++ -MT fns-compare.o -MMD -MP -MF .deps/fns-compare.d -g -Wall -std=c++17 -c fns-compare.cc
g++ -MT constant.o -MMD -MP -MF .deps/constant.d -g -Wall -std=c++17 -c constant.cc
g++ -MT quadratic.o -MMD -MP -MF .deps/quadratic.d -g -Wall -std=c++17 -c quadratic.cc
g++ -MT lg.o -MMD -MP -MF .deps/lg.d -g -Wall -std=c++17 -c lg.cc
g++ linear.o fact.o nlg.o cubic.o exponential.o fns-compare.o constant.o quadratic.o lg.o -o fns-compare
rgeary1@g7-35:~/i240a/submit/lab1/5-auto-dependencies/temp$ ./t[K
.deps/       fns-compare  
rgeary1@g7-35:~/i240a/submit/lab1/5-auto-dependencies/temp$ ./fns-compare 
    n   linear     fact     n lg    cubic     expn constant    quadr     log2
    1    1e+05        1        0    1e+02       20    1e+07    1e+03        0
   10    1e+06  3.6e+06  3.3e+05    1e+05    1e+04    1e+07    1e+05  3.3e+06
  100    1e+07 9.3e+157  6.6e+06    1e+08  1.3e+31    1e+07    1e+07  6.6e+06
 1000    1e+08      inf    1e+08    1e+11 1.1e+302    1e+07    1e+09    1e+07
10000    1e+09      inf  1.3e+09    1e+14      inf    1e+07    1e+11  1.3e+07
rgeary1@g7-35:~/i240a/submit/lab1/5-auto-dependencies/temp$ cd ../
rgeary1@g7-35:~/i240a/submit/lab1/5-auto-dependencies$ cd[K[Ks[Kls
0-hello			4-dependencies	fact.cc		linear.cc     temp
1-monolithic		constant.cc	fns-compare.cc	Makefile
2-separate-compilation	cubic.cc	fns-compare.hh	nlg.cc
3-makefile		exponential.cc	lg.cc		quadratic.cc
rgeary1@g7-35:~/i240a/submit/lab1/5-auto-dependencies$ rm -rf t[Kfns-compare.t[K[K[K[K[K[K[K[K[K[K[K[K[Ktemp
rgeary1@g7-35:~/i240a/submit/lab1/5-auto-dependencies$ lss[K
0-hello			4-dependencies	fact.cc		linear.cc
1-monolithic		constant.cc	fns-compare.cc	Makefile
2-separate-compilation	cubic.cc	fns-compare.hh	nlg.cc
3-makefile		exponential.cc	lg.cc		quadratic.cc
rgeary1@g7-35:~/i240a/submit/lab1/5-auto-dependencies$ make dist
tar -cf fns-compare.tar linear.cc nlg.cc fact.cc lg.cc cubic.cc exponential.cc fns-compare.cc constant.cc quadratic.cc fns-compare.hh Makefile
rgeary1@g7-35:~/i240a/submit/lab1/5-auto-dependencies$ md[Kkdir temp
rgeary1@g7-35:~/i240a/submit/lab1/5-auto-dependencies$ mv fns-compare.tar temp
rgeary1@g7-35:~/i240a/submit/lab1/5-auto-dependencies$ cd temp
rgeary1@g7-35:~/i240a/submit/lab1/5-auto-dependencies/temp$ ls
fns-compare.tar
rgeary1@g7-35:~/i240a/submit/lab1/5-auto-dependencies/temp$ tar -xvf
tar: option requires an argument -- 'f'
Try 'tar --help' or 'tar --usage' for more information.
rgeary1@g7-35:~/i240a/submit/lab1/5-auto-dependencies/temp$ tar -xvf fns-compare.tar 
linear.cc
nlg.cc
fact.cc
lg.cc
cubic.cc
exponential.cc
fns-compare.cc
constant.cc
quadratic.cc
fns-compare.hh
Makefile
rgeary1@g7-35:~/i240a/submit/lab1/5-auto-dependencies/temp$ ls
constant.cc  exponential.cc  fns-compare.cc  fns-compare.tar  linear.cc  nlg.cc
cubic.cc     fact.cc	     fns-compare.hh  lg.cc	      Makefile	 quadratic.cc
rgeary1@g7-35:~/i240a/submit/lab1/5-auto-dependencies/temp$ make
g++ -MT linear.o -MMD -MP -MF .deps/linear.d -g -Wall -std=c++17 -c linear.cc
g++ -MT fact.o -MMD -MP -MF .deps/fact.d -g -Wall -std=c++17 -c fact.cc
g++ -MT nlg.o -MMD -MP -MF .deps/nlg.d -g -Wall -std=c++17 -c nlg.cc
g++ -MT cubic.o -MMD -MP -MF .deps/cubic.d -g -Wall -std=c++17 -c cubic.cc
g++ -MT exponential.o -MMD -MP -MF .deps/exponential.d -g -Wall -std=c++17 -c exponential.cc
g++ -MT fns-compare.o -MMD -MP -MF .deps/fns-compare.d -g -Wall -std=c++17 -c fns-compare.cc
g++ -MT constant.o -MMD -MP -MF .deps/constant.d -g -Wall -std=c++17 -c constant.cc
g++ -MT quadratic.o -MMD -MP -MF .deps/quadratic.d -g -Wall -std=c++17 -c quadratic.cc
g++ -MT lg.o -MMD -MP -MF .deps/lg.d -g -Wall -std=c++17 -c lg.cc
g++ linear.o fact.o nlg.o cubic.o exponential.o fns-compare.o constant.o quadratic.o lg.o -o fns-compare
rgeary1@g7-35:~/i240a/submit/lab1/5-auto-dependencies/temp$ ./ [Kfns-compare 
    n   linear     fact     n lg    cubic     expn constant    quadr     log2
    1    1e+05        1        0    1e+02       20    1e+07    1e+03        0
   10    1e+06  3.6e+06  3.3e+05    1e+05    1e+04    1e+07    1e+05  3.3e+06
  100    1e+07 9.3e+157  6.6e+06    1e+08  1.3e+31    1e+07    1e+07  6.6e+06
 1000    1e+08      inf    1e+08    1e+11 1.1e+302    1e+07    1e+09    1e+07
10000    1e+09      inf  1.3e+09    1e+14      inf    1e+07    1e+11  1.3e+07
rgeary1@g7-35:~/i240a/submit/lab1/5-auto-dependencies/temp$ cd ..
rgeary1@g7-35:~/i240a/submit/lab1/5-auto-dependencies$ rm -rf temp
rgeary1@g7-35:~/i240a/submit/lab1/5-auto-dependencies$ ls
0-hello			4-dependencies	fact.cc		linear.cc
1-monolithic		constant.cc	fns-compare.cc	Makefile
2-separate-compilation	cubic.cc	fns-compare.hh	nlg.cc
3-makefile		exponential.cc	lg.cc		quadratic.cc
rgeary1@g7-35:~/i240a/submit/lab1/5-auto-dependencies$ make [K[K[K[K[Kmake
g++ -MT linear.o -MMD -MP -MF .deps/linear.d -g -Wall -std=c++17 -c linear.cc
g++ -MT nlg.o -MMD -MP -MF .deps/nlg.d -g -Wall -std=c++17 -c nlg.cc
g++ -MT fact.o -MMD -MP -MF .deps/fact.d -g -Wall -std=c++17 -c fact.cc
g++ -MT lg.o -MMD -MP -MF .deps/lg.d -g -Wall -std=c++17 -c lg.cc
g++ -MT cubic.o -MMD -MP -MF .deps/cubic.d -g -Wall -std=c++17 -c cubic.cc
g++ -MT exponential.o -MMD -MP -MF .deps/exponential.d -g -Wall -std=c++17 -c exponential.cc
g++ -MT fns-compare.o -MMD -MP -MF .deps/fns-compare.d -g -Wall -std=c++17 -c fns-compare.cc
g++ -MT constant.o -MMD -MP -MF .deps/constant.d -g -Wall -std=c++17 -c constant.cc
g++ -MT quadratic.o -MMD -MP -MF .deps/quadratic.d -g -Wall -std=c++17 -c quadratic.cc
g++ linear.o nlg.o fact.o lg.o cubic.o exponential.o fns-compare.o constant.o quadratic.o -o fns-compare
rgeary1@g7-35:~/i240a/submit/lab1/5-auto-dependencies$ ls
0-hello			constant.o	fact.o		lg.o	   quadratic.cc
1-monolithic		cubic.cc	fns-compare	linear.cc  quadratic.o
2-separate-compilation	cubic.o		fns-compare.cc	linear.o
3-makefile		exponential.cc	fns-compare.hh	Makefile
4-dependencies		exponential.o	fns-compare.o	nlg.cc
constant.cc		fact.cc		lg.cc		nlg.o
rgeary1@g7-35:~/i240a/submit/lab1/5-auto-dependencies$ exit

Script done on 2020-01-30 11:46:57-05:00 [COMMAND_EXIT_CODE="0"]
