Script started on 2020-04-02 18:56:31-04:00 [TERM="xterm" TTY="/dev/pts/10" COLUMNS="93" LINES="51"]
rgeary1@remote03:~/i240a/submit/lab9$ for x in 'seq 100 [K -20 0'; x > descending.day[Kt; done
bash: syntax error near unexpected token `x'
rgeary1@remote03:~/i240a/submit/lab9$ for x in 'seq 100 -20 0'; x > descending.dat; done[1@>
bash: syntax error near unexpected token `x'
rgeary1@remote03:~/i240a/submit/lab9$ for x in 'seq 100 -20 0'; x >> descending.dat; done[1@d[1@o[C[1@ [1P
bash: x: command not found
rgeary1@remote03:~/i240a/submit/lab9$ for x in 'seq 100 -20 0';do x >> descending.dat; done[1P
bash: x: command not found
rgeary1@remote03:~/i240a/submit/lab9$ for x in 'seq 100 -20 0';do x > descending.dat; done[C[C[1@e[1@chx > descending.dat; done [A[C[C[C[C[C[C[C[C[C[C[C[C[C[C[C[C[C[C[C[C[C[C[C[C[C[C[C[C[C[C[C[C[C[C[C[C[C[C[C[C[C[C[C[C[C[C[C[C[C[C[C[C[C[C[C[C[C[C[C[C[C[C[C[C[C[C[C[Cox > descending.dat; done[A[C[C[C[C[C[C[C[C[C[C[C[C[C[C[C[C[C[C[C[C[C[C[C[C[C[C[C[C[C[C[C[C[C[C[C[C[C[C[C[C[C[C[C[C[C[C[C[C[C[C[C[C[C[C[C[C[C[C[C[C[C[C[C[C[C[C[C[C[C x > descending.dat; done[A[C[C[C[C[C[C[C[C[C[C[C[C[C[C[C[C[C[C[C[C[C[C[C[C[C[C[C[C[C[C[C[C[C[C[C[C[C[C[C[C[C[C[C[C[C[C[C[C[C[C[C[C[C[C[C[C[C[C[C[C[C[C[C[C[C[C[C[C[C

rgeary1@remote03:~/i240a/submit/lab9$ vim a[Kdescending.dat 
[?1000h[?2004h[?1049h[22;0;0t[?1h=[?2004h[1;51r[?12h[?12l[22;2t[22;1t[27m[23m[29m[m[H[2J[?25l[51;1H"descending.dat" 1L, 2C[2;1Hâ–½[6n[2;1H  [1;1H[>c]10;?]11;?[1;1Hx
[1m[34m~                                                                                            [3;1H~                                                                                            [4;1H~                                                                                            [5;1H~                                                                                            [6;1H~                                                                                            [7;1H~                                                                                            [8;1H~                                                                                            [9;1H~                                                                                            [10;1H~                                                                                            [11;1H~                                                                                            [12;1H~                                                                                            [13;1H~                                                                                            [14;1H~                                                                                            [15;1H~                                                                                            [16;1H~                                                                                            [17;1H~                                                                                            [18;1H~                                                                                            [19;1H~                                                                                            [20;1H~                                                                                            [21;1H~                                                                                            [22;1H~                                                                                            [23;1H~                                                                                            [24;1H~                                                                                            [25;1H~                                                                                            [26;1H~                                                                                            [27;1H~                                                                                            [28;1H~                                                                                            [29;1H~                                                                                            [30;1H~                                                                                            [31;1H~                                                                                            [32;1H~                                                                                            [33;1H~                                                                                            [34;1H~                                                                                            [35;1H~                                                                                            [36;1H~                                                                                            [37;1H~                                                                                            [38;1H~                                                                                            [39;1H~                                                                                            [40;1H~                                                                                            [41;1H~                                                                                            [42;1H~                                                                                            [43;1H~                                                                                            [44;1H~                                                                                            [45;1H~                                                                                            [46;1H~                                                                                            [47;1H~                                                                                            [48;1H~                                                                                            [49;1H~                                                                                            [50;1H~                                                                                            [m[51;76H1,1[11CAll[1;1H[?25h[?1000l[?1002h[?25l[51;66H^[[1;1H[51;66H  [1;1H[51;66H^[[1;1H[51;66H  [1;1H[?25h[?25l[51;66H:[1;1H[51;1H[K[51;1H:[?2004h[?25hw[?25l[?25hq[?25l[?25h[?25l[?1002l[?2004l"descending.dat" 1L, 2C written[23;2t[23;1t[22;2t[22;1t[23;2t[23;1t
[?2004l[?1l>[?25h[?1049l[23;0;0trgeary1@remote03:~/i240a/submit/lab9$ rm -f descending.dat 
rgeary1@remote03:~/i240a/submit/lab9$ rm -f descending.dat [2Pvim[C[C[C[C[C[C[C[C[C[C[C[C[C[C[C[Cfor x in 'seq 100 -20 0';do echo x > descending.dat; done[A[C[C[C[C[C[C[C[C[C[C[C[C[C[C[C[C[C[C[C[C[C[C[C[C[C[C[C[C[C[C[C[C[C[C[C[C[C[C[C[C[C[C[C[C[C[C[C[C[C[C[C[C[C[C[C[C[C[C[C[C[C[C[C[C[C[C[C[C[C[C[C[C[C[C[C[C[C[C[C[C[C[C[C[C[C[C[C[C[C[C[C[C$x > descending.dat; done[A[C[C[C[C[C[C[C[C[C[C[C[C[C[C[C[C[C[C[C[C[C[C[C[C[C[C[C[C[C[C[C[C[C[C[C[C[C[C[C[C[C[C[C[C[C[C[C[C[C[C[C[C[C[C[C[C[C[C[C[C[C[C[C[C[C[C[C[C[C

rgeary1@remote03:~/i240a/submit/lab9$ for x in 'seq 100 -20 0';do echo $x > descending.dat; done[A[C[C[C[C[C[C[C[C[C[C[C[C[C[C[C[C[C[C[C[C[C[C[C[C[C[C[C[C[C[C[C[C[C[C[C[34Prm -f descending.dat 
[K[A[C[C[C[C[C[C[C[C[C[C[C[C[C[C[C[C[C[C[C[C[C[C[C[C[C[C[C[C[C[C[C[C[C[C[C[C[C[C[C[C[C[C[C[C[C[C[C[C[C[C[C[C[C[C[C[C[C[C[C[2Pvim[C[C[C[C[C[C[C[C[C[C[C[C[C[C[C[C
[?1000h[?2004h[?1049h[22;0;0t[?1h=[?2004h[1;51r[?12h[?12l[22;2t[22;1t[27m[23m[29m[m[H[2J[?25l[51;1H"descending.dat" 1L, 14C[2;1Hâ–½[6n[2;1H  [1;1H[>c]10;?]11;?[1;1Hseq 100 -20 0
[1m[34m~                                                                                            [3;1H~                                                                                            [4;1H~                                                                                            [5;1H~                                                                                            [6;1H~                                                                                            [7;1H~                                                                                            [8;1H~                                                                                            [9;1H~                                                                                            [10;1H~                                                                                            [11;1H~                                                                                            [12;1H~                                                                                            [13;1H~                                                                                            [14;1H~                                                                                            [15;1H~                                                                                            [16;1H~                                                                                            [17;1H~                                                                                            [18;1H~                                                                                            [19;1H~                                                                                            [20;1H~                                                                                            [21;1H~                                                                                            [22;1H~                                                                                            [23;1H~                                                                                            [24;1H~                                                                                            [25;1H~                                                                                            [26;1H~                                                                                            [27;1H~                                                                                            [28;1H~                                                                                            [29;1H~                                                                                            [30;1H~                                                                                            [31;1H~                                                                                            [32;1H~                                                                                            [33;1H~                                                                                            [34;1H~                                                                                            [35;1H~                                                                                            [36;1H~                                                                                            [37;1H~                                                                                            [38;1H~                                                                                            [39;1H~                                                                                            [40;1H~                                                                                            [41;1H~                                                                                            [42;1H~                                                                                            [43;1H~                                                                                            [44;1H~                                                                                            [45;1H~                                                                                            [46;1H~                                                                                            [47;1H~                                                                                            [48;1H~                                                                                            [49;1H~                                                                                            [50;1H~                                                                                            [m[51;76H1,1[11CAll[1;1H[?25h[?1000l[?1002h[?25l[51;66H~@k[1;1H[51;66H   [1;1H[?25h[?25l[51;66H~@k[1;1H[51;66H   [1;2H[51;78H2[1;2H[?25h[?25l[51;66H~@k[1;2H[51;66H   [1;3H[51;78H3[1;3H[?25h[?25l[51;66H~@k[1;3H[51;66H   [1;4H[51;78H4[1;4H[?25h[?25l[51;66H~@k[1;4H[51;66H   [1;5H[51;78H5[1;5H[?25h[?25l[51;66H~@k[1;5H[51;66H   [1;6H[51;78H6[1;6H[?25h[?25l[51;66H~@k[1;6H[51;66H   [1;6H[?25h[?25l[51;66H^[[1;6H[51;66H  [1;6H[51;66H^[[1;6H[51;66H  [1;6H[?25h[?25l[51;66H^[[1;6H[51;66H  [1;6H[51;66H^[[1;6H[51;66H  [1;6H[?25h[?25l[51;66H~@k[1;6H[51;66H   [1;6H[?25h[?25l[51;66H~@k[1;6H[51;66H   [1;6H[?25h[?25l[51;66H~@k[1;6H[51;66H   [1;5H[51;78H5[1;5H[?25h[?25l[51;66H~@k[1;5H[51;66H   [1;4H[51;78H4[1;4H[?25h[?25l[51;66H~@k[1;4H[51;66H   [1;3H[51;78H3[1;3H[?25h[?25l[51;66H:[1;3H[51;1H[K[51;1H:[?2004h[?25hw[?25l[?25hq[?25l[?25h[?25l[?1002l[?2004l"descending.dat" 1L, 14C written[23;2t[23;1t[22;2t[22;1t[23;2t[23;1t
[?2004l[?1l>[?25h[?1049l[23;0;0trgeary1@remote03:~/i240a/submit/lab9$ vim descending.dat for x in 'seq 100 -20 0';do echo $x > descending.dat; done[A[C[C[C[C[C[C[C[C[C[C[C[C[C[C[C[C[C[C[C[C[C[C[C[C[C[C[C[C[C[C[C[C[C[C[C[34Prm -f descending.dat 
[K[A[C[C[C[C[C[C[C[C[C[C[C[C[C[C[C[C[C[C[C[C[C[C[C[C[C[C[C[C[C[C[C[C[C[C[C[C[C[C[C[C[C[C[C[C[C[C[C[C[C[C[C[C[C[C[C[C[C[C[C
rgeary1@remote03:~/i240a/submit/lab9$ rm -f descending.dat [2Pvim[C[C[C[C[C[C[C[C[C[C[C[C[C[C[C[Cfor x in 'seq 100 -20 0';do echo $x > descending.dat; done[A[C[C[C[C[C[C[C[C[C[C[C[C[C[C[C[C[C[C[C[C[C[C[C[C[C[C[C[C[C[C[C[C[C[C[C[C[C[C[C[C[C[C[C[C[C[C[C[C[C[C[C[C[C[C[C[C[C[C[C[C[C[C[C[C[C[C[C[C[C[C[C[C[C[C[C[C[C[C[C[C[C[C[C[C[C[C[C[C[C[C[C[C[C[Cseq 100 -20 0';do echo $x > descending.dat; don[1Pe[A[C[C[C[C[C[C[C[C[C[C[C[C[C[C[C[C[C[C[C[C[C[C[C[C[C[C[C[C[C[C[C[C[C[C[C[C[C[C[C[C[C[C[C[C[C`seq 100 -20 0';do echo $x > descending.dat; done[A[C[C[C[C[C[C[C[C[C[C[C[C[C[C[C[C[C[C[C[C[C[C[C[C[C[C[C[C[C[C[C[C[C[C[C[C[C[C[C[C[C[C[C[C[C[C[C[C[C[C[C[C[C[C[C[C[C[C[C;do echo $x > descending.dat; don[1Pe[A[C[C[C[C[C[C[C[C[C[C[C[C[C[C[C[C[C[C[C[C[C[C[C[C[C[C[C[C[C[C[C[C[C[C[C[C[C[C[C[C[C[C[C[C[C[C[C[C[C[C[C[C[C[C[C[C[C[C[C`;do echo $x > descending.dat; done[A[C[C[C[C[C[C[C[C[C[C[C[C[C[C[C[C[C[C[C[C[C[C[C[C[C[C[C[C[C[C[C[C[C[C[C[C[C[C[C[C[C[C[C[C[C[C[C[C[C[C[C[C[C[C[C[C[C[C[C

rgeary1@remote03:~/i240a/submit/lab9$ v[Kfor x in `seq 100 -20 0`;do echo $x > descending.dat; done[A[C[C[C[C[C[C[C[C[C[C[C[C[C[C[C[C[C[C[C[C[C[C[C[C[C[C[C[C[C[C[C[C[C[C[C[34Prm -f descending.dat 
[K[A[C[C[C[C[C[C[C[C[C[C[C[C[C[C[C[C[C[C[C[C[C[C[C[C[C[C[C[C[C[C[C[C[C[C[C[C[C[C[C[C[C[C[C[C[C[C[C[C[C[C[C[C[C[C[C[C[C[C[C[2Pvim[C[C[C[C[C[C[C[C[C[C[C[C[C[C[C[C
[?1000h[?2004h[?1049h[22;0;0t[?1h=[?2004h[1;51r[?12h[?12l[22;2t[22;1t[27m[23m[29m[m[H[2J[?25l[51;1H"descending.dat" 1L, 2C[2;1Hâ–½[6n[2;1H  [1;1H[>c]10;?]11;?[1;1H0
[1m[34m~                                                                                            [3;1H~                                                                                            [4;1H~                                                                                            [5;1H~                                                                                            [6;1H~                                                                                            [7;1H~                                                                                            [8;1H~                                                                                            [9;1H~                                                                                            [10;1H~                                                                                            [11;1H~                                                                                            [12;1H~                                                                                            [13;1H~                                                                                            [14;1H~                                                                                            [15;1H~                                                                                            [16;1H~                                                                                            [17;1H~                                                                                            [18;1H~                                                                                            [19;1H~                                                                                            [20;1H~                                                                                            [21;1H~                                                                                            [22;1H~                                                                                            [23;1H~                                                                                            [24;1H~                                                                                            [25;1H~                                                                                            [26;1H~                                                                                            [27;1H~                                                                                            [28;1H~                                                                                            [29;1H~                                                                                            [30;1H~                                                                                            [31;1H~                                                                                            [32;1H~                                                                                            [33;1H~                                                                                            [34;1H~                                                                                            [35;1H~                                                                                            [36;1H~                                                                                            [37;1H~                                                                                            [38;1H~                                                                                            [39;1H~                                                                                            [40;1H~                                                                                            [41;1H~                                                                                            [42;1H~                                                                                            [43;1H~                                                                                            [44;1H~                                                                                            [45;1H~                                                                                            [46;1H~                                                                                            [47;1H~                                                                                            [48;1H~                                                                                            [49;1H~                                                                                            [50;1H~                                                                                            [m[51;76H1,1[11CAll[1;1H[?25h[?1000l[?1002h[?25l[51;66H~@k[1;1H[51;66H   [1;1H[?25h[?25l[51;66H~@k[1;1H[51;66H   [1;1H[?25h[?25l[?25h[?25l[?25h[?25l[?25h[?25l[?25h[?25l[?25h[?25l[?25h[?25l[51;66H:[1;1H[51;1H[K[51;1H:[?2004h[?25hw[?25l[?25hq[?25l[?25h[?25l[?1002l[?2004l"descending.dat" 1L, 2C written[23;2t[23;1t[22;2t[22;1t[23;2t[23;1t
[?2004l[?1l>[?25h[?1049l[23;0;0trgeary1@remote03:~/i240a/submit/lab9$ vim descending.dat for x in `seq 100 -20 0`;do echo $x > descending.dat; done[A[C[C[C[C[C[C[C[C[C[C[C[C[C[C[C[C[C[C[C[C[C[C[C[C[C[C[C[C[C[C[C[C[C[C[C[34Prm -f descending.dat 
[K[A[C[C[C[C[C[C[C[C[C[C[C[C[C[C[C[C[C[C[C[C[C[C[C[C[C[C[C[C[C[C[C[C[C[C[C[C[C[C[C[C[C[C[C[C[C[C[C[C[C[C[C[C[C[C[C[C[C[C[Cfor x in `seq 100 -20 0`;do echo $x > descending.dat; done[A[C[C[C[C[C[C[C[C[C[C[C[C[C[C[C[C[C[C[C[C[C[C[C[C[C[C[C[C[C[C[C[C[C[C[C[C[C[C[C[C[C[C[C[C[C[C[C[C[C[C[C[C[C[C[C[C[C[C[C[C[C[C[C[C[C[C[C[C[C[C[C[C[C[C[C[C[C[C[C[C[C[C[C[C[C[C[C[C[C[C[C[C[C> descending.dat; done[A[C[C[C[C[C[C[C[C[C[C[C[C[C[C[C[C[C[C[C[C[C[C[C[C[C[C[C[C[C[C[C[C[C[C[C[C[C[C[C[C[C[C[C[C[C[C[C[C[C[C[C[C[C[C[C[C[C[C[C[C[C[C[C[C[C[C[C[C[C[C[C[C

rgeary1@remote03:~/i240a/submit/lab9$ ls
descending.dat	exercises  lab9.LOG
rgeary1@remote03:~/i240a/submit/lab9$ vim descending.dat 
[?1000h[?2004h[?1049h[22;0;0t[?1h=[?2004h[1;51r[?12h[?12l[22;2t[22;1t[27m[23m[29m[m[H[2J[?25l[51;1H"descending.dat" 7L, 20C[2;1Hâ–½[6n[2;1H  [1;1H[>c]10;?]11;?[1;1H0
100
80
60
40
20
0
[1m[34m~                                                                                            [9;1H~                                                                                            [10;1H~                                                                                            [11;1H~                                                                                            [12;1H~                                                                                            [13;1H~                                                                                            [14;1H~                                                                                            [15;1H~                                                                                            [16;1H~                                                                                            [17;1H~                                                                                            [18;1H~                                                                                            [19;1H~                                                                                            [20;1H~                                                                                            [21;1H~                                                                                            [22;1H~                                                                                            [23;1H~                                                                                            [24;1H~                                                                                            [25;1H~                                                                                            [26;1H~                                                                                            [27;1H~                                                                                            [28;1H~                                                                                            [29;1H~                                                                                            [30;1H~                                                                                            [31;1H~                                                                                            [32;1H~                                                                                            [33;1H~                                                                                            [34;1H~                                                                                            [35;1H~                                                                                            [36;1H~                                                                                            [37;1H~                                                                                            [38;1H~                                                                                            [39;1H~                                                                                            [40;1H~                                                                                            [41;1H~                                                                                            [42;1H~                                                                                            [43;1H~                                                                                            [44;1H~                                                                                            [45;1H~                                                                                            [46;1H~                                                                                            [47;1H~                                                                                            [48;1H~                                                                                            [49;1H~                                                                                            [50;1H~                                                                                            [m[51;76H1,1[11CAll[1;1H[?25h[?1000l[?1002h[?25l[51;66H^[[1;1H[51;66H  [1;1H[51;66H^[[1;1H[51;66H  [1;1H[?25h[?25l[51;66H:[1;1H[51;1H[K[51;1H:[?2004h[?25hw[?25l[?25hq[?25l[?25h[?25l[?1002l[?2004l"descending.dat" 7L, 20C written[23;2t[23;1t[22;2t[22;1t[23;2t[23;1t
[?2004l[?1l>[?25h[?1049l[23;0;0trgeary1@remote03:~/i240a/submit/lab9$ vim descending.dat ls[Kfor x in `seq 100 -20 0`;do echo $x >> descending.dat; done[A[C[C[C[C[C[C[C[C[C[C[C[C[C[C[C[C[C[C[C[C[C[C[C[C[C[C[C[C[C[C[C[C[C[C[36Pvim descending.dat
[K[A[C[C[C[C[C[C[C[C[C[C[C[C[C[C[C[C[C[C[C[C[C[C[C[C[C[C[C[C[C[C[C[C[C[C[C[C[C[C[C[C[C[C[C[C[C[C[C[C[C[C[C[C[C[C[C[C[Cfor x in `seq 100 -20 0`;do echo $x > descending.dat; done[A[C[C[C[C[C[C[C[C[C[C[C[C[C[C[C[C[C[C[C[C[C[C[C[C[C[C[C[C[C[C[C[C[C[C[C[34Prm -f descending.dat 
[K[A[C[C[C[C[C[C[C[C[C[C[C[C[C[C[C[C[C[C[C[C[C[C[C[C[C[C[C[C[C[C[C[C[C[C[C[C[C[C[C[C[C[C[C[C[C[C[C[C[C[C[C[C[C[C[C[C[C[C[C
rgeary1@remote03:~/i240a/submit/lab9$ rm -f descending.dat [2Pvim[C[C[C[C[C[C[C[C[C[C[C[C[C[C[C[Cls[Kfor x in `seq 100 -20 0`;do echo $x >> descending.dat; done[A[C[C[C[C[C[C[C[C[C[C[C[C[C[C[C[C[C[C[C[C[C[C[C[C[C[C[C[C[C[C[C[C[C[C[C[C[C[C[C[C[C[C[C[C[C[C[C[C[C[C[C[C[C[C[C[C[C[C[C[C[C[C[C[C[C[C[C[C[C[C[C[C[C[C[C[C[C[C[C[C[C[C[C[C[C[C[C[C[C[C[C[C[C[C[C0 -20 0`;do echo $x >> descending.dat; done[A[C[C[C[C[C[C[C[C[C[C[C[C[C[C[C[C[C[C[C[C[C[C[C[C[C[C[C[C[C[C[C[C[C[C[C[C[C[C[C[C[C[C[C[C[C[C[C[C[C[C[C0 -20 0`;do echo $x >> descending.dat; done[A[C[C[C[C[C[C[C[C[C[C[C[C[C[C[C[C[C[C[C[C[C[C[C[C[C[C[C[C[C[C[C[C[C[C[C[C[C[C[C[C[C[C[C[C[C[C[C[C[C[C[C0 -20 0`;do echo $x >> descending.dat; done[A[C[C[C[C[C[C[C[C[C[C[C[C[C[C[C[C[C[C[C[C[C[C[C[C[C[C[C[C[C[C[C[C[C[C[C[C[C[C[C[C[C[C[C[C[C[C[C[C[C[C[C[C[C[C[C

^[[D^[[D^[[A^[[A^[^[[A
rgeary1@remote03:~/i240a/submit/lab9$ for x in `seq 100000 -20 0`;do echo $x >> descending.dat; done[A[C[C[C[C[C[C[C[C[C[C[C[C[C[C[C[C[C[C[C[C[C[C[C[C[C[C[C[C[C[C[C[34Prm -f descending.dat 
[K[A[C[C[C[C[C[C[C[C[C[C[C[C[C[C[C[C[C[C[C[C[C[C[C[C[C[C[C[C[C[C[C[C[C[C[C[C[C[C[C[C[C[C[C[C[C[C[C[C[C[C[C[C[C[C[C[C[C[C[C[A
rgeary1@remote03:~/i240a/submit/lab9$ rm -f descending.dat [Afor x in `seq 100000 -20 0`;do echo $x >> descending.dat; done[A[C[C[C[C[C[C[C[C[C[C[C[C[C[C[C[C[C[C[C[C[C[C[C[C[C[C[C[C[C[C[C[34Prm -f descending.dat 
[K[A[C[C[C[C[C[C[C[C[C[C[C[C[C[C[C[C[C[C[C[C[C[C[C[C[C[C[C[C[C[C[C[C[C[C[C[C[C[C[C[C[C[C[C[C[C[C[C[C[C[C[C[C[C[C[C[C[C[C[C[2Pvim[C[C[C[C[C[C[C[C[C[C[C[C[C[C[C[Cls[Kvim descending.dat [2@rm -f[C[C[C[C[C[C[C[C[C[C[C[C[C[C[C[Cfor x in `seq 100000 -20 0`;do echo $x >> descending.dat; done[A[C[C[C[C[C[C[C[C[C[C[C[C[C[C[C[C[C[C[C[C[C[C[C[C[C[C[C[C[C[C[C[34Prm -f descending.dat 
[K[A[C[C[C[C[C[C[C[C[C[C[C[C[C[C[C[C[C[C[C[C[C[C[C[C[C[C[C[C[C[C[C[C[C[C[C[C[C[C[C[C[C[C[C[C[C[C[C[C[C[C[C[C[C[C[C[C[C[C[C
rgeary1@remote03:~/i240a/submit/lab9$ rm -f descending.dat [Afor x in `seq 100000 -20 0`;do echo $x >> descending.dat; done[A[C[C[C[C[C[C[C[C[C[C[C[C[C[C[C[C[C[C[C[C[C[C[C[C[C[C[C[C[C[C[C[34Prm -f descending.dat 
[K[A[C[C[C[C[C[C[C[C[C[C[C[C[C[C[C[C[C[C[C[C[C[C[C[C[C[C[C[C[C[C[C[C[C[C[C[C[C[C[C[C[C[C[C[C[C[C[C[C[C[C[C[C[C[C[C[C[C[C[Cfor x in `seq 100000 -20 0`;do echo $x >> descending.dat; done[A[C[C[C[C[C[C[C[C[C[C[C[C[C[C[C[C[C[C[C[C[C[C[C[C[C[C[C[C[C[C[C[C[C[C[C[C[C[C[C[C[C[C[C[C[C[C[C[C[C[C[C[C[C[C[C[C[C[C[C[C[C[C[C[C[C[C[C[C[C[C[C[C[C[C[C[C[C[C[C[C[C[C[C[C[C[C[C[C[C[C[C[C[C 0`;do echo $x >> descending.dat;[1P done[A[C[C[C[C[C[C[C[C[C[C[C[C[C[C[C[C[C[C[C[C[C[C[C[C[C[C[C[C[C[C[C[C[C[C[C[C[C[C[C[C[C[C[C[C[C[C[C[C[C[C[C[C[C[C[C 0`;do echo $x >> descending.dat; [1Pdone[A[C[C[C[C[C[C[C[C[C[C[C[C[C[C[C[C[C[C[C[C[C[C[C[C[C[C[C[C[C[C[C[C[C[C[C[C[C[C[C[C[C[C[C[C[C[C[C[C[C[C[C[C[C[C[C1 0`;do echo $x >> descending.dat; done[A[C[C[C[C[C[C[C[C[C[C[C[C[C[C[C[C[C[C[C[C[C[C[C[C[C[C[C[C[C[C[C[C[C[C[C[C[C[C[C[C[C[C[C[C[C[C[C[C[C[C[C[C[C[C[C


rgeary1@remote03:~/i240a/submit/lab9$ 
rgeary1@remote03:~/i240a/submit/lab9$ vim descending.dat 
[?1000h[?2004h[?1049h[22;0;0t[?1h=[?2004h[1;51r[?12h[?12l[22;2t[22;1t[27m[23m[29m[m[H[2J[?25l[51;1H"descending.dat" 100001L, 588897C[2;1Hâ–½[6n[2;1H  [1;1H[>c]10;?]11;?[1;1H100000
99999
99998
99997
99996
99995
99994
99993
99992
99991
99990
99989
99988
99987
99986
99985
99984
99983
99982
99981
99980
99979
99978
99977
99976
99975
99974
99973
99972
99971
99970
99969
99968
99967
99966
99965
99964
99963
99962
99961
99960
99959
99958
99957
99956
99955
99954
99953
99952
99951[51;76H1,1[11CTop[1;1H[?25h[?1000l[?1002h[?25l[1;50r[1;1H[3M[1;51r[48;1H99950
99949
99948[51;1H[K[51;76H9,1[12C0%[6;1H[?25h[?25l[51;66H^[[6;1H[51;66H  [6;1H[51;66H^[[6;1H[51;66H  [6;1H[?25h[?25l[51;66H:[6;1H[51;66H[K[51;1H:[?2004h[?25hw[?25l[?25hq[?25l[?25h[?25l[?1002l[?2004l"descending.dat" 100001L, 588897C written[23;2t[23;1t[22;2t[22;1t[23;2t[23;1t
[?2004l[?1l>[?25h[?1049l[23;0;0trgeary1@remote03:~/i240a/submit/lab9$ vim descending.dat for x in `seq 100000 -1 0`;do echo $x >> descending.dat; done[A[C[C[C[C[C[C[C[C[C[C[C[C[C[C[C[C[C[C[C[C[C[C[C[C[C[C[C[C[C[C[C[C[C[C[C[C[C[C[C[C[C[C[C[C[C[C[C[C[C[C[C[C[C[C[C[C[C[C[C[C[C[C[C[C[C[C[C[C[C[C[C[C[C[C[C[C[C[C[C[C[C[C[C[C[C[C[C[C[C[C[C[C`;do echo $x >> descending.dat; [1Pdone[A[C[C[C[C[C[C[C[C[C[C[C[C[C[C[C[C[C[C[C[C[C[C[C[C[C[C[C[C[C[C[C[C[C[C[C[C[C[C[C[C[C[C[C[C[C[C[C[C[C[C[C[C[C[C[C[C[C`;do echo $x >> descending.dat; d[1Pone[A[C[C[C[C[C[C[C[C[C[C[C[C[C[C[C[C[C[C[C[C[C[C[C[C[C[C[C[C[C[C[C[C[C[C[C[C[C[C[C[C[C[C[C[C[C[C[C[C[C[C[C[C[C[C[C[C[C`;do echo $x >> descending.dat; do[1Pne[A[C[C[C[C[C[C[C[C[C[C[C[C[C[C[C[C[C[C[C[C[C[C[C[C[C[C[C[C[C[C[C[C[C[C[C[C[C[C[C[C[C[C[C[C[C[C[C[C[C[C[C[C[C[C[C[C[C`;do echo $x >> descending.dat; don[1Pe[A[C[C[C[C[C[C[C[C[C[C[C[C[C[C[C[C[C[C[C[C[C[C[C[C[C[C[C[C[C[C[C[C[C[C[C[C[C[C[C[C[C[C[C[C[C[C[C[C[C[C[C[C[C[C[C[C[C`;do echo $x >> descending.dat; done[K[A[C[C[C[C[C[C[C[C[C[C[C[C[C[C[C[C[C[C[C[C[C[C[C[C[C[C[C[C[C[C[C[C[C[C[C[C[C[C[C[C[C[C[C[C[C[C[C[C[C[C[C[C[C[C[C[C[C`;do echo $x >> descending.dat; done [K[A[C[C[C[C[C[C[C[C[C[C[C[C[C[C[C[C[C[C[C[C[C[C[C[C[C[C[C[C[C[C[C[C[C[C[C[C[C[C[C[C[C[C[C[C[C[C[C[C[C[C[C[C[C[C[C[C[C[1P
[K[A[C[C[C[C[C[C[C[C[C[C[C[C[C[C[C[C[C[C[C[C[C[C[C[C[C[C[C[C[C[C[C[C[C[C[C[C[C[C[C[C[C[C[C[C[C[C[C[C[C[C[C[C[C[C[C[C[1P[1P[1P[1P[1@0[1@ [1@1[1@ 1`;do echo $x >> descending.dat; done [A[C[C[C[C[C[C[C[C[C[C[C[C[C[C[C[C[C[C[C[C[C[C[C[C[C[C[C[C[C[C[C[C[C[C[C[C[C[C[C[C[C[C[C[C[C[C[C[C[C[C[C[C[C[C[C[C0`;do echo $x >> descending.dat; done[A[C[C[C[C[C[C[C[C[C[C[C[C[C[C[C[C[C[C[C[C[C[C[C[C[C[C[C[C[C[C[C[C[C[C[C[C[C[C[C[C[C[C[C[C[C[C[C[C[C[C[C[C[C[C[C[C[C0`;do echo $x >> descending.dat; done[A[C[C[C[C[C[C[C[C[C[C[C[C[C[C[C[C[C[C[C[C[C[C[C[C[C[C[C[C[C[C[C[C[C[C[C[C[C[C[C[C[C[C[C[C[C[C[C[C[C[C[C[C[C[C[C[C[C0`;do echo $x >> descending.dat; done[A[C[C[C[C[C[C[C[C[C[C[C[C[C[C[C[C[C[C[C[C[C[C[C[C[C[C[C[C[C[C[C[C[C[C[C[C[C[C[C[C[C[C[C[C[C[C[C[C[C[C[C[C[C[C[C[C[C0`;do echo $x >> descending.dat; done[A[C[C[C[C[C[C[C[C[C[C[C[C[C[C[C[C[C[C[C[C[C[C[C[C[C[C[C[C[C[C[C[C[C[C[C[C[C[C[C[C[C[C[C[C[C[C[C[C[C[C[C[C[C[C[C[C[C0`;do echo $x >> descending.dat; done[A[C[C[C[C[C[C[C[C[C[C[C[C[C[C[C[C[C[C[C[C[C[C[C[C[C[C[C[C[C[C[C[C[C[C[C[C[C[C[C[C[C[C[C[C[C[C[C[C[C[C[C[C[C[C[C[C[C[C[C[C[C[C[C[C[C[C[C[C[C[C[C[C[C[C[C[Cscending.dat; d[1Pone[A[C[C[C[C[C[C[C[C[C[C[C[C[C[C[C[C[C[C[C[C[C[C[C[C[C[C[C[C[C[C[C[C[C[C[C[C[C[C[C[C[C[C[C[C[C[C[C[C[C[C[C[C[C[C[C[C[C[C[C[C[C[C[C[C[C[C[C[C[C[C[C[C[C[C[Cscending.dat; do[1Pne[A[C[C[C[C[C[C[C[C[C[C[C[C[C[C[C[C[C[C[C[C[C[C[C[C[C[C[C[C[C[C[C[C[C[C[C[C[C[C[C[C[C[C[C[C[C[C[C[C[C[C[C[C[C[C[C[C[C[C[C[C[C[C[C[C[C[C[C[C[C[C[C[C[C[C[Cascending.dat; done[A[C[C[C[C[C[C[C[C[C[C[C[C[C[C[C[C[C[C[C[C[C[C[C[C[C[C[C[C[C[C[C[C[C[C[C[C[C[C[C[C[C[C[C[C[C[C[C[C[C[C[C[C[C[C[C[C[C[C[C[C[C[C[C[C[C[C[C[C[C[C[C[C[C[C[C

rgeary1@remote03:~/i240a/submit/lab9$ for x in `seq 0 1 100000`;do echo $x >> ascending.dat; done[A[C[C[C[C[C[C[C[C[C[C[C[C[C[C[C[C[C[C[C[C[C[C[C[C[C[C[C[C[C[C[C[C[C[C[C[C[C[C[C[C[C[C[C[C[C[C[C[C[C[C[C[C[C[C[C[C[C[C[C[C[C[C[C[C[C[C[C[C[C[C[C[C[C[C[C[C[C[C[C[C[C[C[C[C[C[C[C[C[C[C[C[C >> ascending.dat; do[1Pne[A[C[C[C[C[C[C[C[C[C[C[C[C[C[C[C[C[C[C[C[C[C[C[C[C[C[C[C[C[C[C[C[C[C[C[C[C[C[C[C[C[C[C[C[C[C[C[C[C[C[C[C[C[C[C[C[C[C[C[C[C[C[C[C[C[C[C[C[C[C[CR >> ascending.dat; done[A[C[C[C[C[C[C[C[C[C[C[C[C[C[C[C[C[C[C[C[C[C[C[C[C[C[C[C[C[C[C[C[C[C[C[C[C[C[C[C[C[C[C[C[C[C[C[C[C[C[C[C[C[C[C[C[C[C[C[C[C[C[C[C[C[C[C[C[C[C[CA >> ascending.dat; done[A[C[C[C[C[C[C[C[C[C[C[C[C[C[C[C[C[C[C[C[C[C[C[C[C[C[C[C[C[C[C[C[C[C[C[C[C[C[C[C[C[C[C[C[C[C[C[C[C[C[C[C[C[C[C[C[C[C[C[C[C[C[C[C[C[C[C[C[C[C[CN >> ascending.dat; done[A[C[C[C[C[C[C[C[C[C[C[C[C[C[C[C[C[C[C[C[C[C[C[C[C[C[C[C[C[C[C[C[C[C[C[C[C[C[C[C[C[C[C[C[C[C[C[C[C[C[C[C[C[C[C[C[C[C[C[C[C[C[C[C[C[C[C[C[C[C[CD >> ascending.dat; done[A[C[C[C[C[C[C[C[C[C[C[C[C[C[C[C[C[C[C[C[C[C[C[C[C[C[C[C[C[C[C[C[C[C[C[C[C[C[C[C[C[C[C[C[C[C[C[C[C[C[C[C[C[C[C[C[C[C[C[C[C[C[C[C[C[C[C[C[C[C[CO >> ascending.da[1@t[A[C[C[C[C[C[C[C[C[C[C[C[C[C[C[C[C[C[C[C[C[C[C[C[C[C[C[C[C[C[C[C[C[C[C[C[C[C[C[C[C[C[C[C[C[C[C[C[C[C[C[C[C[C[C[C[C[C[C[C[C[C[C[C[C[C[C[C[C[C[C[C[C[C[C[C[CM >> ascending.d[1@a[A[C[C[C[C[C[C[C[C[C[C[C[C[C[C[C[C[C[C[C[C[C[C[C[C[C[C[C[C[C[C[C[C[C[C[C[C[C[C[C[C[C[C[C[C[C[C[C[C[C[C[C[C[C[C[C[C[C[C[C[C[C[C[C[C[C[C[C[C[C[C[C[C[C[C[C[C[C[C[C[C[C[C[C[C[C[C[C[C[C[C.da[1P[A[C[C[C[C[C[C[C[C[C[C[C[C[C[C[C[C[C[C[C[C[C[C[C[C[C[C[C[C[C[C[C[C[C[C[C[C[C[C[C[C[C[C[C[C[C[C[C[C