Script started on 2020-04-16 17:25:40-04:00 [TERM="xterm" TTY="/dev/pts/1" COLUMNS="93" LINES="24"]
rgeary1@remote04:~/i240a/submit/lab10$ cd 2[Kexercises/2-tdd/
rgeary1@remote04:~/i240a/submit/lab10/exercises/2-tdd$ ls
digit-sum.cc  digit-sum.o  main.cc  test-main	  test-main.o
digit-sum.hh  main	   main.o   test-main.cc
rgeary1@remote04:~/i240a/submit/lab10/exercises/2-tdd$ vim digit-sum.cc
[?1000h[?2004h[?1049h[22;0;0t[?1h=[?2004h[1;24r[?12h[?12l[22;2t[22;1t[27m[23m[29m[m[H[2J[?25l[24;1H"digit-sum.cc" 33L, 426C[2;1Hâ–½[6n[2;1H  [1;1H[>c]10;?]11;?[1;17H[32mint[m c = *p;[2;17H[33mif[m(isdigit(c)){[3;25H[33mif[m(wantDigit){[4;33Hacc += c -[31m'0'[m;[5;33HwantDigit = [31mfalse[m;[6;25H}[7;25H[33melse[m{[8;33H[33mbreak[m;[9;25H}[10;17H}[11;17H[33melse[m [33mif[m(c == [31m'+'[m){[12;25H[33mif[m(wantDigit) [33mbreak[m;[13;25HwantDigit = [31mtrue[m;[14;17H}[15;17H[33melse[m [33mif[m(isspace(c)){[16;25H[33mcontinue[m;[17;17H}[18;17H[33melse[m{[19;25H[33mbreak[m;[20;17H}[21;9H}[22;9H[33mreturn[m acc;
}[24;76H33,1[10CBot[23;1H[?25h[?1000l[?1002h[?25l[1;23r[1;1H[3L[1;24r[1;9H[32mint[m acc = [31m0[m;[2;9H[32mbool[m wantDigit = [31mtrue[m;[3;9H[33mfor[m([32mconst[m [32mchar[m* p = str; *p; ++p){[24;1H[K[24;76H25,1-8[8C70%[18;8H[?25h[?25l[1;23r[1;1H[3L[1;24r[1;1H[32mint[m
digitSum([32mconst[m [32mchar[m* str)
{[24;76H[K[24;76H22,1-8[8C40%[18;8H[?25h[?25l[1;23r[1;1H[3L[1;24r[2;1H[35m#include [m[31m"digit-sum.hh"[m[24;76H[K[24;76H19,1-8[8C10%[18;8H[?25h[?25l[1;23r[1;1H[L[1;24r[1;1H[35m#include [m[31m<cctype>[m[24;76H[K[24;76H18,1-8[8CTop[18;8H[?25h[?25l[1;23r[1;1H[3M[1;24r[21;17H}[22;17H[33melse[m [33mif[m(isspace(c)){[23;25H[33mcontinue[m;[24;76H[K[24;76H18,1-8[8C30%[15;8H[?25h[?25l[24;66H^[[15;8H[24;66H  [15;8H[24;66H^[[15;8H[24;66H  [15;8H[?25h[?25l[24;66H:[15;8H[24;66H[K[24;1H:[?2004h[?25hw[?25l[?25hq[?25l[?25h[?25l[?1002l[?2004l"digit-sum.cc" 33L, 426C written[23;2t[23;1t[22;2t[22;1t[23;2t[23;1t
[?2004l[?1l>[?25h[?1049l[23;0;0trgeary1@remote04:~/i240a/submit/lab10/exercises/2-tdd$ make[K[K[K[K./test-main 

~~~~~~~~~~~~~~~~~~~~~~~~~~~~~~~~~~~~~~~~~~~~~~~~~~~~~~~~~~~~~~~~~~~~~~~~~~~~~~~
[0;37mtest-main is a Catch v2.11.3 host application.
Run with -? for options

[0m-------------------------------------------------------------------------------
[0mdigit sums computed
[0m-------------------------------------------------------------------------------
[0;37mtest-main.cc:7
...............................................................................

[0m[0;37mtest-main.cc:15: [0m[1;31mFAILED:
[0m[0;36m  REQUIRE( digitSum("10 + 4") == 14 )
[0mwith expansion:
[1;33m  1 == 14
[0m
[1;31m===============================================================================[0m[1;33m[0m[0;32m[0m
test cases: 1[0;37m | [0m[1;31m1 failed[0m
assertions: 8[0;37m | [0m[0;32m7 passed[0m[0;37m | [0m[1;31m1 failed[0m

rgeary1@remote04:~/i240a/submit/lab10/exercises/2-tdd$ ./test-main vim digit-sum.ccls[Kvim digit-sum.cc
[?1000h[?2004h[?1049h[22;0;0t[?1h=[?2004h[1;24r[?12h[?12l[22;2t[22;1t[27m[23m[29m[m[H[2J[?25l[24;1H"digit-sum.cc" 33L, 426C[2;1Hâ–½[6n[2;1H  [1;1H[>c]10;?]11;?[1;1H[35m#include [m[31m<cctype>[m

[35m#include [m[31m"digit-sum.hh"[m

[32mint[m
digitSum([32mconst[m [32mchar[m* str)
{[8;9H[32mint[m acc = [31m0[m;[9;9H[32mbool[m wantDigit = [31mtrue[m;[10;9H[33mfor[m([32mconst[m [32mchar[m* p = str; *p; ++p){[11;17H[32mint[m c = *p;[12;17H[33mif[m(isdigit(c)){[13;25H[33mif[m(wantDigit){[14;33Hacc += c -[31m'0'[m;[15;33HwantDigit = [31mfalse[m;[16;25H}[17;25H[33melse[m{[18;33H[33mbreak[m;[19;25H}[20;17H}[21;17H[33melse[m [33mif[m(c == [31m'+'[m){[22;25H[33mif[m(wantDigit) [33mbreak[m;[23;25HwantDigit = [31mtrue[m;[24;76H18,1-8[8CTop[18;8H[?25h[?1000l[?1002h[?25l[1;23r[1;1H[3M[1;24r[21;17H}[22;17H[33melse[m [33mif[m(isspace(c)){[23;25H[33mcontinue[m;[24;1H[K[24;76H18,1-8[8C30%[15;8H[?25h[?25l[1;23r[1;1H[3M[1;24r[21;17H}[22;17H[33melse[m{[23;25H[33mbreak[m;[24;76H[K[24;76H18,1-8[8C60%[12;8H[?25h[?25l[24;77H5,22-50[9;50H[?25h[?25l[24;66Hi[9;50H[24;66H [9;50H[24;1H[1m-- INSERT --[m[24;76H[K[24;76H15,22-50      60%[9;50H[?25h[?25l[24;80H3-51[9;51H[?25h[?25l[9;50H[K[24;80H2-50[9;50H[?25h[?25lfals[9;49H[K[24;80H1-49[9;49H[?25h[?25l[9;48H[K[24;80H0-48[9;48H[?25h[?25l[9;47H[K[24;79H19-47[9;47H[?25h[?25l[9;46H[K[24;80H8-46[9;46H[?25h[?25l[9;45H[K[24;80H7-45[9;45H[?25h[?25l[24;80H6-44[9;44H[?25h[?25l[9;43H[K[24;80H5-43[9;43H[?25h[?25l[24;80H4-42[9;42H[?25h[?25l[9;41H[K[24;80H3-41[9;41H[?25h[?25l[9;40H[K[24;80H2-40[9;40H[?25h[?25l[9;39H[K[24;80H1-39[9;39H[?25h[?25l[9;38H[K[24;80H0-38[9;38H[?25h[?25l[9;37H[K[24;79H9-37 [9;37H[?25h[?25l[9;36H[K[24;79H8-36[9;36H[?25h[?25l[9;35H[K[24;79H7-35[9;35H[?25h[?25l[9;34H[K[24;79H6-34[9;34H[?25h[?25l[9;33H[K[24;79H5-33[9;33H[?25h[?25l[24;79H4-25[9;25H[?25h[?25l[24;79H3-17[9;17H[?25h[?25l[24;79H2-9 [9;9H[?25h[?25l[24;79H1  [9;1H[?25h[?25l[8;23r[23;1H
[1;24r[8;33Hacc += c -[31m'0'[m;[23;17H}[24;76H[K[24;76H14,19-47      66%[8;47H[?25h[?25l[18;36H[46m{[20;17H}[m[24;76H24,23-3[18;37H[?25h[?25l[1;23r[23;1H
[1;24r[18;23r[18;1H[L[1;24r[19;17H[46m        [m[20;17H}[24;76H[K[24;76H25,4-25[7C70%[17;36H{[19;17H        [18;25H[?25h[?25lw[24;79H5-26[18;26H[?25h[?25la[24;79H6-27[18;27H[?25h[?25ln[24;79H7-28[18;28H[?25h[?25lt[24;79H8-29[18;29H[?25h[?25lD[24;79H9-30[18;30H[?25h[?25li[24;79H10-31[18;31H[?25h[?25lg[24;80H1-32[18;32H[?25h[?25li[24;80H2-33[18;33H[?25h[?25lt[24;80H3-34[18;34H[?25h[?25l[24;80H4-35[18;35H[?25h[?25l=[24;80H5-36[18;36H[?25h[?25l[24;80H6-37[18;37H[?25h[?25lf[24;80H7-38[18;38H[?25h[?25la[24;80H8-39[18;39H[?25h[?25ll[24;80H9-40[18;40H[?25h[?25ls[24;79H20-41[18;41H[?25h[?25l[31mfalse[m[24;80H1-42[18;42H[?25h[?25l;[24;80H2-43[18;43H[?25h[24;1H[K[18;42H[?25l[24;66H^[[18;42H[24;66H  [18;43H[24;76H25,21-42      70%[18;42H[?25h[?25l[24;66H:[18;42H[24;66H[K[24;1H:[?2004h[?25hw[?25l[?25hq[?25l[?25h[?25l[?1002l[?2004l"digit-sum.cc" 33L, 425C written[23;2t[23;1t[22;2t[22;1t[23;2t[23;1t
[?2004l[?1l>[?25h[?1049l[23;0;0trgeary1@remote04:~/i240a/submit/lab10/exercises/2-tdd$ vim digit-sum.cc[4P./test-main vim digit-sum.cc[4P./test-main vim digit-sum.cc[Kmake -f ../Makefile 
g++ -I /home/rgeary1/cs240/include -MT digit-sum.o -MMD -MP -MF .deps/digit-sum.d -g -Wall -std=c++17 -c digit-sum.cc
g++ main.o digit-sum.o -o main
g++ test-main.o digit-sum.o -o test-main
cat </dev/null >.gitignore
echo .deps >.gitignore
for t in main test-main digit-sum.o; do echo $t >>.gitignore; done
rgeary1@remote04:~/i240a/submit/lab10/exercises/2-tdd$ make -f ../Makefile [4Pvim digit-sum.cc[4P./test-main 

~~~~~~~~~~~~~~~~~~~~~~~~~~~~~~~~~~~~~~~~~~~~~~~~~~~~~~~~~~~~~~~~~~~~~~~~~~~~~~~
[0;37mtest-main is a Catch v2.11.3 host application.
Run with -? for options

[0m-------------------------------------------------------------------------------
[0mdigit sums computed
[0m-------------------------------------------------------------------------------
[0;37mtest-main.cc:7
...............................................................................

[0m[0;37mtest-main.cc:11: [0m[1;31mFAILED:
[0m[0;36m  REQUIRE( digitSum(" 5 ") == 5 )
[0mwith expansion:
[1;33m  0 == 5
[0m
[1;31m===============================================================================[0m[1;33m[0m[0;32m[0m
test cases: 1[0;37m | [0m[1;31m1 failed[0m
assertions: 4[0;37m | [0m[0;32m3 passed[0m[0;37m | [0m[1;31m1 failed[0m

rgeary1@remote04:~/i240a/submit/lab10/exercises/2-tdd$ ./test-main [8@make -f ../Makefile[C[4Pvim digit-sum.cc
[?1000h[?2004h[?1049h[22;0;0t[?1h=[?2004h[1;24r[?12h[?12l[22;2t[22;1t[27m[23m[29m[m[H[2J[?25l[24;1H"digit-sum.cc" 33L, 425C[2;1Hâ–½[6n[2;1H  [1;1H[>c]10;?]11;?[1;9H[32mint[m acc = [31m0[m;[2;9H[32mbool[m wantDigit = [31mtrue[m;[3;9H[33mfor[m([32mconst[m [32mchar[m* p = str; *p; ++p){[4;17H[32mint[m c = *p;[5;17H[33mif[m(isdigit(c)){[6;25H[33mif[m(wantDigit){[7;33Hacc += c -[31m'0'[m;[8;25H}[9;25H[33melse[m{[10;33H[33mbreak[m;[11;25H}[12;17H}[13;17H[33melse[m [33mif[m(c == [31m'+'[m){[14;25H[33mif[m(wantDigit) [33mbreak[m;[15;25HwantDigit = [31mtrue[m;[16;17H}[17;17H[33melse[m [33mif[m(isspace(c)){[18;25HwantDigit = [31mfalse[m;[19;25H[33mcontinue[m;[20;17H}[21;17H[33melse[m{[22;25H[33mbreak[m;[23;17H}[24;76H25,21-42      70%[18;42H[?25h[?1000l[?1002h[?25l[24;66Hi[18;42H[24;66H [18;42H[24;1H[1m-- INSERT --[m[24;13H[K[24;76H25,21-42      70%[18;42H[?25h[?25l[24;80H2-43[18;43H[?25h[?25l[18;42H[K[24;80H1-42[18;42H[?25h[?25lfals[18;41H[K[24;80H0-41[18;41H[?25h[?25l[18;40H[K[24;79H19-40[18;40H[?25h[?25l[18;39H[K[24;80H8-39[18;39H[?25h[?25l[18;38H[K[24;80H7-38[18;38H[?25h[?25l[18;37H[K[24;80H6-37[18;37H[?25h[?25l[24;80H5-36[18;36H[?25h[?25l[18;35H[K[24;80H4-35[18;35H[?25h[?25l[24;80H3-34[18;34H[?25h[?25l[18;33H[K[24;80H2-33[18;33H[?25h[?25l[18;32H[K[24;80H1-32[18;32H[?25h[?25l[18;31H[K[24;80H0-31[18;31H[?25h[?25l[18;30H[K[24;79H9-30 [18;30H[?25h[?25l[18;29H[K[24;79H8-29[18;29H[?25h[?25l[18;28H[K[24;79H7-28[18;28H[?25h[?25l[18;27H[K[24;79H6-27[18;27H[?25h[?25l[18;26H[K[24;79H5-26[18;26H[?25h[?25l[18;25H[K[24;79H4-25[18;25H[?25h[?25l[24;79H3-17[18;17H[?25h[?25l[24;79H2-9 [18;9H[?25h[?25l[24;79H1  [18;1H[?25h[?25l[17;23r[23;1H
[1;24r[17;17H[33melse[m [33mif[m(isspace(c)){[23;9H}[24;76H[K[24;76H24,23-37      77%[17;36H[46m{[19;17H}[17;37H[?25h[?25l[1;23r[m[1;1H[L[1;24r[1;1H{[24;76H[K[24;76H12,18-32      66%[6;31H[46m{[13;17H}[m[18;36H{[20;17H}[6;32H[?25h[?25l[1;23r[1;1H[4L[1;24r[1;1H[35m#include [m[31m"digit-sum.hh"[m

[32mint[m
digitSum([32mconst[m [32mchar[m* str)[24;76H[K[24;76H8,14-21[7C22%[10;31H{[17;17H}[6;21H[?25h[?25l[7;23r[7;1H[L[1;24r[24;76H[K[24;76H9,2-9[9C20%[7;9H[?25h[?25li[24;78H3-10[7;10H[?25h[?25ln[24;78H4-11[7;11H[?25h[?25l[32mint[m[24;78H5-12[7;12H[?25h[?25lints[24;78H6-13[7;13H[?25h[?25l[32mint[m[7;12H[K[24;78H5-12[7;12H[?25h[?25l[24;78H6-13[7;13H[?25h[?25ls[24;78H7-14[7;14H[?25h[?25lu[24;78H8-15[7;15H[?25h[?25lm[24;78H9-16[7;16H[?25h[?25l;[24;78H10-17[7;17H[?25h[?25l[1;23r[1;1H[3M[1;24r[21;25H[33mcontinue[m;[22;17H}[23;17H[33melse[m{[24;76H[K[24;76H11,10-17      50%[6;17H[?25h[?25l[1;23r[1;1H[3M[1;24r[21;25H[33mbreak[m;[22;17H}[23;9H}[24;76H[K[24;76H14,3-17[7C80%[6;17H[?25h[?25l[1;23r[1;1H[3M[1;24r[21;9H[33mreturn[m acc;
}
[1m[34m~                                                                                            [m[24;76H[K[24;76H17,3-17[7CBot[6;17H[?25h[?25l[1;23r[1;1H[3L[1;24r[1;9H[32mint[m sum;[2;9H[32mbool[m wantDigit = [31mtrue[m;[3;9H[33mfor[m([32mconst[m [32mchar[m* p = str; *p; ++p){[24;76H[K[24;76H17,3-17[7C80%[9;17H[?25h[?25l[1;23r[1;1H[3L[1;24r[1;1HdigitSum([32mconst[m [32mchar[m* str)
{[3;9H[32mint[m acc = [31m0[m;[24;76H[K[24;76H17,3-17[7C50%[12;17H[?25h[?25l[1;23r[1;1H[2L[1;24r[2;1H[32mint[m[24;76H[K[24;76H9,9-16[8C30%[6;16H[?25h[?25l ;[24;78H10-17[6;17H[?25h[?25l=;[24;79H1-18[6;18H[?25h[?25l ;[24;79H2-19[6;19H[?25h[?25l[31m0[m;[24;79H3-20[6;20H[?25h[?25l[1;23r[1;1H[3M[1;24r[21;17H}[22;17H[33melse[m{[23;25H[33mbreak[m;[24;76H[K[24;76H12,6-20[7C60%[6;20H[?25h[?25l[1;23r[1;1H[3M[1;24r[21;17H}[22;9H}[23;9H[33mreturn[m acc;[24;76H[K[24;76H15,3-17[7C90%[6;17H[?25h[?25l[24;79H19-47[6;47H[?25h[?25l[1;23r[1;1H[3L[1;24r[1;1H{[2;9H[32mint[m acc = [31m0[m;[3;9H[32mint[m sum = [31m0[m;[24;76H[K[24;76H15,19-47      60%[9;47H[?25h[?25l[1;23r[1;1H[3L[1;24r[2;1H[32mint[m
digitSum([32mconst[m [32mchar[m* str)[24;76H[K[24;76H15,19-47      30%[12;47H[?25h[?25l[24;79H8-36 [12;36H[?25h[?25l* += c -[31m'0'[m;[24;79H9-37[12;37H[?25h[?25l[31m1[m += c -[31m'0'[m;[24;79H10-38[12;38H[?25h[?25l[31m0[m += c -[31m'0'[m;[24;80H1-39[12;39H[?25h[?25l += c -[31m'0'[m;[12;49H[K[24;80H0-38[12;38H[?25h[?25l += c -[31m'0'[m;[12;48H[K[24;79H9-37 [12;37H[?25h[?25l += c -[31m'0'[m;[12;47H[K[24;79H8-36[12;36H[?25h[?25l[24;79H9-37[12;37H[?25h[?25l[11;38H[46m{[13;25H}[m[24;77H6,5-26[13;26H[?25h[?25l[11;38H{[13;25H}[14;29H[46m{[16;25H}[m[24;77H7,9-30[14;30H[?25h[?25l[15;23r[15;1H[L[1;24r[16;25H[46m        [m[17;25H}[24;76H[K[24;76H18,5-33[7C27%[14;29H{[16;25H        [15;33H[?25h[?25l[1;23r[1;1H[3M[1;24r[21;25H[33mcontinue[m;[22;17H}[23;17H[33melse[m{[24;76H[K[24;76H18,5-33[7C54%[12;33H[?25h[?25l[1;23r[1;1H[3M[1;24r[21;25H[33mbreak[m;[22;17H}[23;9H}[24;76H[K[24;76H18,5-33[7C81%[9;33H[?25h[?25l[1;23r[1;1H[3M[1;24r[21;9H[33mreturn[m acc;
}
[1m[34m~                                                                                            [m[24;76H[K[24;76H18,5-33[7CBot[6;33H[?25h[?25l[1;23r[1;1H[L[1;24r[1;17H[32mint[m c = *p;[24;76H[K[24;76H17,9-30[7CBot[6;29H[46m{[9;25H}[6;30H[?25h[?25l[1;23r[m[1;1H[3L[1;24r[1;9H[32mint[m sum = [31m0[m;[2;9H[32mbool[m wantDigit = [31mtrue[m;[3;9H[33mfor[m([32mconst[m [32mchar[m* p = str; *p; ++p){[24;76H[K[24;76H14,18-39      72%[6;38H[46m{[8;25H}[m[9;29H{[12;25H}[6;39H[?25h[?25l{[8;25H}[24;77H5,19-47[7;47H[?25h[?25l[6;38H[46m{[8;25H}[m[24;77H6,5-26 [8;26H[?25h[?25l[6;38H{[8;25H}[9;29H[46m{[12;25H}[m[24;77H7,9-30[9;30H[?25h[?25l{[12;25H}[24;77H8,1   [10;1H[?25h[?25l[1;23r[1;1H[5L[1;24r[2;1H[32mint[m
digitSum([32mconst[m [32mchar[m* str)
{[5;9H[32mint[m acc = [31m0[m;[24;76H[K[24;76H9,14-21[7C27%[6;21H[?25h[?25l[6;20H[K[24;79H3-20[6;20H[?25h[?25l[6;19H[K[24;79H2-19[6;19H[?25h[?25l[24;79H1-18[6;18H[?25h[?25l[6;17H[K[24;79H0-17[6;17H[?25h[?25l[24;78H9-16 [6;16H[?25h[?25l[6;15H[K[24;78H8-15[6;15H[?25h[?25l[6;14H[K[24;78H7-14[6;14H[?25h[?25l[6;13H[K[24;78H6-13[6;13H[?25h[?25l[24;78H5-12[6;12H[?25h[?25lin[6;11H[K[24;78H4-11[6;11H[?25h[?25l[6;10H[K[24;78H3-10[6;10H[?25h[?25l[6;9H[K[24;78H2-9 [6;9H[?25h[?25l[24;78H1  [6;1H[?25h[?25l[1;23r[1;1H[L[1;24r[1;1H[35m#include [m[31m"digit-sum.hh"[6;23r[m[23;1H
[1;24r[6;9H[32mint[m acc = [31m0[m;[23;17H[33melse[m [33mif[m(isspace(c)){[24;76H[K[24;76H8,14-21[7C20%[6;21H[?25h[?25l[24;76H9[7;21H[?25h[?25l[24;76H10,14-21[8;21H[?25h[?25l[24;77H1,7-21 [9;21H[?25h[?25l[24;77H2[10;21H[?25h[?25l[24;77H3,3-17[11;17H[?25h[?25l[24;77H4[12;17H[?25h[?25l[24;77H5[13;17H[?25h[?25l[24;77H6[14;17H[?25h[?25l[24;77H7,1   [15;1H[?25h[?25l[24;77H8,3-17[16;17H[?25h[?25l[24;77H7,1   [15;1H[?25h[?25l[14;23r[23;1H
[1;24r[14;25H[33melse[m{[23;25H[33mcontinue[m;[24;76H[K[24;76H16,9-30[7C22%[14;29H[46m{[16;25H}[14;30H[?25h[?25l[m{[16;25H}[24;77H4,19-47[12;47H[?25h[?25l[13;23r[13;1H[L[1;24r[24;76H[K[24;76H15,5-33[7C20%[13;33H[?25h[?25lw[24;79H6-34[13;34H[?25h[?25la[24;79H7-35[13;35H[?25h[?25ln[24;79H8-36[13;36H[?25h[?25lt[24;79H9-37[13;37H[?25h[?25lD[24;79H10-38[13;38H[?25h[?25li[24;80H1-39[13;39H[?25h[?25lg[24;80H2-40[13;40H[?25h[?25li[24;80H3-41[13;41H[?25h[?2