Script started on 2020-04-16 14:53:01-04:00 [TERM="xterm" TTY="/dev/pts/0" COLUMNS="93" LINES="51"]
rgeary1@remote05:~/i240a/submit/lab10$ cd exercises/1-fact/
rgeary1@remote05:~/i240a/submit/lab10/exercises/1-fact$  [Kmake -f ../Makefile main
g++ -I /home/rgeary1/cs240/include -MT main.o -MMD -MP -MF .deps/main.d -g -Wall -std=c++17 -c main.cc
g++ -I /home/rgeary1/cs240/include -MT fact.o -MMD -MP -MF .deps/fact.d -g -Wall -std=c++17 -c fact.cc
g++ main.o fact.o -o main
rgeary1@remote05:~/i240a/submit/lab10/exercises/1-fact$ ./main 2 3 5 10
2
6
120
3628800
rgeary1@remote05:~/i240a/submit/lab10/exercises/1-fact$ make -f ../MakeFile test[1P[1@t[1P[1@f[C[C[C[C[C[C[C-t[1Pt[C-main
g++ -I /home/rgeary1/cs240/include -MT test-main.o -MMD -MP -MF .deps/test-main.d -g -Wall -std=c++17 -c test-main.cc

g++ test-main.o fact.o -o test-main
rgeary1@remote05:~/i240a/submit/lab10/exercises/1-fact$ 
rgeary1@remote05:~/i240a/submit/lab10/exercises/1-fact$ ./test-main
[1;31m[0m[1;33m[0m[1;32m===============================================================================[0m
[1;32mAll tests passed[0m (4 assertions in 1 test case)

rgeary1@remote05:~/i240a/submit/lab10/exercises/1-fact$ ls
fact.cc  fact.hh  fact.o  main	main.cc  main.o  test-main  test-main.cc  test-main.o
rgeary1@remote05:~/i240a/submit/lab10/exercises/1-fact$ ./main 0
0
rgeary1@remote05:~/i240a/submit/lab10/exercises/1-fact$ vom [K[K[Kin [K[Km test-main.cc
[?1000h[?2004h[?1049h[22;0;0t[?1h=[?2004h[1;51r[?12h[?12l[22;2t[22;1t[27m[23m[29m[m[H[2J[?25l[51;1H"test-main.cc" 13L, 315C[2;1Hâ–½[6n[2;1H  [1;1H[>c]10;?]11;?[1;1H[34m//This tells Catch to provide a main() - only do this in one cpp file[m
[35m#define CATCH_CONFIG_MAIN 
#include [m[31m"catch.hh"[m

[35m#include [m[31m"fact.hh"[m

TEST_CASE( [31m"Factorials are computed"[m, [31m"[fact]"[m ) {
    REQUIRE( fact([31m1[m) == [31m1[m );
    REQUIRE( fact([31m2[m) == [31m2[m );
    REQUIRE( fact([31m3[m) == [31m6[m );
    REQUIRE( fact([31m10[m) == [31m3628800[m );
}

[1m[34m~                                                                                            [15;1H~                                                                                            [16;1H~                                                                                            [17;1H~                                                                                            [18;1H~                                                                                            [19;1H~                                                                                            [20;1H~                                                                                            [21;1H~                                                                                            [22;1H~                                                                                            [23;1H~                                                                                            [24;1H~                                                                                            [25;1H~                                                                                            [26;1H~                                                                                            [27;1H~                                                                                            [28;1H~                                                                                            [29;1H~                                                                                            [30;1H~                                                                                            [31;1H~                                                                                            [32;1H~                                                                                            [33;1H~                                                                                            [34;1H~                                                                                            [35;1H~                                                                                            [36;1H~                                                                                            [37;1H~                                                                                            [38;1H~                                                                                            [39;1H~                                                                                            [40;1H~                                                                                            [41;1H~                                                                                            [42;1H~                                                                                            [43;1H~                                                                                            [44;1H~                                                                                            [45;1H~                                                                                            [46;1H~                                                                                            [47;1H~                                                                                            [48;1H~                                                                                            [49;1H~                                                                                            [50;1H~                                                                                            [m[51;76H1,1[11CAll[1;1H[?25h[?1000l[?1002h[?25l[51;76H8,28[8;28H[?25h[?25l[51;66H~@k[8;28H[51;66H   [8;27H[8;12H[46m([14C)[m[51;79H7[8;27H[?25h[?25l[51;66H~@k[8;27H[51;66H   [8;26H[8;12H([14C)[51;79H6[8;26H[?25h[?25l[51;66H~@k[8;26H[51;66H   [8;25H[51;79H5[8;25H[?25h[?25l[51;66H~@k[8;25H[51;66H   [8;24H[51;79H4[8;24H[?25h[?25l[51;66H~@k[8;24H[51;66H   [8;23H[51;79H3[8;23H[?25h[?25l[51;66H~@k[8;23H[51;66H   [8;22H[51;79H2[8;22H[?25h[?25l[51;66H~@k[8;22H[51;66H   [8;21H[51;79H1[8;21H[?25h[?25l[51;66H~@k[8;21H[51;66H   [8;20H[46m([1C)[m[51;79H0[8;20H[?25h[?25l[51;66H~@k[8;20H[51;66H   [8;19H([1C)[51;78H19[8;19H[?25h[?25l[51;66H~@k[8;19H[51;66H   [8;18H[46m([1C)[m[51;79H8[8;18H[?25h[?25l[51;66H~@k[8;18H[51;66H   [8;17Ht([1C)[51;79H7[8;17H[?25h[?25l[51;66H~@k[8;17H[51;66H   [8;16H[51;79H6[8;16H[?25h[?25l[51;66H~@k[8;16H[51;66H   [8;15H[51;79H5[8;15H[?25h[?25l[51;66H~@k[8;15H[51;66H   [8;14H[51;79H4[8;14H[?25h[?25l[51;66H~@k[8;14H[51;66H   [8;13H[51;79H3[8;13H[?25h[?25l[51;66H~@k[8;13H[51;66H   [8;12H[46m([14C)[m[51;79H2[8;12H[?25h[?25l[51;66H~@k[8;12H[51;66H   [8;11HE([14C)[51;79H1[8;11H[?25h[?25l[51;66H~@k[8;11H[51;66H   [8;10H[51;79H0[8;10H[?25h[?25l[51;66H~@k[8;10H[51;66H   [8;9H[51;78H9 [8;9H[?25h[?25l[51;66H~@k[8;9H[51;66H   [8;8H[51;78H8[8;8H[?25h[?25l[51;66H~@k[8;8H[51;66H   [8;7H[51;78H7[8;7H[?25h[?25l[51;66H~@k[8;7H[51;66H   [8;6H[51;78H6[8;6H[?25h[?25l[51;66H~@k[8;6H[51;66H   [8;5H[51;78H5[8;5H[?25h[?25l[51;66Hi[8;5H[51;66H [8;5H[51;1H[1m-- INSERT --[m[51;13H[K[51;76H8,5[11CAll[8;5H[?25h[?25l[9;50r[9;1H[L[1;51r[8;5H[K[9;9HREQUIRE( fact([31m1[m) == [31m1[m );[51;76H[K[51;76H9,2-9[9CAll[9;9H[?25h[?25lREQUIRE( fact([31m1[m) == [31m1[m );[9;26H[K[51;78H1  [9;1H[?25h[?25l        REQUIRE( fact([31m1[m) == [31m1[m );[51;78H2-9[9;9H[?25h[?25lREQUIRE( fact([31m1[m) == [31m1[m );[9;26H[K[51;78H1  [9;1H[?25h[?25l REQUIRE( fact([31m1[m) == [31m1[m );[51;78H2[9;2H[?25h[?25l REQUIRE( fact([31m1[m) == [31m1[m );[51;78H3[9;3H[?25h[?25l REQUIRE( fact([31m1[m) == [31m1[m );[51;78H4[9;4H[?25h[?25l REQUIRE( fact([31m1[m) == [31m1[m );[51;78H5[9;5H[?25h[?25l[51;76H8[8;5H[?25h[?25lR[51;78H6[8;6H[?25h[?25lE[51;78H7[8;7H[?25h[?25lQ[51;78H8[8;8H[?25h[?25lU[51;78H9[8;9H[?25h[?25lI[51;78H10[8;10H[?25h[?25lR[51;79H1[8;11H[?25h[?25lE[51;79H2[8;12H[?25h[?25l([51;79H3[8;13H[?25h[?25l[51;79H4[8;14H[?25h[?25lf[51;79H5[8;15H[?25h[?25la[51;79H6[8;16H[?25h[?25lc[51;79H7[8;17H[?25h[?25lt[51;79H8[8;18H[?25h[?25l([51;79H9[8;19H[?25h[?25l[31m0[m[51;78H20[8;20H[?25h[?25l)[46m([1C)[m[51;79H1[8;21H[?25h[?25l([1C)[51;79H2[8;22H[?25h[?25l=[51;79H3[8;23H[?25h[?25l=[51;79H4[8;24H[?25h[?25l[51;79H5[8;25H[?25h[?25l[31m0[m[51;79H6[8;26H[?25h[?25l)[8;12H[46m([13C)[m[51;79H7[8;27H[?25h[?25l[8;26H[K[8;12H([51;79H6[8;26H[?25h[?25l[8;25H[K[51;79H5[8;25H[?25h[?25l[31m1[m[51;79H6[8;26H[?25h[?25l[51;79H7[8;27H[?25h[?25l)[8;12H[46m([14C)[m[51;79H8[8;28H[?25h[?25l;[8;12H([14C)[51;79H9[8;29H[?25h[51;1H[K[8;28H[?25l[51;66H^[[8;28H[51;66H  [8;29H[51;76H8,28[10CAll[8;28H[?25h[?25l[51;66H:[8;28H[51;66H[K[51;1H:[?2004h[?25hw[?25l[?25hq[?25l[?25h[?25l[?1002l[?2004l"test-main.cc" 14L, 344C written[23;2t[23;1t[22;2t[22;1t[23;2t[23;1t
[?2004l[?1l>[?25h[?1049l[23;0;0trgeary1@remote05:~/i240a/submit/lab10/exercises/1-fact$ vim test-main.cc[8P./main 0ls[K./test-mainmake -f ../Makefile test-main
g++ -I /home/rgeary1/cs240/include -MT test-main.o -MMD -MP -MF .deps/test-main.d -g -Wall -std=c++17 -c test-main.cc
g++ test-main.o fact.o -o test-main
rgeary1@remote05:~/i240a/submit/lab10/exercises/1-fact$ ./test-main 

~~~~~~~~~~~~~~~~~~~~~~~~~~~~~~~~~~~~~~~~~~~~~~~~~~~~~~~~~~~~~~~~~~~~~~~~~~~~~~~
[0;37mtest-main is a Catch v2.11.3 host application.
Run with -? for options

[0m-------------------------------------------------------------------------------
[0mFactorials are computed
[0m-------------------------------------------------------------------------------
[0;37mtest-main.cc:7
...............................................................................

[0m[0;37mtest-main.cc:8: [0m[1;31mFAILED:
[0m[0;36m  REQUIRE( fact(0) == 1 )
[0mwith expansion:
[1;33m  0 == 1
[0m
[1;31m===============================================================================[0m[1;33m[0m[0;32m[0m
test cases: 1[0;37m | [0m[1;31m1 failed[0m
assertions: 1[0;37m | [0m[1;31m1 failed[0m

rgeary1@remote05:~/i240a/submit/lab10/exercises/1-fact$ vim fact.cc
[?1000h[?2004h[?1049h[22;0;0t[?1h=[?2004h[1;51r[?12h[?12l[22;2t[22;1t[27m[23m[29m[m[H[2J[?25l[51;1H"fact.cc" 5L, 91C[2;1Hâ–½[6n[2;1H  [1;1H[>c]10;?]11;?[1;1H[35m#include [m[31m"fact.hh"[m

[32munsigned[m fact([32munsigned[m n) {
  [33mreturn[m (n <= [31m1[m) ? n : n * fact(n - [31m1[m);
}
[1m[34m~                                                                                            [7;1H~                                                                                            [8;1H~                                                                                            [9;1H~                                                                                            [10;1H~                                                                                            [11;1H~                                                                                            [12;1H~                                                                                            [13;1H~                                                                                            [14;1H~                                                                                            [15;1H~                                                                                            [16;1H~                                                                                            [17;1H~                                                                                            [18;1H~                                                                                            [19;1H~                                                                                            [20;1H~                                                                                            [21;1H~                                                                                            [22;1H~                                                                                            [23;1H~                                                                                            [24;1H~                                                                                            [25;1H~                                                                                            [26;1H~                                                                                            [27;1H~                                                                                            [28;1H~                                                                                            [29;1H~                                                                                            [30;1H~                                                                                            [31;1H~                                                                                            [32;1H~                                                                                            [33;1H~                                                                                            [34;1H~                                                                                            [35;1H~                                                                                            [36;1H~                                                                                            [37;1H~                                                                                            [38;1H~                                                                                            [39;1H~                                                                                            [40;1H~                                                                                            [41;1H~                                                                                            [42;1H~                                                                                            [43;1H~                                                                                            [44;1H~                                                                                            [45;1H~                                                                                            [46;1H~                                                                                            [47;1H~                                                                                            [48;1H~                                                                                            [49;1H~                                                                                            [50;1H~                                                                                            [m[51;76H1,1[11CAll[1;1H[?25h[?1000l[?1002h[?25l[51;76H4,22[4;22H[?25h[?25l[51;66Hi[4;22H[51;66H [4;22H[51;1H[1m-- INSERT --[m[51;13H[K[51;76H4,22[10CAll[4;22H[?25h[?25l : n * fact(n - [31m1[m);[4;40H[K[51;79H1[4;21H[?25h[?25l[31m1[m : n * fact(n - [31m1[m);[51;79H2[4;22H[?25h[51;1H[K[4;21H[?25l[51;66H^[[4;21H[51;66H  [4;22H[51;76H4,21[10CAll[4;21H[?25h[?25l[51;66H:[4;21H[51;66H[K[51;1H:[?2004h[?25hw[?25l[?25hq[?25l[?25h[?25l[?1002l[?2004l"fact.cc" 5L, 91C written[23;2t[23;1t[22;2t[22;1t[23;2t[23;1t
[?2004l[?1l>[?25h[?1049l[23;0;0trgeary1@remote05:~/i240a/submit/lab10/exercises/1-fact$ vim fact.cc./test-main make -f ../Makefile test-main